Archive member included to satisfy reference by file (symbol)

/usr/lib/gcc/arm-none-eabi/9.2.1/thumb/v6-m/nofp/libgcc.a(_dvmd_tls.o)
                              CMakeFiles/basic_sweep.dir/home/aquila/pico/pico-sdk/src/rp2_common/pico_divider/divider.S.obj (__aeabi_idiv0)
/usr/lib/gcc/arm-none-eabi/9.2.1/../../../arm-none-eabi/lib/thumb/v6-m/nofp/libg.a(lib_a-atexit.o)
                              /usr/lib/gcc/arm-none-eabi/9.2.1/../../../arm-none-eabi/lib/thumb/v6-m/nofp/crt0.o (atexit)
/usr/lib/gcc/arm-none-eabi/9.2.1/../../../arm-none-eabi/lib/thumb/v6-m/nofp/libg.a(lib_a-calloc.o)
                              CMakeFiles/basic_sweep.dir/home/aquila/pico/pico-sdk/src/rp2_common/pico_malloc/pico_malloc.c.obj (calloc)
/usr/lib/gcc/arm-none-eabi/9.2.1/../../../arm-none-eabi/lib/thumb/v6-m/nofp/libg.a(lib_a-callocr.o)
                              /usr/lib/gcc/arm-none-eabi/9.2.1/../../../arm-none-eabi/lib/thumb/v6-m/nofp/libg.a(lib_a-calloc.o) (_calloc_r)
/usr/lib/gcc/arm-none-eabi/9.2.1/../../../arm-none-eabi/lib/thumb/v6-m/nofp/libg.a(lib_a-fini.o)
                              /usr/lib/gcc/arm-none-eabi/9.2.1/../../../arm-none-eabi/lib/thumb/v6-m/nofp/crt0.o (__libc_fini_array)
/usr/lib/gcc/arm-none-eabi/9.2.1/../../../arm-none-eabi/lib/thumb/v6-m/nofp/libg.a(lib_a-impure.o)
                              /usr/lib/gcc/arm-none-eabi/9.2.1/../../../arm-none-eabi/lib/thumb/v6-m/nofp/libg.a(lib_a-calloc.o) (_impure_ptr)
/usr/lib/gcc/arm-none-eabi/9.2.1/../../../arm-none-eabi/lib/thumb/v6-m/nofp/libg.a(lib_a-init.o)
                              /usr/lib/gcc/arm-none-eabi/9.2.1/../../../arm-none-eabi/lib/thumb/v6-m/nofp/crt0.o (__libc_init_array)
/usr/lib/gcc/arm-none-eabi/9.2.1/../../../arm-none-eabi/lib/thumb/v6-m/nofp/libg.a(lib_a-malloc.o)
                              CMakeFiles/basic_sweep.dir/home/aquila/pico/pico-sdk/src/rp2_common/pico_malloc/pico_malloc.c.obj (malloc)
/usr/lib/gcc/arm-none-eabi/9.2.1/../../../arm-none-eabi/lib/thumb/v6-m/nofp/libg.a(lib_a-mallocr.o)
                              /usr/lib/gcc/arm-none-eabi/9.2.1/../../../arm-none-eabi/lib/thumb/v6-m/nofp/libg.a(lib_a-callocr.o) (_malloc_r)
/usr/lib/gcc/arm-none-eabi/9.2.1/../../../arm-none-eabi/lib/thumb/v6-m/nofp/libg.a(lib_a-mlock.o)
                              /usr/lib/gcc/arm-none-eabi/9.2.1/../../../arm-none-eabi/lib/thumb/v6-m/nofp/libg.a(lib_a-mallocr.o) (__malloc_lock)
/usr/lib/gcc/arm-none-eabi/9.2.1/../../../arm-none-eabi/lib/thumb/v6-m/nofp/libg.a(lib_a-sbrkr.o)
                              /usr/lib/gcc/arm-none-eabi/9.2.1/../../../arm-none-eabi/lib/thumb/v6-m/nofp/libg.a(lib_a-mallocr.o) (_sbrk_r)
/usr/lib/gcc/arm-none-eabi/9.2.1/../../../arm-none-eabi/lib/thumb/v6-m/nofp/libg.a(lib_a-strlen-stub.o)
                              CMakeFiles/basic_sweep.dir/home/aquila/pico/pico-sdk/src/rp2_common/pico_stdio/stdio.c.obj (strlen)
/usr/lib/gcc/arm-none-eabi/9.2.1/../../../arm-none-eabi/lib/thumb/v6-m/nofp/libg.a(lib_a-__atexit.o)
                              /usr/lib/gcc/arm-none-eabi/9.2.1/../../../arm-none-eabi/lib/thumb/v6-m/nofp/libg.a(lib_a-atexit.o) (__register_exitproc)
/usr/lib/gcc/arm-none-eabi/9.2.1/../../../arm-none-eabi/lib/thumb/v6-m/nofp/libg.a(lib_a-freer.o)
                              /usr/lib/gcc/arm-none-eabi/9.2.1/../../../arm-none-eabi/lib/thumb/v6-m/nofp/libg.a(lib_a-malloc.o) (_free_r)
/usr/lib/gcc/arm-none-eabi/9.2.1/../../../arm-none-eabi/lib/thumb/v6-m/nofp/libg.a(lib_a-reent.o)
                              /usr/lib/gcc/arm-none-eabi/9.2.1/../../../arm-none-eabi/lib/thumb/v6-m/nofp/libg.a(lib_a-sbrkr.o) (errno)

Allocating common symbols
Common symbol       size              file

sf_table            0x100             CMakeFiles/basic_sweep.dir/home/aquila/pico/pico-sdk/src/rp2_common/pico_float/float_init_rom.c.obj
errno               0x4               /usr/lib/gcc/arm-none-eabi/9.2.1/../../../arm-none-eabi/lib/thumb/v6-m/nofp/libg.a(lib_a-reent.o)
sf_clz_func         0x4               CMakeFiles/basic_sweep.dir/home/aquila/pico/pico-sdk/src/rp2_common/pico_float/float_init_rom.c.obj
sd_table            0x100             CMakeFiles/basic_sweep.dir/home/aquila/pico/pico-sdk/src/rp2_common/pico_double/double_init_rom.c.obj
uart_char_to_line_feed
                    0x4               CMakeFiles/basic_sweep.dir/home/aquila/pico/pico-sdk/src/rp2_common/hardware_uart/uart.c.obj

Discarded input sections

 .text          0x0000000000000000        0x0 /usr/lib/gcc/arm-none-eabi/9.2.1/thumb/v6-m/nofp/crti.o
 .data          0x0000000000000000        0x0 /usr/lib/gcc/arm-none-eabi/9.2.1/thumb/v6-m/nofp/crti.o
 .bss           0x0000000000000000        0x0 /usr/lib/gcc/arm-none-eabi/9.2.1/thumb/v6-m/nofp/crti.o
 .data          0x0000000000000000        0x4 /usr/lib/gcc/arm-none-eabi/9.2.1/thumb/v6-m/nofp/crtbegin.o
 .fini_array    0x0000000000000000        0x4 /usr/lib/gcc/arm-none-eabi/9.2.1/thumb/v6-m/nofp/crtbegin.o
[...]
Memory Configuration

Name             Origin             Length             Attributes
FLASH            0x0000000010000000 0x0000000000200000 xr
RAM              0x0000000020000000 0x0000000000040000 xrw
SCRATCH_X        0x0000000020040000 0x0000000000001000 xrw
SCRATCH_Y        0x0000000020041000 0x0000000000001000 xrw
*default*        0x0000000000000000 0xffffffffffffffff

Linker script and memory map

LOAD /usr/lib/gcc/arm-none-eabi/9.2.1/thumb/v6-m/nofp/crti.o
LOAD /usr/lib/gcc/arm-none-eabi/9.2.1/thumb/v6-m/nofp/crtbegin.o
LOAD /usr/lib/gcc/arm-none-eabi/9.2.1/../../../arm-none-eabi/lib/thumb/v6-m/nofp/crt0.o

.flash_begin    0x0000000010000000        0x0
                0x0000000010000000                __flash_binary_start = .

.boot2          0x0000000010000000      0x100
                0x0000000010000000                __boot2_start__ = .
 *(.boot2)
 .boot2         0x0000000010000000      0x100 /tmp/cco9PVlZ.o
                0x0000000010000100                __boot2_end__ = .
                0x0000000000000001                ASSERT (((__boot2_end__ - __boot2_start__) == 0x100), ERROR: Pico second stage bootloader must be 256 bytes in size)

.text           0x0000000010000100     0x44f8
                0x0000000010000100                __logical_binary_start = .
 *(.vectors)
 .vectors       0x0000000010000100       0xd4 CMakeFiles/basic_sweep.dir/home/aquila/pico/pico-sdk/src/rp2_common/pico_standard_link/crt0.S.obj
                0x0000000010000100                __vectors
                0x0000000010000100                __VECTOR_TABLE
                0x00000000100001c0                isr_invalid
                0x00000000100001c0                __default_isrs_start
                0x00000000100001c2                isr_nmi
                0x00000000100001c4                isr_hardfault
                0x00000000100001c6                isr_svcall
                0x00000000100001c8                isr_pendsv
                0x00000000100001ca                isr_systick
                0x00000000100001cc                isr_irq30
                0x00000000100001cc                __unhandled_user_irq
                0x00000000100001cc                isr_irq13
                0x00000000100001cc                isr_irq27
                0x00000000100001cc                isr_irq31
                0x00000000100001cc                isr_irq5
                0x00000000100001cc                isr_irq11
                0x00000000100001cc                isr_irq23
                0x00000000100001cc                isr_irq18
                0x00000000100001cc                isr_irq28
                0x00000000100001cc                isr_irq19
                0x00000000100001cc                isr_irq0
                0x00000000100001cc                isr_irq6
                0x00000000100001cc                isr_irq22
                0x00000000100001cc                isr_irq17
                0x00000000100001cc                isr_irq14
                0x00000000100001cc                isr_irq2
                0x00000000100001cc                isr_irq10
                0x00000000100001cc                isr_irq8
                0x00000000100001cc                isr_irq24
                0x00000000100001cc                isr_irq1
                0x00000000100001cc                isr_irq7
                0x00000000100001cc                isr_irq21
                0x00000000100001cc                isr_irq20
                0x00000000100001cc                isr_irq15
                0x00000000100001cc                isr_irq25
                0x00000000100001cc                isr_irq4
                0x00000000100001cc                isr_irq16
                0x00000000100001cc                isr_irq29
                0x00000000100001cc                isr_irq26
                0x00000000100001cc                __default_isrs_end
                0x00000000100001cc                isr_irq3
                0x00000000100001cc                isr_irq12
                0x00000000100001cc                isr_irq9
                0x00000000100001d2                unhandled_user_irq_num_in_r0
 *(.binary_info_header)
 .binary_info_header
                0x00000000100001d4       0x14 CMakeFiles/basic_sweep.dir/home/aquila/pico/pico-sdk/src/rp2_common/pico_standard_link/crt0.S.obj
                0x00000000100001e8                __binary_info_header_end = .
 *(.reset)
 .reset         0x00000000100001e8       0xa8 CMakeFiles/basic_sweep.dir/home/aquila/pico/pico-sdk/src/rp2_common/pico_standard_link/crt0.S.obj
                0x00000000100001e8                _entry_point
                0x0000000010000266                __get_current_exception
 .reset         0x0000000010000290       0x30 CMakeFiles/basic_sweep.dir/home/aquila/pico/pico-sdk/src/rp2_common/pico_standard_link/binary_info.c.obj
 *(.init)
 .init          0x00000000100002c0        0x4 /usr/lib/gcc/arm-none-eabi/9.2.1/thumb/v6-m/nofp/crti.o
                0x00000000100002c0                _init
 *(EXCLUDE_FILE(*libm.a: *libc.a:*lib_a-mem*.o *libgcc.a:) .text*)
 .text          0x00000000100002c4       0x98 /usr/lib/gcc/arm-none-eabi/9.2.1/thumb/v6-m/nofp/crtbegin.o
 .text.angle_to_cycle
                0x000000001000035c       0x34 CMakeFiles/basic_sweep.dir/basic_sweep.c.obj
                0x000000001000035c                angle_to_cycle
 .text.servo_init
                0x0000000010000390       0xb8 CMakeFiles/basic_sweep.dir/basic_sweep.c.obj
                0x0000000010000390                servo_init
 .text.main     0x0000000010000448      0x194 CMakeFiles/basic_sweep.dir/basic_sweep.c.obj
                0x0000000010000448                main
 .text.set_sys_clock_pll
                0x00000000100005dc       0x78 CMakeFiles/basic_sweep.dir/home/aquila/pico/pico-sdk/src/rp2_common/pico_stdlib/stdlib.c.obj
                0x00000000100005dc                set_sys_clock_pll
 .text.check_sys_clock_khz
                0x0000000010000654       0xb0 CMakeFiles/basic_sweep.dir/home/aquila/pico/pico-sdk/src/rp2_common/pico_stdlib/stdlib.c.obj
                0x0000000010000654                check_sys_clock_khz
 .text.gpio_set_function
                0x0000000010000704       0x30 CMakeFiles/basic_sweep.dir/home/aquila/pico/pico-sdk/src/rp2_common/hardware_gpio/gpio.c.obj
                0x0000000010000704                gpio_set_function
 .text.hw_claim_lock
                0x0000000010000734       0x18 CMakeFiles/basic_sweep.dir/home/aquila/pico/pico-sdk/src/rp2_common/hardware_claim/claim.c.obj
                0x0000000010000734                hw_claim_lock
 .text.hw_claim_unlock
                0x000000001000074c       0x14 CMakeFiles/basic_sweep.dir/home/aquila/pico/pico-sdk/src/rp2_common/hardware_claim/claim.c.obj
                0x000000001000074c                hw_claim_unlock
 .text.hw_claim_or_assert
                0x0000000010000760       0x32 CMakeFiles/basic_sweep.dir/home/aquila/pico/pico-sdk/src/rp2_common/hardware_claim/claim.c.obj
                0x0000000010000760                hw_claim_or_assert
 *fill*         0x0000000010000792        0x2 
 .text.running_on_fpga
                0x0000000010000794       0x14 CMakeFiles/basic_sweep.dir/home/aquila/pico/pico-sdk/src/rp2_common/pico_platform/platform.c.obj
                0x0000000010000794                running_on_fpga
 .text.spin_locks_reset
                0x00000000100007a8       0x20 CMakeFiles/basic_sweep.dir/home/aquila/pico/pico-sdk/src/rp2_common/hardware_sync/sync.c.obj
                0x00000000100007a8                spin_locks_reset
 .text.next_striped_spin_lock_num
                0x00000000100007c8       0x1c CMakeFiles/basic_sweep.dir/home/aquila/pico/pico-sdk/src/rp2_common/hardware_sync/sync.c.obj
                0x00000000100007c8                next_striped_spin_lock_num
 .text.alarm_pool_post_alloc_init
                0x00000000100007e4       0x40 CMakeFiles/basic_sweep.dir/home/aquila/pico/pico-sdk/src/common/pico_time/time.c.obj
 .text.sleep_until_callback
                0x0000000010000824       0x30 CMakeFiles/basic_sweep.dir/home/aquila/pico/pico-sdk/src/common/pico_time/time.c.obj
 .text.timer_pool_entry_comparator
                0x0000000010000854       0x7c CMakeFiles/basic_sweep.dir/home/aquila/pico/pico-sdk/src/common/pico_time/time.c.obj
                0x0000000010000854                timer_pool_entry_comparator
 .text.ph_add_child_node
                0x00000000100008d0       0xa4 CMakeFiles/basic_sweep.dir/home/aquila/pico/pico-sdk/src/common/pico_time/time.c.obj
 .text.ph_merge_nodes
                0x0000000010000974       0x3e CMakeFiles/basic_sweep.dir/home/aquila/pico/pico-sdk/src/common/pico_time/time.c.obj
 *fill*         0x00000000100009b2        0x2 
 .text.add_alarm_under_lock
                0x00000000100009b4      0x174 CMakeFiles/basic_sweep.dir/home/aquila/pico/pico-sdk/src/common/pico_time/time.c.obj
 .text.alarm_pool_alarm_callback
                0x0000000010000b28      0x32c CMakeFiles/basic_sweep.dir/home/aquila/pico/pico-sdk/src/common/pico_time/time.c.obj
 .text.alarm_pool_init_default
                0x0000000010000e54       0x38 CMakeFiles/basic_sweep.dir/home/aquila/pico/pico-sdk/src/common/pico_time/time.c.obj
                0x0000000010000e54                alarm_pool_init_default
 .text.alarm_pool_get_default
                0x0000000010000e8c       0x2c CMakeFiles/basic_sweep.dir/home/aquila/pico/pico-sdk/src/common/pico_time/time.c.obj
                0x0000000010000e8c                alarm_pool_get_default
 .text.alarm_pool_add_alarm_at
                0x0000000010000eb8      0x170 CMakeFiles/basic_sweep.dir/home/aquila/pico/pico-sdk/src/common/pico_time/time.c.obj
                0x0000000010000eb8                alarm_pool_add_alarm_at
 .text.sleep_until
                0x0000000010001028       0xfc CMakeFiles/basic_sweep.dir/home/aquila/pico/pico-sdk/src/common/pico_time/time.c.obj
                0x0000000010001028                sleep_until
 .text.sleep_us
                0x0000000010001124       0x58 CMakeFiles/basic_sweep.dir/home/aquila/pico/pico-sdk/src/common/pico_time/time.c.obj
                0x0000000010001124                sleep_us
 .text.sleep_ms
                0x000000001000117c       0x14 CMakeFiles/basic_sweep.dir/home/aquila/pico/pico-sdk/src/common/pico_time/time.c.obj
                0x000000001000117c                sleep_ms
 .text.hardware_alarm_irq_handler
                0x0000000010001190       0x8c CMakeFiles/basic_sweep.dir/home/aquila/pico/pico-sdk/src/rp2_common/hardware_timer/timer.c.obj
 .text.hardware_alarm_claim
                0x000000001000121c       0x18 CMakeFiles/basic_sweep.dir/home/aquila/pico/pico-sdk/src/rp2_common/hardware_timer/timer.c.obj
                0x000000001000121c                hardware_alarm_claim
 .text.time_us_64
                0x0000000010001234       0x18 CMakeFiles/basic_sweep.dir/home/aquila/pico/pico-sdk/src/rp2_common/hardware_timer/timer.c.obj
                0x0000000010001234                time_us_64
 .text.busy_wait_until
                0x000000001000124c       0x24 CMakeFiles/basic_sweep.dir/home/aquila/pico/pico-sdk/src/rp2_common/hardware_timer/timer.c.obj
                0x000000001000124c                busy_wait_until
 .text.hardware_alarm_set_callback
                0x0000000010001270       0x90 CMakeFiles/basic_sweep.dir/home/aquila/pico/pico-sdk/src/rp2_common/hardware_timer/timer.c.obj
                0x0000000010001270                hardware_alarm_set_callback
 .text.hardware_alarm_set_target
                0x0000000010001300       0xe8 CMakeFiles/basic_sweep.dir/home/aquila/pico/pico-sdk/src/rp2_common/hardware_timer/timer.c.obj
                0x0000000010001300                hardware_alarm_set_target
 .text.hardware_alarm_cancel
                0x00000000100013e8       0x40 CMakeFiles/basic_sweep.dir/home/aquila/pico/pico-sdk/src/rp2_common/hardware_timer/timer.c.obj
                0x00000000100013e8                hardware_alarm_cancel
 .text.lock_init
                0x0000000010001428       0x10 CMakeFiles/basic_sweep.dir/home/aquila/pico/pico-sdk/src/common/pico_sync/lock_core.c.obj
                0x0000000010001428                lock_init
 .text.mutex_init_internal
                0x0000000010001438       0x1e CMakeFiles/basic_sweep.dir/home/aquila/pico/pico-sdk/src/common/pico_sync/mutex.c.obj
 .text.mutex_init
                0x0000000010001456        0xa CMakeFiles/basic_sweep.dir/home/aquila/pico/pico-sdk/src/common/pico_sync/mutex.c.obj
                0x0000000010001456                mutex_init
 .text.recursive_mutex_init
                0x0000000010001460        0xa CMakeFiles/basic_sweep.dir/home/aquila/pico/pico-sdk/src/common/pico_sync/mutex.c.obj
                0x0000000010001460                recursive_mutex_init
 *fill*         0x000000001000146a        0x2 
 .text.ph_add_child_node
                0x000000001000146c       0xa4 CMakeFiles/basic_sweep.dir/home/aquila/pico/pico-sdk/src/common/pico_util/pheap.c.obj
 .text.ph_merge_nodes
                0x0000000010001510       0x3e CMakeFiles/basic_sweep.dir/home/aquila/pico/pico-sdk/src/common/pico_util/pheap.c.obj
 *fill*         0x000000001000154e        0x2 
 .text.ph_clear
                0x0000000010001550       0x70 CMakeFiles/basic_sweep.dir/home/aquila/pico/pico-sdk/src/common/pico_util/pheap.c.obj
                0x0000000010001550                ph_clear
 .text.ph_post_alloc_init
                0x00000000100015c0        0xe CMakeFiles/basic_sweep.dir/home/aquila/pico/pico-sdk/src/common/pico_util/pheap.c.obj
                0x00000000100015c0                ph_post_alloc_init
 *fill*         0x00000000100015ce        0x2 
 .text.ph_merge_two_pass
                0x00000000100015d0       0xa8 CMakeFiles/basic_sweep.dir/home/aquila/pico/pico-sdk/src/common/pico_util/pheap.c.obj
                0x00000000100015d0                ph_merge_two_pass
 .text.ph_remove_any_head
                0x0000000010001678      0x108 CMakeFiles/basic_sweep.dir/home/aquila/pico/pico-sdk/src/common/pico_util/pheap.c.obj
 .text.ph_remove_head
                0x0000000010001780       0x14 CMakeFiles/basic_sweep.dir/home/aquila/pico/pico-sdk/src/common/pico_util/pheap.c.obj
                0x0000000010001780                ph_remove_head
 .text.ph_remove_and_free_node
                0x0000000010001794       0xf8 CMakeFiles/basic_sweep.dir/home/aquila/pico/pico-sdk/src/common/pico_util/pheap.c.obj
                0x0000000010001794                ph_remove_and_free_node
 .text.runtime_init
                0x000000001000188c       0xd8 CMakeFiles/basic_sweep.dir/home/aquila/pico/pico-sdk/src/rp2_common/pico_runtime/runtime.c.obj
                0x000000001000188c                runtime_init
 .text._exit    0x0000000010001964        0x4 CMakeFiles/basic_sweep.dir/home/aquila/pico/pico-sdk/src/rp2_common/pico_runtime/runtime.c.obj
                0x0000000010001964                _exit
 .text.exit     0x0000000010001968        0x6 CMakeFiles/basic_sweep.dir/home/aquila/pico/pico-sdk/src/rp2_common/pico_runtime/runtime.c.obj
                0x0000000010001968                exit
 *fill*         0x000000001000196e        0x2 
 .text.__assert_func
                0x0000000010001970       0x3c CMakeFiles/basic_sweep.dir/home/aquila/pico/pico-sdk/src/rp2_common/pico_runtime/runtime.c.obj
                0x0000000010001970                __assert_func
 .text.panic    0x00000000100019ac       0x30 CMakeFiles/basic_sweep.dir/home/aquila/pico/pico-sdk/src/rp2_common/pico_runtime/runtime.c.obj
                0x00000000100019ac                panic
 .text.clock_configure
                0x00000000100019dc      0x104 CMakeFiles/basic_sweep.dir/home/aquila/pico/pico-sdk/src/rp2_common/hardware_clocks/clocks.c.obj
                0x00000000100019dc                clock_configure
 .text.clocks_init
                0x0000000010001ae0      0x100 CMakeFiles/basic_sweep.dir/home/aquila/pico/pico-sdk/src/rp2_common/hardware_clocks/clocks.c.obj
                0x0000000010001ae0                clocks_init
 .text.clock_get_hz
                0x0000000010001be0        0xc CMakeFiles/basic_sweep.dir/home/aquila/pico/pico-sdk/src/rp2_common/hardware_clocks/clocks.c.obj
                0x0000000010001be0                clock_get_hz
 .text.set_raw_irq_handler_and_unlock
                0x0000000010001bec       0x28 CMakeFiles/basic_sweep.dir/home/aquila/pico/pico-sdk/src/rp2_common/hardware_irq/irq.c.obj
 .text.make_branch
                0x0000000010001c14       0x34 CMakeFiles/basic_sweep.dir/home/aquila/pico/pico-sdk/src/rp2_common/hardware_irq/irq.c.obj
 .text.insert_branch_and_link
                0x0000000010001c48       0x40 CMakeFiles/basic_sweep.dir/home/aquila/pico/pico-sdk/src/rp2_common/hardware_irq/irq.c.obj
 .text.irq_is_enabled
                0x0000000010001c88       0x18 CMakeFiles/basic_sweep.dir/home/aquila/pico/pico-sdk/src/rp2_common/hardware_irq/irq.c.obj
                0x0000000010001c88                irq_is_enabled
 .text.irq_set_mask_enabled
                0x0000000010001ca0       0x20 CMakeFiles/basic_sweep.dir/home/aquila/pico/pico-sdk/src/rp2_common/hardware_irq/irq.c.obj
                0x0000000010001ca0                irq_set_mask_enabled
 .text.irq_set_enabled
                0x0000000010001cc0        0xe CMakeFiles/basic_sweep.dir/home/aquila/pico/pico-sdk/src/rp2_common/hardware_irq/irq.c.obj
                0x0000000010001cc0                irq_set_enabled
 *fill*         0x0000000010001cce        0x2 
 .text.irq_get_vtable_handler
                0x0000000010001cd0       0x10 CMakeFiles/basic_sweep.dir/home/aquila/pico/pico-sdk/src/rp2_common/hardware_irq/irq.c.obj
                0x0000000010001cd0                irq_get_vtable_handler
 .text.irq_set_exclusive_handler
                0x0000000010001ce0       0x54 CMakeFiles/basic_sweep.dir/home/aquila/pico/pico-sdk/src/rp2_common/hardware_irq/irq.c.obj
                0x0000000010001ce0                irq_set_exclusive_handler
 .text.irq_remove_handler
                0x0000000010001d34      0x1ac CMakeFiles/basic_sweep.dir/home/aquila/pico/pico-sdk/src/rp2_common/hardware_irq/irq.c.obj
                0x0000000010001d34                irq_remove_handler
 .text.irq_set_priority
                0x0000000010001ee0       0x28 CMakeFiles/basic_sweep.dir/home/aquila/pico/pico-sdk/src/rp2_common/hardware_irq/irq.c.obj
                0x0000000010001ee0                irq_set_priority
 .text.irq_add_tail_to_free_list
                0x0000000010001f08       0xf0 CMakeFiles/basic_sweep.dir/home/aquila/pico/pico-sdk/src/rp2_common/hardware_irq/irq.c.obj
                0x0000000010001f08                irq_add_tail_to_free_list
 .text.irq_init_priorities
                0x0000000010001ff8       0x16 CMakeFiles/basic_sweep.dir/home/aquila/pico/pico-sdk/src/rp2_common/hardware_irq/irq.c.obj
                0x0000000010001ff8                irq_init_priorities
 *fill*         0x000000001000200e        0x2 
 .text.pll_init
                0x0000000010002010      0x118 CMakeFiles/basic_sweep.dir/home/aquila/pico/pico-sdk/src/rp2_common/hardware_pll/pll.c.obj
                0x0000000010002010                pll_init
 .text.watchdog_start_tick
                0x0000000010002128       0x10 CMakeFiles/basic_sweep.dir/home/aquila/pico/pico-sdk/src/rp2_common/hardware_watchdog/watchdog.c.obj
                0x0000000010002128                watchdog_start_tick
 .text.xosc_init
                0x0000000010002138       0x28 CMakeFiles/basic_sweep.dir/home/aquila/pico/pico-sdk/src/rp2_common/hardware_xosc/xosc.c.obj
                0x0000000010002138                xosc_init
 .text._out_null
                0x0000000010002160        0x2 CMakeFiles/basic_sweep.dir/home/aquila/pico/pico-sdk/src/rp2_common/pico_printf/printf.c.obj
 .text._out_fct
                0x0000000010002162        0xe CMakeFiles/basic_sweep.dir/home/aquila/pico/pico-sdk/src/rp2_common/pico_printf/printf.c.obj
 .text._atoi    0x0000000010002170       0x24 CMakeFiles/basic_sweep.dir/home/aquila/pico/pico-sdk/src/rp2_common/pico_printf/printf.c.obj
 .text._out_rev
                0x0000000010002194       0xae CMakeFiles/basic_sweep.dir/home/aquila/pico/pico-sdk/src/rp2_common/pico_printf/printf.c.obj
 .text._ntoa_format
                0x0000000010002242      0x110 CMakeFiles/basic_sweep.dir/home/aquila/pico/pico-sdk/src/rp2_common/pico_printf/printf.c.obj
 .text._ntoa_long
                0x0000000010002352       0xbc CMakeFiles/basic_sweep.dir/home/aquila/pico/pico-sdk/src/rp2_common/pico_printf/printf.c.obj
 .text._ntoa_long_long
                0x000000001000240e       0xe2 CMakeFiles/basic_sweep.dir/home/aquila/pico/pico-sdk/src/rp2_common/pico_printf/printf.c.obj
 .text._etoa    0x00000000100024f0      0x40c CMakeFiles/basic_sweep.dir/home/aquila/pico/pico-sdk/src/rp2_common/pico_printf/printf.c.obj
 .text._ftoa    0x00000000100028fc      0x354 CMakeFiles/basic_sweep.dir/home/aquila/pico/pico-sdk/src/rp2_common/pico_printf/printf.c.obj
 .text._vsnprintf
                0x0000000010002c50      0x628 CMakeFiles/basic_sweep.dir/home/aquila/pico/pico-sdk/src/rp2_common/pico_printf/printf.c.obj
 .text.vfctprintf
                0x0000000010003278       0x20 CMakeFiles/basic_sweep.dir/home/aquila/pico/pico-sdk/src/rp2_common/pico_printf/printf.c.obj
                0x0000000010003278                vfctprintf
 .text          0x0000000010003298       0x10 CMakeFiles/basic_sweep.dir/home/aquila/pico/pico-sdk/src/rp2_common/pico_bit_ops/bit_ops_aeabi.S.obj
 .text.rom_func_lookup
                0x00000000100032a8       0x10 CMakeFiles/basic_sweep.dir/home/aquila/pico/pico-sdk/src/rp2_common/pico_bootrom/bootrom.c.obj
                0x00000000100032a8                rom_func_lookup
 .text.rom_data_lookup
                0x00000000100032b8       0x10 CMakeFiles/basic_sweep.dir/home/aquila/pico/pico-sdk/src/rp2_common/pico_bootrom/bootrom.c.obj
                0x00000000100032b8                rom_data_lookup
 .text.rom_funcs_lookup
                0x00000000100032c8       0x36 CMakeFiles/basic_sweep.dir/home/aquila/pico/pico-sdk/src/rp2_common/pico_bootrom/bootrom.c.obj
                0x00000000100032c8                rom_funcs_lookup
 *fill*         0x00000000100032fe        0x2 
 .text.__wrap___aeabi_idiv
                0x0000000010003300       0x50 CMakeFiles/basic_sweep.dir/home/aquila/pico/pico-sdk/src/rp2_common/pico_divider/divider.S.obj
                0x0000000010003300                __wrap___aeabi_idivmod
                0x0000000010003300                divmod_s32s32
                0x0000000010003300                div_s32s32
                0x0000000010003300                __wrap___aeabi_idiv
                0x0000000010003308                divmod_s32s32_unsafe
                0x0000000010003334                divmod_s32s32_savestate
 .text.__wrap___aeabi_uidiv
                0x0000000010003350       0x4c CMakeFiles/basic_sweep.dir/home/aquila/pico/pico-sdk/src/rp2_common/pico_divider/divider.S.obj
                0x0000000010003350                __wrap___aeabi_uidiv
                0x0000000010003350                __wrap___aeabi_uidivmod
                0x0000000010003350                div_u32u32
                0x0000000010003350                divmod_u32u32
                0x0000000010003358                divmod_u32u32_unsafe
                0x0000000010003380                divmod_u32u32_savestate
 .text.__wrap___aeabi_ldiv
                0x000000001000339c      0x430 CMakeFiles/basic_sweep.dir/home/aquila/pico/pico-sdk/src/rp2_common/pico_divider/divider.S.obj
                0x000000001000339c                div_s64s64
                0x000000001000339c                divmod_s64s64
                0x000000001000339c                __wrap___aeabi_ldivmod
                0x00000000100033d4                div_u64u64
                0x00000000100033d4                divmod_u64u64
                0x00000000100033d4                __wrap___aeabi_uldivmod
                0x00000000100033e4                divmod_u64u64_savestate
                0x000000001000340c                divmod_s64s64_unsafe
                0x0000000010003494                divmod_u64u64_unsafe
 .text.__wrap___aeabi_darithmetic
                0x00000000100037cc       0x80 CMakeFiles/basic_sweep.dir/home/aquila/pico/pico-sdk/src/rp2_common/pico_double/double_aeabi.S.obj
                0x00000000100037cc                __wrap___aeabi_drsub
                0x00000000100037d2                __wrap___aeabi_dsub
                0x00000000100037e4                __wrap___aeabi_dadd
                0x00000000100037f6                __wrap___aeabi_ddiv
                0x0000000010003832                __wrap___aeabi_dmul
 .text.__wrap___aeabi_cdcmple
                0x000000001000384c       0x6c CMakeFiles/basic_sweep.dir/home/aquila/pico/pico-sdk/src/rp2_common/pico_double/double_aeabi.S.obj
                0x000000001000384c                __wrap___aeabi_cdrcmple
                0x000000001000385c                __wrap___aeabi_cdcmple
                0x000000001000385c                __wrap___aeabi_cdcmpeq
 .text.__wrap___aeabi_dcmplt
                0x00000000100038b8        0xc CMakeFiles/basic_sweep.dir/home/aquila/pico/pico-sdk/src/rp2_common/pico_double/double_aeabi.S.obj
                0x00000000100038b8                __wrap___aeabi_dcmplt
 .text.__wrap___aeabi_dcmple
                0x00000000100038c4       0x10 CMakeFiles/basic_sweep.dir/home/aquila/pico/pico-sdk/src/rp2_common/pico_double/double_aeabi.S.obj
                0x00000000100038c4                __wrap___aeabi_dcmple
 .text.__wrap___aeabi_dcmpge
                0x00000000100038d4       0x10 CMakeFiles/basic_sweep.dir/home/aquila/pico/pico-sdk/src/rp2_common/pico_double/double_aeabi.S.obj
                0x00000000100038d4                __wrap___aeabi_dcmpge
 .text.__wrap___aeabi_dcmpgt
                0x00000000100038e4        0xa CMakeFiles/basic_sweep.dir/home/aquila/pico/pico-sdk/src/rp2_common/pico_double/double_aeabi.S.obj
                0x00000000100038e4                __wrap___aeabi_dcmpgt
 .text.__wrap___aeabi_dcmpun
                0x00000000100038ee       0x1c CMakeFiles/basic_sweep.dir/home/aquila/pico/pico-sdk/src/rp2_common/pico_double/double_aeabi.S.obj
                0x00000000100038ee                __wrap___aeabi_dcmpun
 *fill*         0x000000001000390a        0x2 
 .text.__wrap___aeabi_i2d
                0x000000001000390c       0x38 CMakeFiles/basic_sweep.dir/home/aquila/pico/pico-sdk/src/rp2_common/pico_double/double_aeabi.S.obj
                0x000000001000390c                __wrap___aeabi_ui2d
                0x0000000010003914                __wrap___aeabi_i2d
 .text.__wrap___aeabi_d2iz
                0x0000000010003944       0x48 CMakeFiles/basic_sweep.dir/home/aquila/pico/pico-sdk/src/rp2_common/pico_double/double_aeabi.S.obj
                0x0000000010003944                __wrap___aeabi_d2iz
                0x0000000010003944                double2int_z
 .text.__wrap___aeabi_d2uiz
                0x000000001000398c       0x18 CMakeFiles/basic_sweep.dir/home/aquila/pico/pico-sdk/src/rp2_common/pico_double/double_aeabi.S.obj
                0x000000001000398c                double2uint
                0x000000001000398c                __wrap___aeabi_d2uiz
 .text.__wrap___aeabi_d2f
                0x00000000100039a4       0x18 CMakeFiles/basic_sweep.dir/home/aquila/pico/pico-sdk/src/rp2_common/pico_double/double_aeabi.S.obj
                0x00000000100039a4                __wrap___aeabi_d2f
 .text.__aeabi_double_init
                0x00000000100039bc       0xb4 CMakeFiles/basic_sweep.dir/home/aquila/pico/pico-sdk/src/rp2_common/pico_double/double_init_rom.c.obj
                0x00000000100039bc                __aeabi_double_init
 .text.double_table_shim_on_use_helper
                0x0000000010003a70       0x34 CMakeFiles/basic_sweep.dir/home/aquila/pico/pico-sdk/src/rp2_common/pico_double/double_v1_rom_shim.S.obj
                0x0000000010003a70                double_table_shim_on_use_helper
 .text.__wrap___aeabi_dsub
                0x0000000010003aa4       0x10 CMakeFiles/basic_sweep.dir/home/aquila/pico/pico-sdk/src/rp2_common/pico_double/double_v1_rom_shim.S.obj
                0x0000000010003aa4                drsub_shim
                0x0000000010003aaa                dsub_shim
 .text.dadd_shim
                0x0000000010003ab4      0x15c CMakeFiles/basic_sweep.dir/home/aquila/pico/pico-sdk/src/rp2_common/pico_double/double_v1_rom_shim.S.obj
                0x0000000010003ab4                dadd_shim
 .text.dmul_shim
                0x0000000010003c10      0x15c CMakeFiles/basic_sweep.dir/home/aquila/pico/pico-sdk/src/rp2_common/pico_double/double_v1_rom_shim.S.obj
                0x0000000010003c10                dmul_shim
 .text.ddiv_shim
                0x0000000010003d6c      0x1b0 CMakeFiles/basic_sweep.dir/home/aquila/pico/pico-sdk/src/rp2_common/pico_double/double_v1_rom_shim.S.obj
                0x0000000010003d6c                ddiv_shim
 .text.dcordic_rot_step
                0x0000000010003f1c       0x7c CMakeFiles/basic_sweep.dir/home/aquila/pico/pico-sdk/src/rp2_common/pico_double/double_v1_rom_shim.S.obj
                0x0000000010003f1c                dcordic_rot_step
 .text.double2uint_shim
                0x0000000010003f98        0xe CMakeFiles/basic_sweep.dir/home/aquila/pico/pico-sdk/src/rp2_common/pico_double/double_v1_rom_shim.S.obj
                0x0000000010003f98                double2uint_shim
                0x0000000010003f9a                double2ufix_shim
 *fill*         0x0000000010003fa6        0x2 
 .text.double2uint64_shim
                0x0000000010003fa8       0x6c CMakeFiles/basic_sweep.dir/home/aquila/pico/pico-sdk/src/rp2_common/pico_double/double_v1_rom_shim.S.obj
                0x0000000010003fa8                double2uint64_shim
                0x0000000010003faa                double2ufix64_shim
                0x0000000010003fc4                d2fix_a
 .text.double2float_shim
                0x0000000010004014       0x5c CMakeFiles/basic_sweep.dir/home/aquila/pico/pico-sdk/src/rp2_common/pico_double/double_v1_rom_shim.S.obj
                0x0000000010004014                double2float_shim
 .text.dunpacks
                0x0000000010004070       0x3c CMakeFiles/basic_sweep.dir/home/aquila/pico/pico-sdk/src/rp2_common/pico_double/double_v1_rom_shim.S.obj
                0x0000000010004070                dunpacks
 .text.__aeabi_lmul
                0x00000000100040ac       0x32 CMakeFiles/basic_sweep.dir/home/aquila/pico/pico-sdk/src/rp2_common/pico_int64_ops/pico_int64_ops_aeabi.S.obj
                0x00000000100040ac                __wrap___aeabi_lmul
 *fill*         0x00000000100040de        0x2 
 .text.__wrap___aeabi_cfcmple
                0x00000000100040e0       0x50 CMakeFiles/basic_sweep.dir/home/aquila/pico/pico-sdk/src/rp2_common/pico_float/float_aeabi.S.obj
                0x00000000100040e0                __wrap___aeabi_cfrcmple
                0x00000000100040ec                __wrap___aeabi_cfcmpeq
                0x00000000100040ec                __wrap___aeabi_cfcmple
 .text.__wrap___aeabi_fcmple
                0x0000000010004130       0x10 CMakeFiles/basic_sweep.dir/home/aquila/pico/pico-sdk/src/rp2_common/pico_float/float_aeabi.S.obj
                0x0000000010004130                __wrap___aeabi_fcmple
 .text.__wrap___aeabi_fcmpge
                0x0000000010004140       0x10 CMakeFiles/basic_sweep.dir/home/aquila/pico/pico-sdk/src/rp2_common/pico_float/float_aeabi.S.obj
                0x0000000010004140                __wrap___aeabi_fcmpge
 .text.__wrap___aeabi_f2uiz
                0x0000000010004150       0x10 CMakeFiles/basic_sweep.dir/home/aquila/pico/pico-sdk/src/rp2_common/pico_float/float_aeabi.S.obj
                0x0000000010004150                __wrap___aeabi_f2uiz
 .text.__wrap___aeabi_f2d
                0x0000000010004160       0x14 CMakeFiles/basic_sweep.dir/home/aquila/pico/pico-sdk/src/rp2_common/pico_float/float_aeabi.S.obj
                0x0000000010004160                __wrap___aeabi_f2d
 .text.__aeabi_float_init
                0x0000000010004174       0xfc CMakeFiles/basic_sweep.dir/home/aquila/pico/pico-sdk/src/rp2_common/pico_float/float_init_rom.c.obj
                0x0000000010004174                __aeabi_float_init
 .text.float_table_shim_on_use_helper
                0x0000000010004270       0x34 CMakeFiles/basic_sweep.dir/home/aquila/pico/pico-sdk/src/rp2_common/pico_float/float_v1_rom_shim.S.obj
                0x0000000010004270                float_table_shim_on_use_helper
 .text.float2double_shim
                0x00000000100042a4       0x30 CMakeFiles/basic_sweep.dir/home/aquila/pico/pico-sdk/src/rp2_common/pico_float/float_v1_rom_shim.S.obj
                0x00000000100042a4                float2double_shim
 .text          0x00000000100042d4       0x10 CMakeFiles/basic_sweep.dir/home/aquila/pico/pico-sdk/src/rp2_common/pico_mem_ops/mem_ops_aeabi.S.obj
                0x00000000100042d4                __aeabi_mem_init
 .text.memset   0x00000000100042e4        0xc CMakeFiles/basic_sweep.dir/home/aquila/pico/pico-sdk/src/rp2_common/pico_mem_ops/mem_ops_aeabi.S.obj
                0x00000000100042e4                __wrap_memset
 .text.memcpy   0x00000000100042f0        0xc CMakeFiles/basic_sweep.dir/home/aquila/pico/pico-sdk/src/rp2_common/pico_mem_ops/mem_ops_aeabi.S.obj
                0x00000000100042f0                __wrap___aeabi_memcpy
                0x00000000100042f0                __wrap_memcpy
 .text.stdio_out_chars_crlf
                0x00000000100042fc       0x80 CMakeFiles/basic_sweep.dir/home/aquila/pico/pico-sdk/src/rp2_common/pico_stdio/stdio.c.obj
 .text.stdio_stack_buffer_flush
                0x000000001000437c       0x44 CMakeFiles/basic_sweep.dir/home/aquila/pico/pico-sdk/src/rp2_common/pico_stdio/stdio.c.obj
 .text.stdio_buffered_printer
                0x00000000100043c0       0x20 CMakeFiles/basic_sweep.dir/home/aquila/pico/pico-sdk/src/rp2_common/pico_stdio/stdio.c.obj
 .text.stdout_serialize_begin
                0x00000000100043e0       0x30 CMakeFiles/basic_sweep.dir/home/aquila/pico/pico-sdk/src/rp2_common/pico_stdio/stdio.c.obj
                0x00000000100043e0                stdout_serialize_begin
 .text.stdout_serialize_end
                0x0000000010004410       0x10 CMakeFiles/basic_sweep.dir/home/aquila/pico/pico-sdk/src/rp2_common/pico_stdio/stdio.c.obj
                0x0000000010004410                stdout_serialize_end
 .text.stdio_put_string
                0x0000000010004420       0x84 CMakeFiles/basic_sweep.dir/home/aquila/pico/pico-sdk/src/rp2_common/pico_stdio/stdio.c.obj
 .text.stdio_flush
                0x00000000100044a4       0x20 CMakeFiles/basic_sweep.dir/home/aquila/pico/pico-sdk/src/rp2_common/pico_stdio/stdio.c.obj
                0x00000000100044a4                stdio_flush
 .text.__wrap_puts
                0x00000000100044c4       0x1c CMakeFiles/basic_sweep.dir/home/aquila/pico/pico-sdk/src/rp2_common/pico_stdio/stdio.c.obj
                0x00000000100044c4                __wrap_puts
 .text.__wrap_vprintf
                0x00000000100044e0       0x44 CMakeFiles/basic_sweep.dir/home/aquila/pico/pico-sdk/src/rp2_common/pico_stdio/stdio.c.obj
                0x00000000100044e0                __wrap_vprintf
 .text.__wrap_printf
                0x0000000010004524       0x18 CMakeFiles/basic_sweep.dir/home/aquila/pico/pico-sdk/src/rp2_common/pico_stdio/stdio.c.obj
                0x0000000010004524                __wrap_printf
 .text          0x000000001000453c       0x68 /usr/lib/gcc/arm-none-eabi/9.2.1/../../../arm-none-eabi/lib/thumb/v6-m/nofp/libg.a(lib_a-strlen-stub.o)
                0x000000001000453c                strlen
 *(.fini)
 .fini          0x00000000100045a4        0x4 /usr/lib/gcc/arm-none-eabi/9.2.1/thumb/v6-m/nofp/crti.o
                0x00000000100045a4                _fini
 .fini.__stub   0x00000000100045a8       0x50 linker stubs
 *crtbegin.o(.ctors)
 *crtbegin?.o(.ctors)
 *(EXCLUDE_FILE(*crtend.o *crtend?.o) .ctors)
 *(SORT_BY_NAME(.ctors.*))
 *(.ctors)
 *crtbegin.o(.dtors)
 *crtbegin?.o(.dtors)
 *(EXCLUDE_FILE(*crtend.o *crtend?.o) .dtors)
 *(SORT_BY_NAME(.dtors.*))
 *(.dtors)
 *(.eh_frame*)
 .eh_frame      0x00000000100045f8        0x0 /usr/lib/gcc/arm-none-eabi/9.2.1/thumb/v6-m/nofp/crtbegin.o
                0x00000000100045f8                . = ALIGN (0x4)

.glue_7         0x00000000100045f8        0x0
 .glue_7        0x00000000100045f8        0x0 linker stubs

.glue_7t        0x00000000100045f8        0x0
 .glue_7t       0x00000000100045f8        0x0 linker stubs

.vfp11_veneer   0x00000000100045f8        0x0
 .vfp11_veneer  0x00000000100045f8        0x0 linker stubs

.v4_bx          0x00000000100045f8        0x0
 .v4_bx         0x00000000100045f8        0x0 linker stubs

.iplt           0x00000000100045f8        0x0
 .iplt          0x00000000100045f8        0x0 /usr/lib/gcc/arm-none-eabi/9.2.1/thumb/v6-m/nofp/crtbegin.o

.rodata         0x00000000100045f8      0xe04
 *(EXCLUDE_FILE(*libm.a: *libc.a:*lib_a-mem*.o *libgcc.a:) .rodata*)
 .rodata.servo_init.str1.4
                0x00000000100045f8       0x32 CMakeFiles/basic_sweep.dir/basic_sweep.c.obj
 *fill*         0x000000001000462a        0x2 
 .rodata        0x000000001000462c        0x6 CMakeFiles/basic_sweep.dir/basic_sweep.c.obj
 *fill*         0x0000000010004632        0x2 
 .rodata.repeating_timer_callback.str1.4
                0x0000000010004634       0x4b CMakeFiles/basic_sweep.dir/home/aquila/pico/pico-sdk/src/common/pico_time/time.c.obj
 *fill*         0x000000001000467f        0x1 
 .rodata.alarm_pool_dump_key.str1.4
                0x0000000010004680       0x33 CMakeFiles/basic_sweep.dir/home/aquila/pico/pico-sdk/src/common/pico_time/time.c.obj
 *fill*         0x00000000100046b3        0x1 
 .rodata.ph_add_child_node.str1.4
                0x00000000100046b4       0x96 CMakeFiles/basic_sweep.dir/home/aquila/pico/pico-sdk/src/common/pico_time/time.c.obj
 *fill*         0x000000001000474a        0x2 
 .rodata.add_alarm_under_lock.str1.4
                0x000000001000474c       0x28 CMakeFiles/basic_sweep.dir/home/aquila/pico/pico-sdk/src/common/pico_time/time.c.obj
                                         0x2b (size before relaxing)
 .rodata.alarm_pool_alarm_callback.str1.4
                0x0000000010004774       0xe6 CMakeFiles/basic_sweep.dir/home/aquila/pico/pico-sdk/src/common/pico_time/time.c.obj
 *fill*         0x000000001000485a        0x2 
 .rodata.alarm_pool_get_default.str1.4
                0x000000001000485c       0x21 CMakeFiles/basic_sweep.dir/home/aquila/pico/pico-sdk/src/common/pico_time/time.c.obj
 *fill*         0x000000001000487d        0x3 
 .rodata.sleep_until.str1.4
                0x0000000010004880       0x4d CMakeFiles/basic_sweep.dir/home/aquila/pico/pico-sdk/src/common/pico_time/time.c.obj
 *fill*         0x00000000100048cd        0x3 
 .rodata.__func__.5701
                0x00000000100048d0       0x15 CMakeFiles/basic_sweep.dir/home/aquila/pico/pico-sdk/src/common/pico_time/time.c.obj
 *fill*         0x00000000100048e5        0x3 
 .rodata.__func__.6002
                0x00000000100048e8        0xc CMakeFiles/basic_sweep.dir/home/aquila/pico/pico-sdk/src/common/pico_time/time.c.obj
 .rodata.__func__.6009
                0x00000000100048f4       0x12 CMakeFiles/basic_sweep.dir/home/aquila/pico/pico-sdk/src/common/pico_time/time.c.obj
 *fill*         0x0000000010004906        0x2 
 .rodata.__func__.6025
                0x0000000010004908        0xf CMakeFiles/basic_sweep.dir/home/aquila/pico/pico-sdk/src/common/pico_time/time.c.obj
 *fill*         0x0000000010004917        0x1 
 .rodata.__func__.6047
                0x0000000010004918        0xd CMakeFiles/basic_sweep.dir/home/aquila/pico/pico-sdk/src/common/pico_time/time.c.obj
 *fill*         0x0000000010004925        0x3 
 .rodata.__func__.6248
                0x0000000010004928        0xa CMakeFiles/basic_sweep.dir/home/aquila/pico/pico-sdk/src/common/pico_time/time.c.obj
 *fill*         0x0000000010004932        0x2 
 .rodata.__func__.6253
                0x0000000010004934       0x12 CMakeFiles/basic_sweep.dir/home/aquila/pico/pico-sdk/src/common/pico_time/time.c.obj
 *fill*         0x0000000010004946        0x2 
 .rodata.__func__.6268
                0x0000000010004948       0x17 CMakeFiles/basic_sweep.dir/home/aquila/pico/pico-sdk/src/common/pico_time/time.c.obj
 *fill*         0x000000001000495f        0x1 
 .rodata.__func__.6279
                0x0000000010004960       0x15 CMakeFiles/basic_sweep.dir/home/aquila/pico/pico-sdk/src/common/pico_time/time.c.obj
 *fill*         0x0000000010004975        0x3 
 .rodata.__func__.6296
                0x0000000010004978       0x1a CMakeFiles/basic_sweep.dir/home/aquila/pico/pico-sdk/src/common/pico_time/time.c.obj
 *fill*         0x0000000010004992        0x2 
 .rodata.hardware_alarm_claim.str1.4
                0x0000000010004994       0x22 CMakeFiles/basic_sweep.dir/home/aquila/pico/pico-sdk/src/rp2_common/hardware_timer/timer.c.obj
 *fill*         0x00000000100049b6        0x2 
 .rodata.hardware_alarm_set_target.str1.4
                0x00000000100049b8       0x65 CMakeFiles/basic_sweep.dir/home/aquila/pico/pico-sdk/src/rp2_common/hardware_timer/timer.c.obj
 *fill*         0x0000000010004a1d        0x3 
 .rodata.__func__.4548
                0x0000000010004a20       0x1a CMakeFiles/basic_sweep.dir/home/aquila/pico/pico-sdk/src/rp2_common/hardware_timer/timer.c.obj
 *fill*         0x0000000010004a3a        0x2 
 .rodata.str1.4
                0x0000000010004a3c       0xb1 CMakeFiles/basic_sweep.dir/home/aquila/pico/pico-sdk/src/common/pico_sync/mutex.c.obj
                                        0x115 (size before relaxing)
 *fill*         0x0000000010004aed        0x3 
 .rodata.__func__.4610
                0x0000000010004af0       0x15 CMakeFiles/basic_sweep.dir/home/aquila/pico/pico-sdk/src/common/pico_sync/mutex.c.obj
 *fill*         0x0000000010004b05        0x3 
 .rodata.__func__.4645
                0x0000000010004b08        0xb CMakeFiles/basic_sweep.dir/home/aquila/pico/pico-sdk/src/common/pico_sync/mutex.c.obj
 .rodata.ph_add_child_node.str1.4
                0x0000000010004b13       0x96 CMakeFiles/basic_sweep.dir/home/aquila/pico/pico-sdk/src/common/pico_util/pheap.c.obj
 *fill*         0x0000000010004b13        0x1 
 .rodata.ph_remove_any_head.str1.4
                0x0000000010004b14       0x8c CMakeFiles/basic_sweep.dir/home/aquila/pico/pico-sdk/src/common/pico_util/pheap.c.obj
 .rodata.ph_remove_and_free_node.str1.4
                0x0000000010004ba0       0x26 CMakeFiles/basic_sweep.dir/home/aquila/pico/pico-sdk/src/common/pico_util/pheap.c.obj
 *fill*         0x0000000010004bc6        0x2 
 .rodata.__func__.5708
                0x0000000010004bc8        0xc CMakeFiles/basic_sweep.dir/home/aquila/pico/pico-sdk/src/common/pico_util/pheap.c.obj
 .rodata.__func__.5715
                0x0000000010004bd4       0x12 CMakeFiles/basic_sweep.dir/home/aquila/pico/pico-sdk/src/common/pico_util/pheap.c.obj
 *fill*         0x0000000010004be6        0x2 
 .rodata.__func__.5801
                0x0000000010004be8       0x13 CMakeFiles/basic_sweep.dir/home/aquila/pico/pico-sdk/src/common/pico_util/pheap.c.obj
 *fill*         0x0000000010004bfb        0x1 
 .rodata.__func__.5819
                0x0000000010004bfc       0x18 CMakeFiles/basic_sweep.dir/home/aquila/pico/pico-sdk/src/common/pico_util/pheap.c.obj
 .rodata.__assert_func.str1.4
                0x0000000010004c14       0x3f CMakeFiles/basic_sweep.dir/home/aquila/pico/pico-sdk/src/rp2_common/pico_runtime/runtime.c.obj
                                         0x43 (size before relaxing)
 *fill*         0x0000000010004c53        0x1 
 .rodata.panic.str1.4
                0x0000000010004c54       0x12 CMakeFiles/basic_sweep.dir/home/aquila/pico/pico-sdk/src/rp2_common/pico_runtime/runtime.c.obj
 *fill*         0x0000000010004c66        0x2 
 .rodata.clock_configure.str1.4
                0x0000000010004c68       0x57 CMakeFiles/basic_sweep.dir/home/aquila/pico/pico-sdk/src/rp2_common/hardware_clocks/clocks.c.obj
 *fill*         0x0000000010004cbf        0x1 
 .rodata.__func__.4667
                0x0000000010004cc0       0x10 CMakeFiles/basic_sweep.dir/home/aquila/pico/pico-sdk/src/rp2_common/hardware_clocks/clocks.c.obj
 .rodata.make_branch.str1.4
                0x0000000010004cd0       0x4d CMakeFiles/basic_sweep.dir/home/aquila/pico/pico-sdk/src/rp2_common/hardware_irq/irq.c.obj
 *fill*         0x0000000010004d1d        0x3 
 .rodata.irq_set_exclusive_handler.str1.4
                0x0000000010004d20       0x36 CMakeFiles/basic_sweep.dir/home/aquila/pico/pico-sdk/src/rp2_common/hardware_irq/irq.c.obj
 *fill*         0x0000000010004d56        0x2 
 .rodata.irq_add_shared_handler.str1.4
                0x0000000010004d58       0xd9 CMakeFiles/basic_sweep.dir/home/aquila/pico/pico-sdk/src/rp2_common/hardware_irq/irq.c.obj
 *fill*         0x0000000010004e31        0x3 
 .rodata.irq_remove_handler.str1.4
                0x0000000010004e34       0x2a CMakeFiles/basic_sweep.dir/home/aquila/pico/pico-sdk/src/rp2_common/hardware_irq/irq.c.obj
 *fill*         0x0000000010004e5e        0x2 
 .rodata.irq_add_tail_to_free_list.str1.4
                0x0000000010004e60       0x32 CMakeFiles/basic_sweep.dir/home/aquila/pico/pico-sdk/src/rp2_common/hardware_irq/irq.c.obj
                                         0x3a (size before relaxing)
 *fill*         0x0000000010004e92        0x2 
 .rodata.__func__.4703
                0x0000000010004e94       0x1a CMakeFiles/basic_sweep.dir/home/aquila/pico/pico-sdk/src/rp2_common/hardware_irq/irq.c.obj
 *fill*         0x0000000010004eae        0x2 
 .rodata.__func__.4717
                0x0000000010004eb0        0xc CMakeFiles/basic_sweep.dir/home/aquila/pico/pico-sdk/src/rp2_common/hardware_irq/irq.c.obj
 .rodata.__func__.4725
                0x0000000010004ebc       0x17 CMakeFiles/basic_sweep.dir/home/aquila/pico/pico-sdk/src/rp2_common/hardware_irq/irq.c.obj
 *fill*         0x0000000010004ed3        0x1 
 .rodata.__func__.4729
                0x0000000010004ed4        0xf CMakeFiles/basic_sweep.dir/home/aquila/pico/pico-sdk/src/rp2_common/hardware_irq/irq.c.obj
 *fill*         0x0000000010004ee3        0x1 
 .rodata.__func__.4768
                0x0000000010004ee4       0x13 CMakeFiles/basic_sweep.dir/home/aquila/pico/pico-sdk/src/rp2_common/hardware_irq/irq.c.obj
 *fill*         0x0000000010004ef7        0x1 
 .rodata.__func__.4787
                0x0000000010004ef8       0x1a CMakeFiles/basic_sweep.dir/home/aquila/pico/pico-sdk/src/rp2_common/hardware_irq/irq.c.obj
 *fill*         0x0000000010004f12        0x2 
 .rodata.pll_init.str1.4
                0x0000000010004f14       0xdb CMakeFiles/basic_sweep.dir/home/aquila/pico/pico-sdk/src/rp2_common/hardware_pll/pll.c.obj
 *fill*         0x0000000010004fef        0x1 
 .rodata.__func__.4402
                0x0000000010004ff0        0x9 CMakeFiles/basic_sweep.dir/home/aquila/pico/pico-sdk/src/rp2_common/hardware_pll/pll.c.obj
 *fill*         0x0000000010004ff9        0x3 
 .rodata._ftoa.str1.4
                0x0000000010004ffc       0x15 CMakeFiles/basic_sweep.dir/home/aquila/pico/pico-sdk/src/rp2_common/pico_printf/printf.c.obj
 *fill*         0x0000000010005011        0x3 
 .rodata._vsnprintf
                0x0000000010005014      0x1e0 CMakeFiles/basic_sweep.dir/home/aquila/pico/pico-sdk/src/rp2_common/pico_printf/printf.c.obj
 *fill*         0x00000000100051f4        0x4 
 .rodata.pow10.5422
                0x00000000100051f8       0x50 CMakeFiles/basic_sweep.dir/home/aquila/pico/pico-sdk/src/rp2_common/pico_printf/printf.c.obj
 .rodata.__aeabi_double_init.str1.4
                0x0000000010005248       0xa8 CMakeFiles/basic_sweep.dir/home/aquila/pico/pico-sdk/src/rp2_common/pico_double/double_init_rom.c.obj
 .rodata.__func__.4668
                0x00000000100052f0       0x14 CMakeFiles/basic_sweep.dir/home/aquila/pico/pico-sdk/src/rp2_common/pico_double/double_init_rom.c.obj
 .rodata.__aeabi_float_init.str1.4
                0x0000000010005304       0x7a CMakeFiles/basic_sweep.dir/home/aquila/pico/pico-sdk/src/rp2_common/pico_float/float_init_rom.c.obj
                                         0x7e (size before relaxing)
 *fill*         0x000000001000537e        0x2 
 .rodata.__func__.4670
                0x0000000010005380       0x13 CMakeFiles/basic_sweep.dir/home/aquila/pico/pico-sdk/src/rp2_common/pico_float/float_init_rom.c.obj
 *fill*         0x0000000010005393        0x1 
 .rodata.str1.4
                0x0000000010005394       0x40 CMakeFiles/basic_sweep.dir/home/aquila/pico/pico-sdk/src/rp2_common/pico_standard_link/binary_info.c.obj
 .rodata.__bi_44
                0x00000000100053d4        0xc CMakeFiles/basic_sweep.dir/home/aquila/pico/pico-sdk/src/rp2_common/pico_standard_link/binary_info.c.obj
 .rodata.__bi_75
                0x00000000100053e0        0xc CMakeFiles/basic_sweep.dir/home/aquila/pico/pico-sdk/src/rp2_common/pico_standard_link/binary_info.c.obj
 .rodata.__bi_81
                0x00000000100053ec        0xc CMakeFiles/basic_sweep.dir/home/aquila/pico/pico-sdk/src/rp2_common/pico_standard_link/binary_info.c.obj
 .rodata.crlf_str.6010
                0x00000000100053f8        0x2 CMakeFiles/basic_sweep.dir/home/aquila/pico/pico-sdk/src/rp2_common/pico_stdio/stdio.c.obj
                0x00000000100053fc                . = ALIGN (0x4)
 *fill*         0x00000000100053fa        0x2 
 *(SORT_BY_ALIGNMENT(SORT_BY_NAME(.flashdata*)))
                0x00000000100053fc                . = ALIGN (0x4)

.rel.dyn        0x00000000100053fc        0x0
 .rel.iplt      0x00000000100053fc        0x0 /usr/lib/gcc/arm-none-eabi/9.2.1/thumb/v6-m/nofp/crtbegin.o

.ARM.extab
 *(.ARM.extab* .gnu.linkonce.armextab.*)
                0x00000000100053fc                __exidx_start = .

.ARM.exidx
 *(.ARM.exidx* .gnu.linkonce.armexidx.*)
                0x00000000100053fc                __exidx_end = .
                0x00000000100053fc                . = ALIGN (0x4)
                0x00000000100053fc                __binary_info_start = .

.binary_info    0x00000000100053fc       0x1c
 *(.binary_info.keep.*)
 .binary_info.keep.__bi_ptr22
                0x00000000100053fc        0x4 CMakeFiles/basic_sweep.dir/home/aquila/pico/pico-sdk/src/rp2_common/pico_standard_link/binary_info.c.obj
 .binary_info.keep.__bi_ptr30
                0x0000000010005400        0x4 CMakeFiles/basic_sweep.dir/home/aquila/pico/pico-sdk/src/rp2_common/pico_standard_link/binary_info.c.obj
 .binary_info.keep.__bi_ptr38
                0x0000000010005404        0x4 CMakeFiles/basic_sweep.dir/home/aquila/pico/pico-sdk/src/rp2_common/pico_standard_link/binary_info.c.obj
 .binary_info.keep.__bi_ptr44
                0x0000000010005408        0x4 CMakeFiles/basic_sweep.dir/home/aquila/pico/pico-sdk/src/rp2_common/pico_standard_link/binary_info.c.obj
 .binary_info.keep.__bi_ptr50
                0x000000001000540c        0x4 CMakeFiles/basic_sweep.dir/home/aquila/pico/pico-sdk/src/rp2_common/pico_standard_link/binary_info.c.obj
 .binary_info.keep.__bi_ptr75
                0x0000000010005410        0x4 CMakeFiles/basic_sweep.dir/home/aquila/pico/pico-sdk/src/rp2_common/pico_standard_link/binary_info.c.obj
 .binary_info.keep.__bi_ptr81
                0x0000000010005414        0x4 CMakeFiles/basic_sweep.dir/home/aquila/pico/pico-sdk/src/rp2_common/pico_standard_link/binary_info.c.obj
 *(.binary_info.*)
                0x0000000010005418                __binary_info_end = .
                0x0000000010005418                . = ALIGN (0x4)
                0x0000000010005418                __etext = .

.ram_vector_table
                0x0000000020000000       0xc0
 *(.ram_vector_table)
 .ram_vector_table
                0x0000000020000000       0xc0 CMakeFiles/basic_sweep.dir/home/aquila/pico/pico-sdk/src/rp2_common/pico_runtime/runtime.c.obj
                0x0000000020000000                ram_vector_table

.data           0x00000000200000c0      0x25c load address 0x0000000010005418
                0x00000000200000c0                __data_start__ = .
 *(vtable)
 *(.time_critical*)
 .time_critical.mutex_enter_blocking
                0x00000000200000c0       0x94 CMakeFiles/basic_sweep.dir/home/aquila/pico/pico-sdk/src/common/pico_sync/mutex.c.obj
                0x00000000200000c0                mutex_enter_blocking
 .time_critical.mutex_try_enter
                0x0000000020000154       0x5a CMakeFiles/basic_sweep.dir/home/aquila/pico/pico-sdk/src/common/pico_sync/mutex.c.obj
                0x0000000020000154                mutex_try_enter
 *fill*         0x00000000200001ae        0x2 
 .time_critical.mutex_exit
                0x00000000200001b0       0x94 CMakeFiles/basic_sweep.dir/home/aquila/pico/pico-sdk/src/common/pico_sync/mutex.c.obj
                0x00000000200001b0                mutex_exit
 *(.text*)
 .text          0x0000000020000244        0x4 /usr/lib/gcc/arm-none-eabi/9.2.1/thumb/v6-m/nofp/libgcc.a(_dvmd_tls.o)
                0x0000000020000244                __aeabi_ldiv0
                0x0000000020000244                __aeabi_idiv0
 .text.__stub   0x0000000020000248       0x10 linker stubs
                0x0000000020000258                . = ALIGN (0x4)
 *(.rodata*)
                0x0000000020000258                . = ALIGN (0x4)
 *(.data*)
 .data.ch_num   0x0000000020000258        0x6 CMakeFiles/basic_sweep.dir/basic_sweep.c.obj
                0x0000000020000258                ch_num
 .data.wrap     0x000000002000025e        0x2 CMakeFiles/basic_sweep.dir/basic_sweep.c.obj
                0x000000002000025e                wrap
 .data.striped_spin_lock_num
                0x0000000020000260        0x1 CMakeFiles/basic_sweep.dir/home/aquila/pico/pico-sdk/src/rp2_common/hardware_sync/sync.c.obj
 *fill*         0x0000000020000261        0x3 
 .data.default_alarm_pool
                0x0000000020000264       0x18 CMakeFiles/basic_sweep.dir/home/aquila/pico/pico-sdk/src/common/pico_time/time.c.obj
 .data.default_alarm_pool_heap
                0x000000002000027c       0x10 CMakeFiles/basic_sweep.dir/home/aquila/pico/pico-sdk/src/common/pico_time/time.c.obj
 .data          0x000000002000028c       0x48 CMakeFiles/basic_sweep.dir/home/aquila/pico/pico-sdk/src/rp2_common/hardware_irq/irq_handler_chain.S.obj
                0x000000002000028c                irq_handler_chain_slots
                0x00000000200002bc                irq_handler_chain_first_slot
                0x00000000200002c6                irq_handler_chain_remove_tail
 *fill*         0x00000000200002d4        0xc 
 .data.aeabi_bits_funcs
                0x00000000200002e0       0x10 CMakeFiles/basic_sweep.dir/home/aquila/pico/pico-sdk/src/rp2_common/pico_bit_ops/bit_ops_aeabi.S.obj
                0x00000000200002e0                aeabi_bits_funcs
                0x00000000200002f0                aeabi_bits_funcs_end
 .data.aeabi_mem_funcs
                0x00000000200002f0       0x10 CMakeFiles/basic_sweep.dir/home/aquila/pico/pico-sdk/src/rp2_common/pico_mem_ops/mem_ops_aeabi.S.obj
                0x00000000200002f0                aeabi_mem_funcs
                0x0000000020000300                aeabi_mem_funcs_end
                0x0000000020000300                . = ALIGN (0x4)
 *(.after_data.*)
                0x0000000020000300                . = ALIGN (0x4)
                0x0000000020000300                PROVIDE (__mutex_array_start = .)
 *(SORT_BY_NAME(.mutex_array.*))
 *(.mutex_array)
 .mutex_array   0x0000000020000300        0x8 CMakeFiles/basic_sweep.dir/home/aquila/pico/pico-sdk/src/rp2_common/pico_stdio/stdio.c.obj
                0x0000000020000308                PROVIDE (__mutex_array_end = .)
                0x0000000020000308                . = ALIGN (0x4)
                0x0000000020000308                PROVIDE (__preinit_array_start = .)
 *(SORT_BY_NAME(.preinit_array.*))
 .preinit_array.00001
                0x0000000020000308        0x4 CMakeFiles/basic_sweep.dir/home/aquila/pico/pico-sdk/src/rp2_common/pico_mem_ops/mem_ops_aeabi.S.obj
 .preinit_array.00010
                0x000000002000030c        0x4 CMakeFiles/basic_sweep.dir/home/aquila/pico/pico-sdk/src/rp2_common/pico_bit_ops/bit_ops_aeabi.S.obj
 .preinit_array.00020
                0x0000000020000310        0x4 CMakeFiles/basic_sweep.dir/home/aquila/pico/pico-sdk/src/rp2_common/pico_double/double_aeabi.S.obj
 .preinit_array.00020
                0x0000000020000314        0x4 CMakeFiles/basic_sweep.dir/home/aquila/pico/pico-sdk/src/rp2_common/pico_float/float_aeabi.S.obj
 *(.preinit_array)
                0x0000000020000318                PROVIDE (__preinit_array_end = .)
                0x0000000020000318                . = ALIGN (0x4)
                0x0000000020000318                PROVIDE (__init_array_start = .)
 *(SORT_BY_NAME(.init_array.*))
 *(.init_array)
 .init_array    0x0000000020000318        0x4 /usr/lib/gcc/arm-none-eabi/9.2.1/thumb/v6-m/nofp/crtbegin.o
                0x000000002000031c                PROVIDE (__init_array_end = .)
                0x000000002000031c                . = ALIGN (0x4)
                0x000000002000031c                PROVIDE (__fini_array_start = .)
 *(SORT_BY_NAME(.fini_array.*))
 *(.fini_array)
                0x000000002000031c                PROVIDE (__fini_array_end = .)
 *(.jcr)
                0x000000002000031c                . = ALIGN (0x4)
                0x000000002000031c                __data_end__ = .

.tm_clone_table
                0x000000002000031c        0x0 load address 0x0000000010005674
 .tm_clone_table
                0x000000002000031c        0x0 /usr/lib/gcc/arm-none-eabi/9.2.1/thumb/v6-m/nofp/crtbegin.o
 .tm_clone_table
                0x000000002000031c        0x0 /usr/lib/gcc/arm-none-eabi/9.2.1/thumb/v6-m/nofp/crtend.o

.igot.plt       0x000000002000031c        0x0 load address 0x0000000010005674
 .igot.plt      0x000000002000031c        0x0 /usr/lib/gcc/arm-none-eabi/9.2.1/thumb/v6-m/nofp/crtbegin.o

.uninitialized_data
                0x000000002000031c        0x0 load address 0x0000000010005674
                0x000000002000031c                . = ALIGN (0x4)
 *(.uninitialized_data*)

.scratch_x      0x0000000020040000        0x0 load address 0x0000000010005674
                0x0000000020040000                __scratch_x_start__ = .
 *(.scratch_x.*)
                0x0000000020040000                . = ALIGN (0x4)
                0x0000000020040000                __scratch_x_end__ = .
                0x0000000010005674                __scratch_x_source__ = LOADADDR (.scratch_x)

.scratch_y      0x0000000020041000        0x0 load address 0x0000000010005674
                0x0000000020041000                __scratch_y_start__ = .
 *(.scratch_y.*)
                0x0000000020041000                . = ALIGN (0x4)
                0x0000000020041000                __scratch_y_end__ = .
                0x0000000010005674                __scratch_y_source__ = LOADADDR (.scratch_y)

.bss            0x0000000020000320      0x3e8
                0x0000000020000320                . = ALIGN (0x4)
                0x0000000020000320                __bss_start__ = .
 *(SORT_BY_ALIGNMENT(SORT_BY_NAME(.bss*)))
 .bss.default_alarm_pool_entries
                0x0000000020000320      0x100 CMakeFiles/basic_sweep.dir/home/aquila/pico/pico-sdk/src/common/pico_time/time.c.obj
 .bss           0x0000000020000420       0x1c /usr/lib/gcc/arm-none-eabi/9.2.1/thumb/v6-m/nofp/crtbegin.o
 .bss.alarm_callbacks
                0x000000002000043c       0x10 CMakeFiles/basic_sweep.dir/home/aquila/pico/pico-sdk/src/rp2_common/hardware_timer/timer.c.obj
 .bss.configured_freq
                0x000000002000044c       0x28 CMakeFiles/basic_sweep.dir/home/aquila/pico/pico-sdk/src/rp2_common/hardware_clocks/clocks.c.obj
 .bss.default_alarm_pool_entry_ids_high
                0x0000000020000474       0x10 CMakeFiles/basic_sweep.dir/home/aquila/pico/pico-sdk/src/common/pico_time/time.c.obj
 .bss.default_alarm_pool_heap_nodes
                0x0000000020000484       0x30 CMakeFiles/basic_sweep.dir/home/aquila/pico/pico-sdk/src/common/pico_time/time.c.obj
 .bss.drivers   0x00000000200004b4        0x4 CMakeFiles/basic_sweep.dir/home/aquila/pico/pico-sdk/src/rp2_common/pico_stdio/stdio.c.obj
 .bss.filter    0x00000000200004b8        0x4 CMakeFiles/basic_sweep.dir/home/aquila/pico/pico-sdk/src/rp2_common/pico_stdio/stdio.c.obj
 .bss.pools     0x00000000200004bc       0x10 CMakeFiles/basic_sweep.dir/home/aquila/pico/pico-sdk/src/common/pico_time/time.c.obj
 .bss.servoInput
                0x00000000200004cc       0x18 CMakeFiles/basic_sweep.dir/basic_sweep.c.obj
                0x00000000200004cc                servoInput
 .bss.sleep_notifier
                0x00000000200004e4        0x4 CMakeFiles/basic_sweep.dir/home/aquila/pico/pico-sdk/src/common/pico_time/time.c.obj
 .bss.slice_ch_num
                0x00000000200004e8        0x6 CMakeFiles/basic_sweep.dir/basic_sweep.c.obj
                0x00000000200004e8                slice_ch_num
 *fill*         0x00000000200004ee        0x2 
 .bss.target_hi
                0x00000000200004f0       0x10 CMakeFiles/basic_sweep.dir/home/aquila/pico/pico-sdk/src/rp2_common/hardware_timer/timer.c.obj
 .bss.claimed   0x0000000020000500        0x1 CMakeFiles/basic_sweep.dir/home/aquila/pico/pico-sdk/src/rp2_common/hardware_timer/timer.c.obj
 .bss.irq_hander_chain_free_slot_head
                0x0000000020000501        0x1 CMakeFiles/basic_sweep.dir/home/aquila/pico/pico-sdk/src/rp2_common/hardware_irq/irq.c.obj
 .bss.timer_callbacks_pending
                0x0000000020000502        0x1 CMakeFiles/basic_sweep.dir/home/aquila/pico/pico-sdk/src/rp2_common/hardware_timer/timer.c.obj
 *(COMMON)
 *fill*         0x0000000020000503        0x1 
 COMMON         0x0000000020000504      0x100 CMakeFiles/basic_sweep.dir/home/aquila/pico/pico-sdk/src/rp2_common/pico_double/double_init_rom.c.obj
                0x0000000020000504                sd_table
 COMMON         0x0000000020000604      0x104 CMakeFiles/basic_sweep.dir/home/aquila/pico/pico-sdk/src/rp2_common/pico_float/float_init_rom.c.obj
                0x0000000020000604                sf_table
                0x0000000020000704                sf_clz_func
                0x0000000020000708                . = ALIGN (0x4)
                0x0000000020000708                __bss_end__ = .

.heap           0x0000000020000708      0x800
                0x0000000020000708                __end__ = .
                0x0000000020000708                end = __end__
 *(.heap*)
 .heap          0x0000000020000708      0x800 CMakeFiles/basic_sweep.dir/home/aquila/pico/pico-sdk/src/rp2_common/pico_standard_link/crt0.S.obj
                0x0000000020000f08                __HeapLimit = .

.stack1_dummy   0x0000000020040000        0x0
 *(.stack1*)

.stack_dummy    0x0000000020041000      0x800
 *(.stack*)
 .stack         0x0000000020041000      0x800 CMakeFiles/basic_sweep.dir/home/aquila/pico/pico-sdk/src/rp2_common/pico_standard_link/crt0.S.obj

.flash_end      0x0000000010005674        0x0
                0x0000000010005674                __flash_binary_end = .
                0x0000000020040000                __StackLimit = (ORIGIN (RAM) + LENGTH (RAM))
                0x0000000020041000                __StackOneTop = (ORIGIN (SCRATCH_X) + LENGTH (SCRATCH_X))
                0x0000000020042000                __StackTop = (ORIGIN (SCRATCH_Y) + LENGTH (SCRATCH_Y))
                0x0000000020041000                __StackOneBottom = (__StackOneTop - SIZEOF (.stack1_dummy))
                0x0000000020041800                __StackBottom = (__StackTop - SIZEOF (.stack_dummy))
                0x0000000020042000                PROVIDE (__stack = __StackTop)
                0x0000000000000001                ASSERT ((__StackLimit >= __HeapLimit), region RAM overflowed)
                0x0000000000000001                ASSERT (((__binary_info_header_end - __logical_binary_start) <= 0x100), Binary info must be in first 256 bytes of the binary)
LOAD CMakeFiles/basic_sweep.dir/basic_sweep.c.obj
LOAD CMakeFiles/basic_sweep.dir/home/aquila/pico/pico-sdk/src/rp2_common/pico_stdlib/stdlib.c.obj
LOAD CMakeFiles/basic_sweep.dir/home/aquila/pico/pico-sdk/src/rp2_common/hardware_gpio/gpio.c.obj
LOAD CMakeFiles/basic_sweep.dir/home/aquila/pico/pico-sdk/src/rp2_common/hardware_claim/claim.c.obj
LOAD CMakeFiles/basic_sweep.dir/home/aquila/pico/pico-sdk/src/rp2_common/pico_platform/platform.c.obj
LOAD CMakeFiles/basic_sweep.dir/home/aquila/pico/pico-sdk/src/rp2_common/hardware_sync/sync.c.obj
LOAD CMakeFiles/basic_sweep.dir/home/aquila/pico/pico-sdk/src/rp2_common/hardware_uart/uart.c.obj
LOAD CMakeFiles/basic_sweep.dir/home/aquila/pico/pico-sdk/src/rp2_common/hardware_divider/divider.S.obj
LOAD CMakeFiles/basic_sweep.dir/home/aquila/pico/pico-sdk/src/common/pico_time/time.c.obj
LOAD CMakeFiles/basic_sweep.dir/home/aquila/pico/pico-sdk/src/common/pico_time/timeout_helper.c.obj
LOAD CMakeFiles/basic_sweep.dir/home/aquila/pico/pico-sdk/src/rp2_common/hardware_timer/timer.c.obj
LOAD CMakeFiles/basic_sweep.dir/home/aquila/pico/pico-sdk/src/common/pico_sync/sem.c.obj
LOAD CMakeFiles/basic_sweep.dir/home/aquila/pico/pico-sdk/src/common/pico_sync/lock_core.c.obj
LOAD CMakeFiles/basic_sweep.dir/home/aquila/pico/pico-sdk/src/common/pico_sync/mutex.c.obj
LOAD CMakeFiles/basic_sweep.dir/home/aquila/pico/pico-sdk/src/common/pico_sync/critical_section.c.obj
LOAD CMakeFiles/basic_sweep.dir/home/aquila/pico/pico-sdk/src/common/pico_util/datetime.c.obj
LOAD CMakeFiles/basic_sweep.dir/home/aquila/pico/pico-sdk/src/common/pico_util/pheap.c.obj
LOAD CMakeFiles/basic_sweep.dir/home/aquila/pico/pico-sdk/src/common/pico_util/queue.c.obj
LOAD CMakeFiles/basic_sweep.dir/home/aquila/pico/pico-sdk/src/rp2_common/pico_runtime/runtime.c.obj
LOAD CMakeFiles/basic_sweep.dir/home/aquila/pico/pico-sdk/src/rp2_common/hardware_clocks/clocks.c.obj
LOAD CMakeFiles/basic_sweep.dir/home/aquila/pico/pico-sdk/src/rp2_common/hardware_irq/irq.c.obj
LOAD CMakeFiles/basic_sweep.dir/home/aquila/pico/pico-sdk/src/rp2_common/hardware_irq/irq_handler_chain.S.obj
LOAD CMakeFiles/basic_sweep.dir/home/aquila/pico/pico-sdk/src/rp2_common/hardware_pll/pll.c.obj
LOAD CMakeFiles/basic_sweep.dir/home/aquila/pico/pico-sdk/src/rp2_common/hardware_vreg/vreg.c.obj
LOAD CMakeFiles/basic_sweep.dir/home/aquila/pico/pico-sdk/src/rp2_common/hardware_watchdog/watchdog.c.obj
LOAD CMakeFiles/basic_sweep.dir/home/aquila/pico/pico-sdk/src/rp2_common/hardware_xosc/xosc.c.obj
LOAD CMakeFiles/basic_sweep.dir/home/aquila/pico/pico-sdk/src/rp2_common/pico_printf/printf.c.obj
LOAD CMakeFiles/basic_sweep.dir/home/aquila/pico/pico-sdk/src/rp2_common/pico_bit_ops/bit_ops_aeabi.S.obj
LOAD CMakeFiles/basic_sweep.dir/home/aquila/pico/pico-sdk/src/rp2_common/pico_bootrom/bootrom.c.obj
LOAD CMakeFiles/basic_sweep.dir/home/aquila/pico/pico-sdk/src/rp2_common/pico_divider/divider.S.obj
LOAD CMakeFiles/basic_sweep.dir/home/aquila/pico/pico-sdk/src/rp2_common/pico_double/double_aeabi.S.obj
LOAD CMakeFiles/basic_sweep.dir/home/aquila/pico/pico-sdk/src/rp2_common/pico_double/double_init_rom.c.obj
LOAD CMakeFiles/basic_sweep.dir/home/aquila/pico/pico-sdk/src/rp2_common/pico_double/double_math.c.obj
LOAD CMakeFiles/basic_sweep.dir/home/aquila/pico/pico-sdk/src/rp2_common/pico_double/double_v1_rom_shim.S.obj
LOAD CMakeFiles/basic_sweep.dir/home/aquila/pico/pico-sdk/src/rp2_common/pico_int64_ops/pico_int64_ops_aeabi.S.obj
LOAD CMakeFiles/basic_sweep.dir/home/aquila/pico/pico-sdk/src/rp2_common/pico_float/float_aeabi.S.obj
LOAD CMakeFiles/basic_sweep.dir/home/aquila/pico/pico-sdk/src/rp2_common/pico_float/float_init_rom.c.obj
LOAD CMakeFiles/basic_sweep.dir/home/aquila/pico/pico-sdk/src/rp2_common/pico_float/float_math.c.obj
LOAD CMakeFiles/basic_sweep.dir/home/aquila/pico/pico-sdk/src/rp2_common/pico_float/float_v1_rom_shim.S.obj
LOAD CMakeFiles/basic_sweep.dir/home/aquila/pico/pico-sdk/src/rp2_common/pico_malloc/pico_malloc.c.obj
LOAD CMakeFiles/basic_sweep.dir/home/aquila/pico/pico-sdk/src/rp2_common/pico_mem_ops/mem_ops_aeabi.S.obj
LOAD CMakeFiles/basic_sweep.dir/home/aquila/pico/pico-sdk/src/rp2_common/pico_standard_link/crt0.S.obj
LOAD CMakeFiles/basic_sweep.dir/home/aquila/pico/pico-sdk/src/rp2_common/pico_standard_link/new_delete.cpp.obj
LOAD CMakeFiles/basic_sweep.dir/home/aquila/pico/pico-sdk/src/rp2_common/pico_standard_link/binary_info.c.obj
LOAD CMakeFiles/basic_sweep.dir/home/aquila/pico/pico-sdk/src/rp2_common/pico_stdio/stdio.c.obj
LOAD CMakeFiles/basic_sweep.dir/home/aquila/pico/pico-sdk/src/rp2_common/pico_stdio_uart/stdio_uart.c.obj
LOAD /tmp/cco9PVlZ.o
LOAD /usr/lib/gcc/arm-none-eabi/9.2.1/../../../arm-none-eabi/lib/thumb/v6-m/nofp/libstdc++.a
LOAD /usr/lib/gcc/arm-none-eabi/9.2.1/../../../arm-none-eabi/lib/thumb/v6-m/nofp/libm.a
START GROUP
LOAD /usr/lib/gcc/arm-none-eabi/9.2.1/thumb/v6-m/nofp/libgcc.a
LOAD /usr/lib/gcc/arm-none-eabi/9.2.1/../../../arm-none-eabi/lib/thumb/v6-m/nofp/libg.a
LOAD /usr/lib/gcc/arm-none-eabi/9.2.1/../../../arm-none-eabi/lib/thumb/v6-m/nofp/libc.a
END GROUP
START GROUP
LOAD /usr/lib/gcc/arm-none-eabi/9.2.1/thumb/v6-m/nofp/libgcc.a
LOAD /usr/lib/gcc/arm-none-eabi/9.2.1/../../../arm-none-eabi/lib/thumb/v6-m/nofp/libc.a
LOAD /usr/lib/gcc/arm-none-eabi/9.2.1/../../../arm-none-eabi/lib/thumb/v6-m/nofp/libnosys.a
END GROUP
LOAD /usr/lib/gcc/arm-none-eabi/9.2.1/thumb/v6-m/nofp/crtend.o
LOAD /usr/lib/gcc/arm-none-eabi/9.2.1/thumb/v6-m/nofp/crtn.o
OUTPUT(basic_sweep.elf elf32-littlearm)
LOAD linker stubs

.ARM.attributes
                0x0000000000000000       0x28
 .ARM.attributes
                0x0000000000000000       0x1e /usr/lib/gcc/arm-none-eabi/9.2.1/thumb/v6-m/nofp/crti.o
 .ARM.attributes
                0x000000000000001e       0x2c /usr/lib/gcc/arm-none-eabi/9.2.1/thumb/v6-m/nofp/crtbegin.o
 .ARM.attributes
                0x000000000000004a       0x2c CMakeFiles/basic_sweep.dir/basic_sweep.c.obj
 .ARM.attributes
                0x0000000000000076       0x2c CMakeFiles/basic_sweep.dir/home/aquila/pico/pico-sdk/src/rp2_common/pico_stdlib/stdlib.c.obj
 .ARM.attributes
                0x00000000000000a2       0x2c CMakeFiles/basic_sweep.dir/home/aquila/pico/pico-sdk/src/rp2_common/hardware_gpio/gpio.c.obj
 .ARM.attributes
                0x00000000000000ce       0x2c CMakeFiles/basic_sweep.dir/home/aquila/pico/pico-sdk/src/rp2_common/hardware_claim/claim.c.obj
 .ARM.attributes
                0x00000000000000fa       0x2c CMakeFiles/basic_sweep.dir/home/aquila/pico/pico-sdk/src/rp2_common/pico_platform/platform.c.obj
 .ARM.attributes
                0x0000000000000126       0x2c CMakeFiles/basic_sweep.dir/home/aquila/pico/pico-sdk/src/rp2_common/hardware_sync/sync.c.obj
 .ARM.attributes
                0x0000000000000152       0x2c CMakeFiles/basic_sweep.dir/home/aquila/pico/pico-sdk/src/common/pico_time/time.c.obj
 .ARM.attributes
                0x000000000000017e       0x2c CMakeFiles/basic_sweep.dir/home/aquila/pico/pico-sdk/src/rp2_common/hardware_timer/timer.c.obj
 .ARM.attributes
                0x00000000000001aa       0x2c CMakeFiles/basic_sweep.dir/home/aquila/pico/pico-sdk/src/common/pico_sync/lock_core.c.obj
 .ARM.attributes
                0x00000000000001d6       0x2c CMakeFiles/basic_sweep.dir/home/aquila/pico/pico-sdk/src/common/pico_sync/mutex.c.obj
 .ARM.attributes
                0x0000000000000202       0x2c CMakeFiles/basic_sweep.dir/home/aquila/pico/pico-sdk/src/common/pico_util/pheap.c.obj
 .ARM.attributes
                0x000000000000022e       0x2c CMakeFiles/basic_sweep.dir/home/aquila/pico/pico-sdk/src/rp2_common/pico_runtime/runtime.c.obj
 .ARM.attributes
                0x000000000000025a       0x2c CMakeFiles/basic_sweep.dir/home/aquila/pico/pico-sdk/src/rp2_common/hardware_clocks/clocks.c.obj
 .ARM.attributes
                0x0000000000000286       0x2c CMakeFiles/basic_sweep.dir/home/aquila/pico/pico-sdk/src/rp2_common/hardware_irq/irq.c.obj
 .ARM.attributes
                0x00000000000002b2       0x22 CMakeFiles/basic_sweep.dir/home/aquila/pico/pico-sdk/src/rp2_common/hardware_irq/irq_handler_chain.S.obj
 .ARM.attributes
                0x00000000000002d4       0x2c CMakeFiles/basic_sweep.dir/home/aquila/pico/pico-sdk/src/rp2_common/hardware_pll/pll.c.obj
 .ARM.attributes
                0x0000000000000300       0x2c CMakeFiles/basic_sweep.dir/home/aquila/pico/pico-sdk/src/rp2_common/hardware_watchdog/watchdog.c.obj
 .ARM.attributes
                0x000000000000032c       0x2c CMakeFiles/basic_sweep.dir/home/aquila/pico/pico-sdk/src/rp2_common/hardware_xosc/xosc.c.obj
 .ARM.attributes
                0x0000000000000358       0x2c CMakeFiles/basic_sweep.dir/home/aquila/pico/pico-sdk/src/rp2_common/pico_printf/printf.c.obj
 .ARM.attributes
                0x0000000000000384       0x22 CMakeFiles/basic_sweep.dir/home/aquila/pico/pico-sdk/src/rp2_common/pico_bit_ops/bit_ops_aeabi.S.obj
 .ARM.attributes
                0x00000000000003a6       0x2c CMakeFiles/basic_sweep.dir/home/aquila/pico/pico-sdk/src/rp2_common/pico_bootrom/bootrom.c.obj
 .ARM.attributes
                0x00000000000003d2       0x22 CMakeFiles/basic_sweep.dir/home/aquila/pico/pico-sdk/src/rp2_common/pico_divider/divider.S.obj
 .ARM.attributes
                0x00000000000003f4       0x22 CMakeFiles/basic_sweep.dir/home/aquila/pico/pico-sdk/src/rp2_common/pico_double/double_aeabi.S.obj
 .ARM.attributes
                0x0000000000000416       0x2c CMakeFiles/basic_sweep.dir/home/aquila/pico/pico-sdk/src/rp2_common/pico_double/double_init_rom.c.obj
 .ARM.attributes
                0x0000000000000442       0x22 CMakeFiles/basic_sweep.dir/home/aquila/pico/pico-sdk/src/rp2_common/pico_double/double_v1_rom_shim.S.obj
 .ARM.attributes
                0x0000000000000464       0x22 CMakeFiles/basic_sweep.dir/home/aquila/pico/pico-sdk/src/rp2_common/pico_int64_ops/pico_int64_ops_aeabi.S.obj
 .ARM.attributes
                0x0000000000000486       0x22 CMakeFiles/basic_sweep.dir/home/aquila/pico/pico-sdk/src/rp2_common/pico_float/float_aeabi.S.obj
 .ARM.attributes
                0x00000000000004a8       0x2c CMakeFiles/basic_sweep.dir/home/aquila/pico/pico-sdk/src/rp2_common/pico_float/float_init_rom.c.obj
 .ARM.attributes
                0x00000000000004d4       0x22 CMakeFiles/basic_sweep.dir/home/aquila/pico/pico-sdk/src/rp2_common/pico_float/float_v1_rom_shim.S.obj
 .ARM.attributes
                0x00000000000004f6       0x22 CMakeFiles/basic_sweep.dir/home/aquila/pico/pico-sdk/src/rp2_common/pico_mem_ops/mem_ops_aeabi.S.obj
 .ARM.attributes
                0x0000000000000518       0x22 CMakeFiles/basic_sweep.dir/home/aquila/pico/pico-sdk/src/rp2_common/pico_standard_link/crt0.S.obj
 .ARM.attributes
                0x000000000000053a       0x32 CMakeFiles/basic_sweep.dir/home/aquila/pico/pico-sdk/src/rp2_common/pico_standard_link/binary_info.c.obj
 .ARM.attributes
                0x000000000000056c       0x2c CMakeFiles/basic_sweep.dir/home/aquila/pico/pico-sdk/src/rp2_common/pico_stdio/stdio.c.obj
 .ARM.attributes
                0x0000000000000598       0x22 /tmp/cco9PVlZ.o
 .ARM.attributes
                0x00000000000005ba       0x1e /usr/lib/gcc/arm-none-eabi/9.2.1/thumb/v6-m/nofp/libgcc.a(_dvmd_tls.o)
 .ARM.attributes
                0x00000000000005d8       0x2c /usr/lib/gcc/arm-none-eabi/9.2.1/../../../arm-none-eabi/lib/thumb/v6-m/nofp/libg.a(lib_a-strlen-stub.o)
 .ARM.attributes
                0x0000000000000604       0x2c /usr/lib/gcc/arm-none-eabi/9.2.1/thumb/v6-m/nofp/crtend.o

.comment        0x0000000000000000       0xa7
 .comment       0x0000000000000000       0x59 /usr/lib/gcc/arm-none-eabi/9.2.1/thumb/v6-m/nofp/crtbegin.o
                                         0x5a (size before relaxing)
 .comment       0x0000000000000059       0x5a CMakeFiles/basic_sweep.dir/basic_sweep.c.obj
 .comment       0x0000000000000059       0x5a CMakeFiles/basic_sweep.dir/home/aquila/pico/pico-sdk/src/rp2_common/pico_stdlib/stdlib.c.obj
 .comment       0x0000000000000059       0x5a CMakeFiles/basic_sweep.dir/home/aquila/pico/pico-sdk/src/rp2_common/hardware_gpio/gpio.c.obj
 .comment       0x0000000000000059       0x5a CMakeFiles/basic_sweep.dir/home/aquila/pico/pico-sdk/src/rp2_common/hardware_claim/claim.c.obj
 .comment       0x0000000000000059       0x5a CMakeFiles/basic_sweep.dir/home/aquila/pico/pico-sdk/src/rp2_common/pico_platform/platform.c.obj
 .comment       0x0000000000000059       0x5a CMakeFiles/basic_sweep.dir/home/aquila/pico/pico-sdk/src/rp2_common/hardware_sync/sync.c.obj
 .comment       0x0000000000000059       0x5a CMakeFiles/basic_sweep.dir/home/aquila/pico/pico-sdk/src/common/pico_time/time.c.obj
 .comment       0x0000000000000059       0x5a CMakeFiles/basic_sweep.dir/home/aquila/pico/pico-sdk/src/rp2_common/hardware_timer/timer.c.obj
 .comment       0x0000000000000059       0x5a CMakeFiles/basic_sweep.dir/home/aquila/pico/pico-sdk/src/common/pico_sync/lock_core.c.obj
 .comment       0x0000000000000059       0x5a CMakeFiles/basic_sweep.dir/home/aquila/pico/pico-sdk/src/common/pico_sync/mutex.c.obj
 .comment       0x0000000000000059       0x5a CMakeFiles/basic_sweep.dir/home/aquila/pico/pico-sdk/src/common/pico_util/pheap.c.obj
 .comment       0x0000000000000059       0x5a CMakeFiles/basic_sweep.dir/home/aquila/pico/pico-sdk/src/rp2_common/pico_runtime/runtime.c.obj
 .comment       0x0000000000000059       0x5a CMakeFiles/basic_sweep.dir/home/aquila/pico/pico-sdk/src/rp2_common/hardware_clocks/clocks.c.obj
 .comment       0x0000000000000059       0x5a CMakeFiles/basic_sweep.dir/home/aquila/pico/pico-sdk/src/rp2_common/hardware_irq/irq.c.obj
 .comment       0x0000000000000059       0x5a CMakeFiles/basic_sweep.dir/home/aquila/pico/pico-sdk/src/rp2_common/hardware_pll/pll.c.obj
 .comment       0x0000000000000059       0x5a CMakeFiles/basic_sweep.dir/home/aquila/pico/pico-sdk/src/rp2_common/hardware_watchdog/watchdog.c.obj
 .comment       0x0000000000000059       0x5a CMakeFiles/basic_sweep.dir/home/aquila/pico/pico-sdk/src/rp2_common/hardware_xosc/xosc.c.obj
 .comment       0x0000000000000059       0x5a CMakeFiles/basic_sweep.dir/home/aquila/pico/pico-sdk/src/rp2_common/pico_printf/printf.c.obj
 .comment       0x0000000000000059       0x5a CMakeFiles/basic_sweep.dir/home/aquila/pico/pico-sdk/src/rp2_common/pico_bootrom/bootrom.c.obj
 .comment       0x0000000000000059       0x5a CMakeFiles/basic_sweep.dir/home/aquila/pico/pico-sdk/src/rp2_common/pico_double/double_init_rom.c.obj
 .comment       0x0000000000000059       0x5a CMakeFiles/basic_sweep.dir/home/aquila/pico/pico-sdk/src/rp2_common/pico_float/float_init_rom.c.obj
 .comment       0x0000000000000059       0x5a CMakeFiles/basic_sweep.dir/home/aquila/pico/pico-sdk/src/rp2_common/pico_standard_link/binary_info.c.obj
 .comment       0x0000000000000059       0x5a CMakeFiles/basic_sweep.dir/home/aquila/pico/pico-sdk/src/rp2_common/pico_stdio/stdio.c.obj
 .comment       0x0000000000000059       0x4e /usr/lib/gcc/arm-none-eabi/9.2.1/../../../arm-none-eabi/lib/thumb/v6-m/nofp/libg.a(lib_a-strlen-stub.o)
                                         0x4f (size before relaxing)
 .comment       0x00000000000000a7       0x5a /usr/lib/gcc/arm-none-eabi/9.2.1/thumb/v6-m/nofp/crtend.o

.debug_info     0x0000000000000000    0x16ebe
 .debug_info    0x0000000000000000     0x1545 CMakeFiles/basic_sweep.dir/basic_sweep.c.obj
 .debug_info    0x0000000000001545      0x504 CMakeFiles/basic_sweep.dir/home/aquila/pico/pico-sdk/src/rp2_common/pico_stdlib/stdlib.c.obj
 .debug_info    0x0000000000001a49     0x144d CMakeFiles/basic_sweep.dir/home/aquila/pico/pico-sdk/src/rp2_common/hardware_gpio/gpio.c.obj
 .debug_info    0x0000000000002e96      0x6a2 CMakeFiles/basic_sweep.dir/home/aquila/pico/pico-sdk/src/rp2_common/hardware_claim/claim.c.obj
 .debug_info    0x0000000000003538      0x1cb CMakeFiles/basic_sweep.dir/home/aquila/pico/pico-sdk/src/rp2_common/pico_platform/platform.c.obj
 .debug_info    0x0000000000003703      0x576 CMakeFiles/basic_sweep.dir/home/aquila/pico/pico-sdk/src/rp2_common/hardware_sync/sync.c.obj
 .debug_info    0x0000000000003c79     0x4352 CMakeFiles/basic_sweep.dir/home/aquila/pico/pico-sdk/src/common/pico_time/time.c.obj
 .debug_info    0x0000000000007fcb     0x10e2 CMakeFiles/basic_sweep.dir/home/aquila/pico/pico-sdk/src/rp2_common/hardware_timer/timer.c.obj
 .debug_info    0x00000000000090ad      0x1e4 CMakeFiles/basic_sweep.dir/home/aquila/pico/pico-sdk/src/common/pico_sync/lock_core.c.obj
 .debug_info    0x0000000000009291     0x1384 CMakeFiles/basic_sweep.dir/home/aquila/pico/pico-sdk/src/common/pico_sync/mutex.c.obj
 .debug_info    0x000000000000a615     0x1aa5 CMakeFiles/basic_sweep.dir/home/aquila/pico/pico-sdk/src/common/pico_util/pheap.c.obj
 .debug_info    0x000000000000c0ba     0x128a CMakeFiles/basic_sweep.dir/home/aquila/pico/pico-sdk/src/rp2_common/pico_runtime/runtime.c.obj
 .debug_info    0x000000000000d344      0xeec CMakeFiles/basic_sweep.dir/home/aquila/pico/pico-sdk/src/rp2_common/hardware_clocks/clocks.c.obj
 .debug_info    0x000000000000e230     0x190c CMakeFiles/basic_sweep.dir/home/aquila/pico/pico-sdk/src/rp2_common/hardware_irq/irq.c.obj
 .debug_info    0x000000000000fb3c       0x26 CMakeFiles/basic_sweep.dir/home/aquila/pico/pico-sdk/src/rp2_common/hardware_irq/irq_handler_chain.S.obj
 .debug_info    0x000000000000fb62      0x4d6 CMakeFiles/basic_sweep.dir/home/aquila/pico/pico-sdk/src/rp2_common/hardware_pll/pll.c.obj
 .debug_info    0x0000000000010038      0xd2c CMakeFiles/basic_sweep.dir/home/aquila/pico/pico-sdk/src/rp2_common/hardware_watchdog/watchdog.c.obj
 .debug_info    0x0000000000010d64      0x1c5 CMakeFiles/basic_sweep.dir/home/aquila/pico/pico-sdk/src/rp2_common/hardware_xosc/xosc.c.obj
 .debug_info    0x0000000000010f29     0x1fbf CMakeFiles/basic_sweep.dir/home/aquila/pico/pico-sdk/src/rp2_common/pico_printf/printf.c.obj
 .debug_info    0x0000000000012ee8       0x22 CMakeFiles/basic_sweep.dir/home/aquila/pico/pico-sdk/src/rp2_common/pico_bit_ops/bit_ops_aeabi.S.obj
 .debug_info    0x0000000000012f0a      0x20d CMakeFiles/basic_sweep.dir/home/aquila/pico/pico-sdk/src/rp2_common/pico_bootrom/bootrom.c.obj
 .debug_info    0x0000000000013117       0x22 CMakeFiles/basic_sweep.dir/home/aquila/pico/pico-sdk/src/rp2_common/pico_divider/divider.S.obj
 .debug_info    0x0000000000013139       0x22 CMakeFiles/basic_sweep.dir/home/aquila/pico/pico-sdk/src/rp2_common/pico_double/double_aeabi.S.obj
 .debug_info    0x000000000001315b      0xaf9 CMakeFiles/basic_sweep.dir/home/aquila/pico/pico-sdk/src/rp2_common/pico_double/double_init_rom.c.obj
 .debug_info    0x0000000000013c54       0x22 CMakeFiles/basic_sweep.dir/home/aquila/pico/pico-sdk/src/rp2_common/pico_double/double_v1_rom_shim.S.obj
 .debug_info    0x0000000000013c76       0x26 CMakeFiles/basic_sweep.dir/home/aquila/pico/pico-sdk/src/rp2_common/pico_int64_ops/pico_int64_ops_aeabi.S.obj
 .debug_info    0x0000000000013c9c       0x22 CMakeFiles/basic_sweep.dir/home/aquila/pico/pico-sdk/src/rp2_common/pico_float/float_aeabi.S.obj
 .debug_info    0x0000000000013cbe      0xb42 CMakeFiles/basic_sweep.dir/home/aquila/pico/pico-sdk/src/rp2_common/pico_float/float_init_rom.c.obj
 .debug_info    0x0000000000014800       0x22 CMakeFiles/basic_sweep.dir/home/aquila/pico/pico-sdk/src/rp2_common/pico_float/float_v1_rom_shim.S.obj
 .debug_info    0x0000000000014822       0x22 CMakeFiles/basic_sweep.dir/home/aquila/pico/pico-sdk/src/rp2_common/pico_mem_ops/mem_ops_aeabi.S.obj
 .debug_info    0x0000000000014844       0x22 CMakeFiles/basic_sweep.dir/home/aquila/pico/pico-sdk/src/rp2_common/pico_standard_link/crt0.S.obj
 .debug_info    0x0000000000014866      0x2c6 CMakeFiles/basic_sweep.dir/home/aquila/pico/pico-sdk/src/rp2_common/pico_standard_link/binary_info.c.obj
 .debug_info    0x0000000000014b2c     0x19f9 CMakeFiles/basic_sweep.dir/home/aquila/pico/pico-sdk/src/rp2_common/pico_stdio/stdio.c.obj
 .debug_info    0x0000000000016525       0x26 /usr/lib/gcc/arm-none-eabi/9.2.1/thumb/v6-m/nofp/libgcc.a(_dvmd_tls.o)
 .debug_info    0x000000000001654b      0x973 /usr/lib/gcc/arm-none-eabi/9.2.1/../../../arm-none-eabi/lib/thumb/v6-m/nofp/libg.a(lib_a-strlen-stub.o)

.debug_abbrev   0x0000000000000000     0x46db
 .debug_abbrev  0x0000000000000000      0x419 CMakeFiles/basic_sweep.dir/basic_sweep.c.obj
 .debug_abbrev  0x0000000000000419      0x1b3 CMakeFiles/basic_sweep.dir/home/aquila/pico/pico-sdk/src/rp2_common/pico_stdlib/stdlib.c.obj
 .debug_abbrev  0x00000000000005cc      0x2c4 CMakeFiles/basic_sweep.dir/home/aquila/pico/pico-sdk/src/rp2_common/hardware_gpio/gpio.c.obj
 .debug_abbrev  0x0000000000000890      0x2d6 CMakeFiles/basic_sweep.dir/home/aquila/pico/pico-sdk/src/rp2_common/hardware_claim/claim.c.obj
 .debug_abbrev  0x0000000000000b66       0xeb CMakeFiles/basic_sweep.dir/home/aquila/pico/pico-sdk/src/rp2_common/pico_platform/platform.c.obj
 .debug_abbrev  0x0000000000000c51      0x21b CMakeFiles/basic_sweep.dir/home/aquila/pico/pico-sdk/src/rp2_common/hardware_sync/sync.c.obj
 .debug_abbrev  0x0000000000000e6c      0x617 CMakeFiles/basic_sweep.dir/home/aquila/pico/pico-sdk/src/common/pico_time/time.c.obj
 .debug_abbrev  0x0000000000001483      0x38d CMakeFiles/basic_sweep.dir/home/aquila/pico/pico-sdk/src/rp2_common/hardware_timer/timer.c.obj
 .debug_abbrev  0x0000000000001810      0x138 CMakeFiles/basic_sweep.dir/home/aquila/pico/pico-sdk/src/common/pico_sync/lock_core.c.obj
 .debug_abbrev  0x0000000000001948      0x3a1 CMakeFiles/basic_sweep.dir/home/aquila/pico/pico-sdk/src/common/pico_sync/mutex.c.obj
 .debug_abbrev  0x0000000000001ce9      0x3ad CMakeFiles/basic_sweep.dir/home/aquila/pico/pico-sdk/src/common/pico_util/pheap.c.obj
 .debug_abbrev  0x0000000000002096      0x451 CMakeFiles/basic_sweep.dir/home/aquila/pico/pico-sdk/src/rp2_common/pico_runtime/runtime.c.obj
 .debug_abbrev  0x00000000000024e7      0x383 CMakeFiles/basic_sweep.dir/home/aquila/pico/pico-sdk/src/rp2_common/hardware_clocks/clocks.c.obj
 .debug_abbrev  0x000000000000286a      0x4b4 CMakeFiles/basic_sweep.dir/home/aquila/pico/pico-sdk/src/rp2_common/hardware_irq/irq.c.obj
 .debug_abbrev  0x0000000000002d1e       0x14 CMakeFiles/basic_sweep.dir/home/aquila/pico/pico-sdk/src/rp2_common/hardware_irq/irq_handler_chain.S.obj
 .debug_abbrev  0x0000000000002d32      0x1ee CMakeFiles/basic_sweep.dir/home/aquila/pico/pico-sdk/src/rp2_common/hardware_pll/pll.c.obj
 .debug_abbrev  0x0000000000002f20      0x2d8 CMakeFiles/basic_sweep.dir/home/aquila/pico/pico-sdk/src/rp2_common/hardware_watchdog/watchdog.c.obj
 .debug_abbrev  0x00000000000031f8      0x109 CMakeFiles/basic_sweep.dir/home/aquila/pico/pico-sdk/src/rp2_common/hardware_xosc/xosc.c.obj
 .debug_abbrev  0x0000000000003301      0x4a1 CMakeFiles/basic_sweep.dir/home/aquila/pico/pico-sdk/src/rp2_common/pico_printf/printf.c.obj
 .debug_abbrev  0x00000000000037a2       0x12 CMakeFiles/basic_sweep.dir/home/aquila/pico/pico-sdk/src/rp2_common/pico_bit_ops/bit_ops_aeabi.S.obj
 .debug_abbrev  0x00000000000037b4       0xf8 CMakeFiles/basic_sweep.dir/home/aquila/pico/pico-sdk/src/rp2_common/pico_bootrom/bootrom.c.obj
 .debug_abbrev  0x00000000000038ac       0x12 CMakeFiles/basic_sweep.dir/home/aquila/pico/pico-sdk/src/rp2_common/pico_divider/divider.S.obj
 .debug_abbrev  0x00000000000038be       0x12 CMakeFiles/basic_sweep.dir/home/aquila/pico/pico-sdk/src/rp2_common/pico_double/double_aeabi.S.obj
 .debug_abbrev  0x00000000000038d0      0x2af CMakeFiles/basic_sweep.dir/home/aquila/pico/pico-sdk/src/rp2_common/pico_double/double_init_rom.c.obj
 .debug_abbrev  0x0000000000003b7f       0x12 CMakeFiles/basic_sweep.dir/home/aquila/pico/pico-sdk/src/rp2_common/pico_double/double_v1_rom_shim.S.obj
 .debug_abbrev  0x0000000000003b91       0x14 CMakeFiles/basic_sweep.dir/home/aquila/pico/pico-sdk/src/rp2_common/pico_int64_ops/pico_int64_ops_aeabi.S.obj
 .debug_abbrev  0x0000000000003ba5       0x12 CMakeFiles/basic_sweep.dir/home/aquila/pico/pico-sdk/src/rp2_common/pico_float/float_aeabi.S.obj
 .debug_abbrev  0x0000000000003bb7      0x2c2 CMakeFiles/basic_sweep.dir/home/aquila/pico/pico-sdk/src/rp2_common/pico_float/float_init_rom.c.obj
 .debug_abbrev  0x0000000000003e79       0x12 CMakeFiles/basic_sweep.dir/home/aquila/pico/pico-sdk/src/rp2_common/pico_float/float_v1_rom_shim.S.obj
 .debug_abbrev  0x0000000000003e8b       0x12 CMakeFiles/basic_sweep.dir/home/aquila/pico/pico-sdk/src/rp2_common/pico_mem_ops/mem_ops_aeabi.S.obj
 .debug_abbrev  0x0000000000003e9d       0x12 CMakeFiles/basic_sweep.dir/home/aquila/pico/pico-sdk/src/rp2_common/pico_standard_link/crt0.S.obj
 .debug_abbrev  0x0000000000003eaf       0xad CMakeFiles/basic_sweep.dir/home/aquila/pico/pico-sdk/src/rp2_common/pico_standard_link/binary_info.c.obj
 .debug_abbrev  0x0000000000003f5c      0x583 CMakeFiles/basic_sweep.dir/home/aquila/pico/pico-sdk/src/rp2_common/pico_stdio/stdio.c.obj
 .debug_abbrev  0x00000000000044df       0x14 /usr/lib/gcc/arm-none-eabi/9.2.1/thumb/v6-m/nofp/libgcc.a(_dvmd_tls.o)
 .debug_abbrev  0x00000000000044f3      0x1e8 /usr/lib/gcc/arm-none-eabi/9.2.1/../../../arm-none-eabi/lib/thumb/v6-m/nofp/libg.a(lib_a-strlen-stub.o)

.debug_loc      0x0000000000000000     0xc7ab
 .debug_loc     0x0000000000000000      0x52e CMakeFiles/basic_sweep.dir/basic_sweep.c.obj
 .debug_loc     0x000000000000052e      0x2d7 CMakeFiles/basic_sweep.dir/home/aquila/pico/pico-sdk/src/rp2_common/pico_stdlib/stdlib.c.obj
 .debug_loc     0x0000000000000805      0xede CMakeFiles/basic_sweep.dir/home/aquila/pico/pico-sdk/src/rp2_common/hardware_gpio/gpio.c.obj
 .debug_loc     0x00000000000016e3      0x45f CMakeFiles/basic_sweep.dir/home/aquila/pico/pico-sdk/src/rp2_common/hardware_claim/claim.c.obj
 .debug_loc     0x0000000000001b42       0xe9 CMakeFiles/basic_sweep.dir/home/aquila/pico/pico-sdk/src/rp2_common/pico_platform/platform.c.obj
 .debug_loc     0x0000000000001c2b      0x233 CMakeFiles/basic_sweep.dir/home/aquila/pico/pico-sdk/src/rp2_common/hardware_sync/sync.c.obj
 .debug_loc     0x0000000000001e5e     0x2e2a CMakeFiles/basic_sweep.dir/home/aquila/pico/pico-sdk/src/common/pico_time/time.c.obj
 .debug_loc     0x0000000000004c88      0x952 CMakeFiles/basic_sweep.dir/home/aquila/pico/pico-sdk/src/rp2_common/hardware_timer/timer.c.obj
 .debug_loc     0x00000000000055da       0x60 CMakeFiles/basic_sweep.dir/home/aquila/pico/pico-sdk/src/common/pico_sync/lock_core.c.obj
 .debug_loc     0x000000000000563a      0xbf7 CMakeFiles/basic_sweep.dir/home/aquila/pico/pico-sdk/src/common/pico_sync/mutex.c.obj
 .debug_loc     0x0000000000006231     0x1412 CMakeFiles/basic_sweep.dir/home/aquila/pico/pico-sdk/src/common/pico_util/pheap.c.obj
 .debug_loc     0x0000000000007643      0x3c6 CMakeFiles/basic_sweep.dir/home/aquila/pico/pico-sdk/src/rp2_common/pico_runtime/runtime.c.obj
 .debug_loc     0x0000000000007a09      0x805 CMakeFiles/basic_sweep.dir/home/aquila/pico/pico-sdk/src/rp2_common/hardware_clocks/clocks.c.obj
 .debug_loc     0x000000000000820e     0x11a8 CMakeFiles/basic_sweep.dir/home/aquila/pico/pico-sdk/src/rp2_common/hardware_irq/irq.c.obj
 .debug_loc     0x00000000000093b6      0x300 CMakeFiles/basic_sweep.dir/home/aquila/pico/pico-sdk/src/rp2_common/hardware_pll/pll.c.obj
 .debug_loc     0x00000000000096b6      0x267 CMakeFiles/basic_sweep.dir/home/aquila/pico/pico-sdk/src/rp2_common/hardware_watchdog/watchdog.c.obj
 .debug_loc     0x000000000000991d       0x71 CMakeFiles/basic_sweep.dir/home/aquila/pico/pico-sdk/src/rp2_common/hardware_xosc/xosc.c.obj
 .debug_loc     0x000000000000998e     0x210c CMakeFiles/basic_sweep.dir/home/aquila/pico/pico-sdk/src/rp2_common/pico_printf/printf.c.obj
 .debug_loc     0x000000000000ba9a      0x16f CMakeFiles/basic_sweep.dir/home/aquila/pico/pico-sdk/src/rp2_common/pico_bootrom/bootrom.c.obj
 .debug_loc     0x000000000000bc09       0x59 CMakeFiles/basic_sweep.dir/home/aquila/pico/pico-sdk/src/rp2_common/pico_double/double_init_rom.c.obj
 .debug_loc     0x000000000000bc62       0x73 CMakeFiles/basic_sweep.dir/home/aquila/pico/pico-sdk/src/rp2_common/pico_float/float_init_rom.c.obj
 .debug_loc     0x000000000000bcd5      0xa33 CMakeFiles/basic_sweep.dir/home/aquila/pico/pico-sdk/src/rp2_common/pico_stdio/stdio.c.obj
 .debug_loc     0x000000000000c708       0xa3 /usr/lib/gcc/arm-none-eabi/9.2.1/../../../arm-none-eabi/lib/thumb/v6-m/nofp/libg.a(lib_a-strlen-stub.o)

.debug_aranges  0x0000000000000000      0xd30
 .debug_aranges
                0x0000000000000000       0x30 CMakeFiles/basic_sweep.dir/basic_sweep.c.obj
 .debug_aranges
                0x0000000000000030       0x38 CMakeFiles/basic_sweep.dir/home/aquila/pico/pico-sdk/src/rp2_common/pico_stdlib/stdlib.c.obj
 .debug_aranges
                0x0000000000000068       0xd8 CMakeFiles/basic_sweep.dir/home/aquila/pico/pico-sdk/src/rp2_common/hardware_gpio/gpio.c.obj
 .debug_aranges
                0x0000000000000140       0x48 CMakeFiles/basic_sweep.dir/home/aquila/pico/pico-sdk/src/rp2_common/hardware_claim/claim.c.obj
 .debug_aranges
                0x0000000000000188       0x28 CMakeFiles/basic_sweep.dir/home/aquila/pico/pico-sdk/src/rp2_common/pico_platform/platform.c.obj
 .debug_aranges
                0x00000000000001b0       0x58 CMakeFiles/basic_sweep.dir/home/aquila/pico/pico-sdk/src/rp2_common/hardware_sync/sync.c.obj
 .debug_aranges
                0x0000000000000208       0xd0 CMakeFiles/basic_sweep.dir/home/aquila/pico/pico-sdk/src/common/pico_time/time.c.obj
 .debug_aranges
                0x00000000000002d8       0x78 CMakeFiles/basic_sweep.dir/home/aquila/pico/pico-sdk/src/rp2_common/hardware_timer/timer.c.obj
 .debug_aranges
                0x0000000000000350       0x20 CMakeFiles/basic_sweep.dir/home/aquila/pico/pico-sdk/src/common/pico_sync/lock_core.c.obj
 .debug_aranges
                0x0000000000000370       0x60 CMakeFiles/basic_sweep.dir/home/aquila/pico/pico-sdk/src/common/pico_sync/mutex.c.obj
 .debug_aranges
                0x00000000000003d0       0x78 CMakeFiles/basic_sweep.dir/home/aquila/pico/pico-sdk/src/common/pico_util/pheap.c.obj
 .debug_aranges
                0x0000000000000448       0x60 CMakeFiles/basic_sweep.dir/home/aquila/pico/pico-sdk/src/rp2_common/pico_runtime/runtime.c.obj
 .debug_aranges
                0x00000000000004a8       0x70 CMakeFiles/basic_sweep.dir/home/aquila/pico/pico-sdk/src/rp2_common/hardware_clocks/clocks.c.obj
 .debug_aranges
                0x0000000000000518       0x90 CMakeFiles/basic_sweep.dir/home/aquila/pico/pico-sdk/src/rp2_common/hardware_irq/irq.c.obj
 .debug_aranges