Archive member included to satisfy reference by file (symbol)

/usr/lib/gcc/arm-none-eabi/9.2.1/thumb/v6-m/nofp/libgcc.a(_dvmd_tls.o)
                              CMakeFiles/basic_sweep.dir/home/aquila/pico/pico-sdk/src/rp2_common/pico_divider/divider.S.obj (__aeabi_idiv0)
/usr/lib/gcc/arm-none-eabi/9.2.1/../../../arm-none-eabi/lib/thumb/v6-m/nofp/libg.a(lib_a-atexit.o)
                              /usr/lib/gcc/arm-none-eabi/9.2.1/../../../arm-none-eabi/lib/thumb/v6-m/nofp/crt0.o (atexit)
/usr/lib/gcc/arm-none-eabi/9.2.1/../../../arm-none-eabi/lib/thumb/v6-m/nofp/libg.a(lib_a-calloc.o)
                              CMakeFiles/basic_sweep.dir/home/aquila/pico/pico-sdk/src/rp2_common/pico_malloc/pico_malloc.c.obj (calloc)
/usr/lib/gcc/arm-none-eabi/9.2.1/../../../arm-none-eabi/lib/thumb/v6-m/nofp/libg.a(lib_a-callocr.o)
                              /usr/lib/gcc/arm-none-eabi/9.2.1/../../../arm-none-eabi/lib/thumb/v6-m/nofp/libg.a(lib_a-calloc.o) (_calloc_r)
/usr/lib/gcc/arm-none-eabi/9.2.1/../../../arm-none-eabi/lib/thumb/v6-m/nofp/libg.a(lib_a-fini.o)
                              /usr/lib/gcc/arm-none-eabi/9.2.1/../../../arm-none-eabi/lib/thumb/v6-m/nofp/crt0.o (__libc_fini_array)
/usr/lib/gcc/arm-none-eabi/9.2.1/../../../arm-none-eabi/lib/thumb/v6-m/nofp/libg.a(lib_a-impure.o)
                              /usr/lib/gcc/arm-none-eabi/9.2.1/../../../arm-none-eabi/lib/thumb/v6-m/nofp/libg.a(lib_a-calloc.o) (_impure_ptr)
/usr/lib/gcc/arm-none-eabi/9.2.1/../../../arm-none-eabi/lib/thumb/v6-m/nofp/libg.a(lib_a-init.o)
                              /usr/lib/gcc/arm-none-eabi/9.2.1/../../../arm-none-eabi/lib/thumb/v6-m/nofp/crt0.o (__libc_init_array)
/usr/lib/gcc/arm-none-eabi/9.2.1/../../../arm-none-eabi/lib/thumb/v6-m/nofp/libg.a(lib_a-malloc.o)
                              CMakeFiles/basic_sweep.dir/home/aquila/pico/pico-sdk/src/rp2_common/pico_malloc/pico_malloc.c.obj (malloc)
/usr/lib/gcc/arm-none-eabi/9.2.1/../../../arm-none-eabi/lib/thumb/v6-m/nofp/libg.a(lib_a-mallocr.o)
                              /usr/lib/gcc/arm-none-eabi/9.2.1/../../../arm-none-eabi/lib/thumb/v6-m/nofp/libg.a(lib_a-callocr.o) (_malloc_r)
/usr/lib/gcc/arm-none-eabi/9.2.1/../../../arm-none-eabi/lib/thumb/v6-m/nofp/libg.a(lib_a-mlock.o)
                              /usr/lib/gcc/arm-none-eabi/9.2.1/../../../arm-none-eabi/lib/thumb/v6-m/nofp/libg.a(lib_a-mallocr.o) (__malloc_lock)
/usr/lib/gcc/arm-none-eabi/9.2.1/../../../arm-none-eabi/lib/thumb/v6-m/nofp/libg.a(lib_a-sbrkr.o)
                              /usr/lib/gcc/arm-none-eabi/9.2.1/../../../arm-none-eabi/lib/thumb/v6-m/nofp/libg.a(lib_a-mallocr.o) (_sbrk_r)
/usr/lib/gcc/arm-none-eabi/9.2.1/../../../arm-none-eabi/lib/thumb/v6-m/nofp/libg.a(lib_a-strlen-stub.o)
                              CMakeFiles/basic_sweep.dir/home/aquila/pico/pico-sdk/src/rp2_common/pico_stdio/stdio.c.obj (strlen)
/usr/lib/gcc/arm-none-eabi/9.2.1/../../../arm-none-eabi/lib/thumb/v6-m/nofp/libg.a(lib_a-__atexit.o)
                              /usr/lib/gcc/arm-none-eabi/9.2.1/../../../arm-none-eabi/lib/thumb/v6-m/nofp/libg.a(lib_a-atexit.o) (__register_exitproc)
/usr/lib/gcc/arm-none-eabi/9.2.1/../../../arm-none-eabi/lib/thumb/v6-m/nofp/libg.a(lib_a-freer.o)
                              /usr/lib/gcc/arm-none-eabi/9.2.1/../../../arm-none-eabi/lib/thumb/v6-m/nofp/libg.a(lib_a-malloc.o) (_free_r)
/usr/lib/gcc/arm-none-eabi/9.2.1/../../../arm-none-eabi/lib/thumb/v6-m/nofp/libg.a(lib_a-reent.o)
                              /usr/lib/gcc/arm-none-eabi/9.2.1/../../../arm-none-eabi/lib/thumb/v6-m/nofp/libg.a(lib_a-sbrkr.o) (errno)

Allocating common symbols
Common symbol       size              file

sf_table            0x100             CMakeFiles/basic_sweep.dir/home/aquila/pico/pico-sdk/src/rp2_common/pico_float/float_init_rom.c.obj
errno               0x4               /usr/lib/gcc/arm-none-eabi/9.2.1/../../../arm-none-eabi/lib/thumb/v6-m/nofp/libg.a(lib_a-reent.o)
sf_clz_func         0x4               CMakeFiles/basic_sweep.dir/home/aquila/pico/pico-sdk/src/rp2_common/pico_float/float_init_rom.c.obj
sd_table            0x100             CMakeFiles/basic_sweep.dir/home/aquila/pico/pico-sdk/src/rp2_common/pico_double/double_init_rom.c.obj
uart_char_to_line_feed
                    0x4               CMakeFiles/basic_sweep.dir/home/aquila/pico/pico-sdk/src/rp2_common/hardware_uart/uart.c.obj

Discarded input sections

 .text          0x0000000000000000        0x0 /usr/lib/gcc/arm-none-eabi/9.2.1/thumb/v6-m/nofp/crti.o
 .data          0x0000000000000000        0x0 /usr/lib/gcc/arm-none-eabi/9.2.1/thumb/v6-m/nofp/crti.o
 .bss           0x0000000000000000        0x0 /usr/lib/gcc/arm-none-eabi/9.2.1/thumb/v6-m/nofp/crti.o
 .data          0x0000000000000000        0x4 /usr/lib/gcc/arm-none-eabi/9.2.1/thumb/v6-m/nofp/crtbegin.o
 .fini_array    0x0000000000000000        0x4 /usr/lib/gcc/arm-none-eabi/9.2.1/thumb/v6-m/nofp/crtbegin.o
[...]
Memory Configuration

Name             Origin             Length             Attributes
FLASH            0x0000000010000000 0x0000000000200000 xr
RAM              0x0000000020000000 0x0000000000040000 xrw
SCRATCH_X        0x0000000020040000 0x0000000000001000 xrw
SCRATCH_Y        0x0000000020041000 0x0000000000001000 xrw
*default*        0x0000000000000000 0xffffffffffffffff

Linker script and memory map

LOAD /usr/lib/gcc/arm-none-eabi/9.2.1/thumb/v6-m/nofp/crti.o
LOAD /usr/lib/gcc/arm-none-eabi/9.2.1/thumb/v6-m/nofp/crtbegin.o
LOAD /usr/lib/gcc/arm-none-eabi/9.2.1/../../../arm-none-eabi/lib/thumb/v6-m/nofp/crt0.o

.flash_begin    0x0000000010000000        0x0
                0x0000000010000000                __flash_binary_start = .

.boot2          0x0000000010000000      0x100
                0x0000000010000000                __boot2_start__ = .
 *(.boot2)
 .boot2         0x0000000010000000      0x100 /tmp/ccSGa6Tk.o
                0x0000000010000100                __boot2_end__ = .
                0x0000000000000001                ASSERT (((__boot2_end__ - __boot2_start__) == 0x100), ERROR: Pico second stage bootloader must be 256 bytes in size)

.text           0x0000000010000100     0x3e30
                0x0000000010000100                __logical_binary_start = .
 *(.vectors)
 .vectors       0x0000000010000100       0xd4 CMakeFiles/basic_sweep.dir/home/aquila/pico/pico-sdk/src/rp2_common/pico_standard_link/crt0.S.obj
                0x0000000010000100                __vectors
                0x0000000010000100                __VECTOR_TABLE
                0x00000000100001c0                isr_invalid
                0x00000000100001c0                __default_isrs_start
                0x00000000100001c2                isr_nmi
                0x00000000100001c4                isr_hardfault
                0x00000000100001c6                isr_svcall
                0x00000000100001c8                isr_pendsv
                0x00000000100001ca                isr_systick
                0x00000000100001cc                isr_irq30
                0x00000000100001cc                __unhandled_user_irq
                0x00000000100001cc                isr_irq13
                0x00000000100001cc                isr_irq27
                0x00000000100001cc                isr_irq31
                0x00000000100001cc                isr_irq5
                0x00000000100001cc                isr_irq11
                0x00000000100001cc                isr_irq23
                0x00000000100001cc                isr_irq18
                0x00000000100001cc                isr_irq28
                0x00000000100001cc                isr_irq19
                0x00000000100001cc                isr_irq0
                0x00000000100001cc                isr_irq6
                0x00000000100001cc                isr_irq22
                0x00000000100001cc                isr_irq17
                0x00000000100001cc                isr_irq14
                0x00000000100001cc                isr_irq2
                0x00000000100001cc                isr_irq10
                0x00000000100001cc                isr_irq8
                0x00000000100001cc                isr_irq24
                0x00000000100001cc                isr_irq1
                0x00000000100001cc                isr_irq7
                0x00000000100001cc                isr_irq21
                0x00000000100001cc                isr_irq20
                0x00000000100001cc                isr_irq15
                0x00000000100001cc                isr_irq25
                0x00000000100001cc                isr_irq4
                0x00000000100001cc                isr_irq16
                0x00000000100001cc                isr_irq29
                0x00000000100001cc                isr_irq26
                0x00000000100001cc                __default_isrs_end
                0x00000000100001cc                isr_irq3
                0x00000000100001cc                isr_irq12
                0x00000000100001cc                isr_irq9
                0x00000000100001d2                unhandled_user_irq_num_in_r0
 *(.binary_info_header)
 .binary_info_header
                0x00000000100001d4       0x14 CMakeFiles/basic_sweep.dir/home/aquila/pico/pico-sdk/src/rp2_common/pico_standard_link/crt0.S.obj
                0x00000000100001e8                __binary_info_header_end = .
 *(.reset)
 .reset         0x00000000100001e8       0xa8 CMakeFiles/basic_sweep.dir/home/aquila/pico/pico-sdk/src/rp2_common/pico_standard_link/crt0.S.obj
                0x00000000100001e8                _entry_point
                0x0000000010000266                __get_current_exception
 .reset         0x0000000010000290       0x30 CMakeFiles/basic_sweep.dir/home/aquila/pico/pico-sdk/src/rp2_common/pico_standard_link/binary_info.c.obj
 *(.init)
 .init          0x00000000100002c0        0x4 /usr/lib/gcc/arm-none-eabi/9.2.1/thumb/v6-m/nofp/crti.o
                0x00000000100002c0                _init
 *(EXCLUDE_FILE(*libm.a: *libc.a:*lib_a-mem*.o *libgcc.a:) .text*)
 .text          0x00000000100002c4       0x98 /usr/lib/gcc/arm-none-eabi/9.2.1/thumb/v6-m/nofp/crtbegin.o
 .text.main     0x000000001000035c       0x7c CMakeFiles/basic_sweep.dir/basic_sweep.c.obj
                0x000000001000035c                main
 .text.set_sys_clock_pll
                0x00000000100003d8       0x78 CMakeFiles/basic_sweep.dir/home/aquila/pico/pico-sdk/src/rp2_common/pico_stdlib/stdlib.c.obj
                0x00000000100003d8                set_sys_clock_pll
 .text.check_sys_clock_khz
                0x0000000010000450       0xb0 CMakeFiles/basic_sweep.dir/home/aquila/pico/pico-sdk/src/rp2_common/pico_stdlib/stdlib.c.obj
                0x0000000010000450                check_sys_clock_khz
 .text.gpio_set_function
                0x0000000010000500       0x30 CMakeFiles/basic_sweep.dir/home/aquila/pico/pico-sdk/src/rp2_common/hardware_gpio/gpio.c.obj
                0x0000000010000500                gpio_set_function
 .text.hw_claim_lock
                0x0000000010000530       0x18 CMakeFiles/basic_sweep.dir/home/aquila/pico/pico-sdk/src/rp2_common/hardware_claim/claim.c.obj
                0x0000000010000530                hw_claim_lock
 .text.hw_claim_unlock
                0x0000000010000548       0x14 CMakeFiles/basic_sweep.dir/home/aquila/pico/pico-sdk/src/rp2_common/hardware_claim/claim.c.obj
                0x0000000010000548                hw_claim_unlock
 .text.hw_claim_or_assert
                0x000000001000055c       0x32 CMakeFiles/basic_sweep.dir/home/aquila/pico/pico-sdk/src/rp2_common/hardware_claim/claim.c.obj
                0x000000001000055c                hw_claim_or_assert
 *fill*         0x000000001000058e        0x2 
 .text.running_on_fpga
                0x0000000010000590       0x14 CMakeFiles/basic_sweep.dir/home/aquila/pico/pico-sdk/src/rp2_common/pico_platform/platform.c.obj
                0x0000000010000590                running_on_fpga
 .text.spin_locks_reset
                0x00000000100005a4       0x20 CMakeFiles/basic_sweep.dir/home/aquila/pico/pico-sdk/src/rp2_common/hardware_sync/sync.c.obj
                0x00000000100005a4                spin_locks_reset
 .text.next_striped_spin_lock_num
                0x00000000100005c4       0x1c CMakeFiles/basic_sweep.dir/home/aquila/pico/pico-sdk/src/rp2_common/hardware_sync/sync.c.obj
                0x00000000100005c4                next_striped_spin_lock_num
 .text.alarm_pool_post_alloc_init
                0x00000000100005e0       0x40 CMakeFiles/basic_sweep.dir/home/aquila/pico/pico-sdk/src/common/pico_time/time.c.obj
 .text.timer_pool_entry_comparator
                0x0000000010000620       0x7c CMakeFiles/basic_sweep.dir/home/aquila/pico/pico-sdk/src/common/pico_time/time.c.obj
                0x0000000010000620                timer_pool_entry_comparator
 .text.ph_add_child_node
                0x000000001000069c       0xa4 CMakeFiles/basic_sweep.dir/home/aquila/pico/pico-sdk/src/common/pico_time/time.c.obj
 .text.ph_merge_nodes
                0x0000000010000740       0x3e CMakeFiles/basic_sweep.dir/home/aquila/pico/pico-sdk/src/common/pico_time/time.c.obj
 *fill*         0x000000001000077e        0x2 
 .text.add_alarm_under_lock
                0x0000000010000780      0x174 CMakeFiles/basic_sweep.dir/home/aquila/pico/pico-sdk/src/common/pico_time/time.c.obj
 .text.alarm_pool_alarm_callback
                0x00000000100008f4      0x32c CMakeFiles/basic_sweep.dir/home/aquila/pico/pico-sdk/src/common/pico_time/time.c.obj
 .text.alarm_pool_init_default
                0x0000000010000c20       0x38 CMakeFiles/basic_sweep.dir/home/aquila/pico/pico-sdk/src/common/pico_time/time.c.obj
                0x0000000010000c20                alarm_pool_init_default
 .text.hardware_alarm_irq_handler
                0x0000000010000c58       0x8c CMakeFiles/basic_sweep.dir/home/aquila/pico/pico-sdk/src/rp2_common/hardware_timer/timer.c.obj
 .text.hardware_alarm_claim
                0x0000000010000ce4       0x18 CMakeFiles/basic_sweep.dir/home/aquila/pico/pico-sdk/src/rp2_common/hardware_timer/timer.c.obj
                0x0000000010000ce4                hardware_alarm_claim
 .text.time_us_64
                0x0000000010000cfc       0x18 CMakeFiles/basic_sweep.dir/home/aquila/pico/pico-sdk/src/rp2_common/hardware_timer/timer.c.obj
                0x0000000010000cfc                time_us_64
 .text.hardware_alarm_set_callback
                0x0000000010000d14       0x90 CMakeFiles/basic_sweep.dir/home/aquila/pico/pico-sdk/src/rp2_common/hardware_timer/timer.c.obj
                0x0000000010000d14                hardware_alarm_set_callback
 .text.hardware_alarm_set_target
                0x0000000010000da4       0xe8 CMakeFiles/basic_sweep.dir/home/aquila/pico/pico-sdk/src/rp2_common/hardware_timer/timer.c.obj
                0x0000000010000da4                hardware_alarm_set_target
 .text.hardware_alarm_cancel
                0x0000000010000e8c       0x40 CMakeFiles/basic_sweep.dir/home/aquila/pico/pico-sdk/src/rp2_common/hardware_timer/timer.c.obj
                0x0000000010000e8c                hardware_alarm_cancel
 .text.lock_init
                0x0000000010000ecc       0x10 CMakeFiles/basic_sweep.dir/home/aquila/pico/pico-sdk/src/common/pico_sync/lock_core.c.obj
                0x0000000010000ecc                lock_init
 .text.mutex_init_internal
                0x0000000010000edc       0x1e CMakeFiles/basic_sweep.dir/home/aquila/pico/pico-sdk/src/common/pico_sync/mutex.c.obj
 .text.mutex_init
                0x0000000010000efa        0xa CMakeFiles/basic_sweep.dir/home/aquila/pico/pico-sdk/src/common/pico_sync/mutex.c.obj
                0x0000000010000efa                mutex_init
 .text.recursive_mutex_init
                0x0000000010000f04        0xa CMakeFiles/basic_sweep.dir/home/aquila/pico/pico-sdk/src/common/pico_sync/mutex.c.obj
                0x0000000010000f04                recursive_mutex_init
 *fill*         0x0000000010000f0e        0x2 
 .text.ph_add_child_node
                0x0000000010000f10       0xa4 CMakeFiles/basic_sweep.dir/home/aquila/pico/pico-sdk/src/common/pico_util/pheap.c.obj
 .text.ph_merge_nodes
                0x0000000010000fb4       0x3e CMakeFiles/basic_sweep.dir/home/aquila/pico/pico-sdk/src/common/pico_util/pheap.c.obj
 *fill*         0x0000000010000ff2        0x2 
 .text.ph_clear
                0x0000000010000ff4       0x70 CMakeFiles/basic_sweep.dir/home/aquila/pico/pico-sdk/src/common/pico_util/pheap.c.obj
                0x0000000010000ff4                ph_clear
 .text.ph_post_alloc_init
                0x0000000010001064        0xe CMakeFiles/basic_sweep.dir/home/aquila/pico/pico-sdk/src/common/pico_util/pheap.c.obj
                0x0000000010001064                ph_post_alloc_init
 *fill*         0x0000000010001072        0x2 
 .text.ph_merge_two_pass
                0x0000000010001074       0xa8 CMakeFiles/basic_sweep.dir/home/aquila/pico/pico-sdk/src/common/pico_util/pheap.c.obj
                0x0000000010001074                ph_merge_two_pass
 .text.ph_remove_any_head
                0x000000001000111c      0x108 CMakeFiles/basic_sweep.dir/home/aquila/pico/pico-sdk/src/common/pico_util/pheap.c.obj
 .text.ph_remove_head
                0x0000000010001224       0x14 CMakeFiles/basic_sweep.dir/home/aquila/pico/pico-sdk/src/common/pico_util/pheap.c.obj
                0x0000000010001224                ph_remove_head
 .text.ph_remove_and_free_node
                0x0000000010001238       0xf8 CMakeFiles/basic_sweep.dir/home/aquila/pico/pico-sdk/src/common/pico_util/pheap.c.obj
                0x0000000010001238                ph_remove_and_free_node
 .text.runtime_init
                0x0000000010001330       0xd8 CMakeFiles/basic_sweep.dir/home/aquila/pico/pico-sdk/src/rp2_common/pico_runtime/runtime.c.obj
                0x0000000010001330                runtime_init
 .text._exit    0x0000000010001408        0x4 CMakeFiles/basic_sweep.dir/home/aquila/pico/pico-sdk/src/rp2_common/pico_runtime/runtime.c.obj
                0x0000000010001408                _exit
 .text.exit     0x000000001000140c        0x6 CMakeFiles/basic_sweep.dir/home/aquila/pico/pico-sdk/src/rp2_common/pico_runtime/runtime.c.obj
                0x000000001000140c                exit
 *fill*         0x0000000010001412        0x2 
 .text.__assert_func
                0x0000000010001414       0x3c CMakeFiles/basic_sweep.dir/home/aquila/pico/pico-sdk/src/rp2_common/pico_runtime/runtime.c.obj
                0x0000000010001414                __assert_func
 .text.panic    0x0000000010001450       0x30 CMakeFiles/basic_sweep.dir/home/aquila/pico/pico-sdk/src/rp2_common/pico_runtime/runtime.c.obj
                0x0000000010001450                panic
 .text.clock_configure
                0x0000000010001480      0x104 CMakeFiles/basic_sweep.dir/home/aquila/pico/pico-sdk/src/rp2_common/hardware_clocks/clocks.c.obj
                0x0000000010001480                clock_configure
 .text.clocks_init
                0x0000000010001584      0x100 CMakeFiles/basic_sweep.dir/home/aquila/pico/pico-sdk/src/rp2_common/hardware_clocks/clocks.c.obj
                0x0000000010001584                clocks_init
 .text.clock_get_hz
                0x0000000010001684        0xc CMakeFiles/basic_sweep.dir/home/aquila/pico/pico-sdk/src/rp2_common/hardware_clocks/clocks.c.obj
                0x0000000010001684                clock_get_hz
 .text.set_raw_irq_handler_and_unlock
                0x0000000010001690       0x28 CMakeFiles/basic_sweep.dir/home/aquila/pico/pico-sdk/src/rp2_common/hardware_irq/irq.c.obj
 .text.make_branch
                0x00000000100016b8       0x34 CMakeFiles/basic_sweep.dir/home/aquila/pico/pico-sdk/src/rp2_common/hardware_irq/irq.c.obj
 .text.insert_branch_and_link
                0x00000000100016ec       0x40 CMakeFiles/basic_sweep.dir/home/aquila/pico/pico-sdk/src/rp2_common/hardware_irq/irq.c.obj
 .text.irq_is_enabled
                0x000000001000172c       0x18 CMakeFiles/basic_sweep.dir/home/aquila/pico/pico-sdk/src/rp2_common/hardware_irq/irq.c.obj
                0x000000001000172c                irq_is_enabled
 .text.irq_set_mask_enabled
                0x0000000010001744       0x20 CMakeFiles/basic_sweep.dir/home/aquila/pico/pico-sdk/src/rp2_common/hardware_irq/irq.c.obj
                0x0000000010001744                irq_set_mask_enabled
 .text.irq_set_enabled
                0x0000000010001764        0xe CMakeFiles/basic_sweep.dir/home/aquila/pico/pico-sdk/src/rp2_common/hardware_irq/irq.c.obj
                0x0000000010001764                irq_set_enabled
 *fill*         0x0000000010001772        0x2 
 .text.irq_get_vtable_handler
                0x0000000010001774       0x10 CMakeFiles/basic_sweep.dir/home/aquila/pico/pico-sdk/src/rp2_common/hardware_irq/irq.c.obj
                0x0000000010001774                irq_get_vtable_handler
 .text.irq_set_exclusive_handler
                0x0000000010001784       0x54 CMakeFiles/basic_sweep.dir/home/aquila/pico/pico-sdk/src/rp2_common/hardware_irq/irq.c.obj
                0x0000000010001784                irq_set_exclusive_handler
 .text.irq_remove_handler
                0x00000000100017d8      0x1ac CMakeFiles/basic_sweep.dir/home/aquila/pico/pico-sdk/src/rp2_common/hardware_irq/irq.c.obj
                0x00000000100017d8                irq_remove_handler
 .text.irq_set_priority
                0x0000000010001984       0x28 CMakeFiles/basic_sweep.dir/home/aquila/pico/pico-sdk/src/rp2_common/hardware_irq/irq.c.obj
                0x0000000010001984                irq_set_priority
 .text.irq_add_tail_to_free_list
                0x00000000100019ac       0xf0 CMakeFiles/basic_sweep.dir/home/aquila/pico/pico-sdk/src/rp2_common/hardware_irq/irq.c.obj
                0x00000000100019ac                irq_add_tail_to_free_list
 .text.irq_init_priorities
                0x0000000010001a9c       0x16 CMakeFiles/basic_sweep.dir/home/aquila/pico/pico-sdk/src/rp2_common/hardware_irq/irq.c.obj
                0x0000000010001a9c                irq_init_priorities
 *fill*         0x0000000010001ab2        0x2 
 .text.pll_init
                0x0000000010001ab4      0x118 CMakeFiles/basic_sweep.dir/home/aquila/pico/pico-sdk/src/rp2_common/hardware_pll/pll.c.obj
                0x0000000010001ab4                pll_init
 .text.watchdog_start_tick
                0x0000000010001bcc       0x10 CMakeFiles/basic_sweep.dir/home/aquila/pico/pico-sdk/src/rp2_common/hardware_watchdog/watchdog.c.obj
                0x0000000010001bcc                watchdog_start_tick
 .text.xosc_init
                0x0000000010001bdc       0x28 CMakeFiles/basic_sweep.dir/home/aquila/pico/pico-sdk/src/rp2_common/hardware_xosc/xosc.c.obj
                0x0000000010001bdc                xosc_init
 .text._out_null
                0x0000000010001c04        0x2 CMakeFiles/basic_sweep.dir/home/aquila/pico/pico-sdk/src/rp2_common/pico_printf/printf.c.obj
 .text._out_fct
                0x0000000010001c06        0xe CMakeFiles/basic_sweep.dir/home/aquila/pico/pico-sdk/src/rp2_common/pico_printf/printf.c.obj
 .text._atoi    0x0000000010001c14       0x24 CMakeFiles/basic_sweep.dir/home/aquila/pico/pico-sdk/src/rp2_common/pico_printf/printf.c.obj
 .text._out_rev
                0x0000000010001c38       0xae CMakeFiles/basic_sweep.dir/home/aquila/pico/pico-sdk/src/rp2_common/pico_printf/printf.c.obj
 .text._ntoa_format
                0x0000000010001ce6      0x110 CMakeFiles/basic_sweep.dir/home/aquila/pico/pico-sdk/src/rp2_common/pico_printf/printf.c.obj
 .text._ntoa_long
                0x0000000010001df6       0xbc CMakeFiles/basic_sweep.dir/home/aquila/pico/pico-sdk/src/rp2_common/pico_printf/printf.c.obj
 .text._ntoa_long_long
                0x0000000010001eb2       0xe2 CMakeFiles/basic_sweep.dir/home/aquila/pico/pico-sdk/src/rp2_common/pico_printf/printf.c.obj
 .text._etoa    0x0000000010001f94      0x40c CMakeFiles/basic_sweep.dir/home/aquila/pico/pico-sdk/src/rp2_common/pico_printf/printf.c.obj
 .text._ftoa    0x00000000100023a0      0x354 CMakeFiles/basic_sweep.dir/home/aquila/pico/pico-sdk/src/rp2_common/pico_printf/printf.c.obj
 .text._vsnprintf
                0x00000000100026f4      0x628 CMakeFiles/basic_sweep.dir/home/aquila/pico/pico-sdk/src/rp2_common/pico_printf/printf.c.obj
 .text.vfctprintf
                0x0000000010002d1c       0x20 CMakeFiles/basic_sweep.dir/home/aquila/pico/pico-sdk/src/rp2_common/pico_printf/printf.c.obj
                0x0000000010002d1c                vfctprintf
 .text          0x0000000010002d3c       0x10 CMakeFiles/basic_sweep.dir/home/aquila/pico/pico-sdk/src/rp2_common/pico_bit_ops/bit_ops_aeabi.S.obj
 .text.rom_func_lookup
                0x0000000010002d4c       0x10 CMakeFiles/basic_sweep.dir/home/aquila/pico/pico-sdk/src/rp2_common/pico_bootrom/bootrom.c.obj
                0x0000000010002d4c                rom_func_lookup
 .text.rom_data_lookup
                0x0000000010002d5c       0x10 CMakeFiles/basic_sweep.dir/home/aquila/pico/pico-sdk/src/rp2_common/pico_bootrom/bootrom.c.obj
                0x0000000010002d5c                rom_data_lookup
 .text.rom_funcs_lookup
                0x0000000010002d6c       0x36 CMakeFiles/basic_sweep.dir/home/aquila/pico/pico-sdk/src/rp2_common/pico_bootrom/bootrom.c.obj
                0x0000000010002d6c                rom_funcs_lookup
 *fill*         0x0000000010002da2        0x2 
 .text.__wrap___aeabi_idiv
                0x0000000010002da4       0x50 CMakeFiles/basic_sweep.dir/home/aquila/pico/pico-sdk/src/rp2_common/pico_divider/divider.S.obj
                0x0000000010002da4                __wrap___aeabi_idivmod
                0x0000000010002da4                divmod_s32s32
                0x0000000010002da4                div_s32s32
                0x0000000010002da4                __wrap___aeabi_idiv
                0x0000000010002dac                divmod_s32s32_unsafe
                0x0000000010002dd8                divmod_s32s32_savestate
 .text.__wrap___aeabi_uidiv
                0x0000000010002df4       0x4c CMakeFiles/basic_sweep.dir/home/aquila/pico/pico-sdk/src/rp2_common/pico_divider/divider.S.obj
                0x0000000010002df4                __wrap___aeabi_uidiv
                0x0000000010002df4                __wrap___aeabi_uidivmod
                0x0000000010002df4                div_u32u32
                0x0000000010002df4                divmod_u32u32
                0x0000000010002dfc                divmod_u32u32_unsafe
                0x0000000010002e24                divmod_u32u32_savestate
 .text.__wrap___aeabi_ldiv
                0x0000000010002e40      0x430 CMakeFiles/basic_sweep.dir/home/aquila/pico/pico-sdk/src/rp2_common/pico_divider/divider.S.obj
                0x0000000010002e40                div_s64s64
                0x0000000010002e40                divmod_s64s64
                0x0000000010002e40                __wrap___aeabi_ldivmod
                0x0000000010002e78                div_u64u64
                0x0000000010002e78                divmod_u64u64
                0x0000000010002e78                __wrap___aeabi_uldivmod
                0x0000000010002e88                divmod_u64u64_savestate
                0x0000000010002eb0                divmod_s64s64_unsafe
                0x0000000010002f38                divmod_u64u64_unsafe
 .text.__wrap___aeabi_darithmetic
                0x0000000010003270       0x80 CMakeFiles/basic_sweep.dir/home/aquila/pico/pico-sdk/src/rp2_common/pico_double/double_aeabi.S.obj
                0x0000000010003270                __wrap___aeabi_drsub
                0x0000000010003276                __wrap___aeabi_dsub
                0x0000000010003288                __wrap___aeabi_dadd
                0x000000001000329a                __wrap___aeabi_ddiv
                0x00000000100032d6                __wrap___aeabi_dmul
 .text.__wrap___aeabi_cdcmple
                0x00000000100032f0       0x6c CMakeFiles/basic_sweep.dir/home/aquila/pico/pico-sdk/src/rp2_common/pico_double/double_aeabi.S.obj
                0x00000000100032f0                __wrap___aeabi_cdrcmple
                0x0000000010003300                __wrap___aeabi_cdcmple
                0x0000000010003300                __wrap___aeabi_cdcmpeq
 .text.__wrap___aeabi_dcmplt
                0x000000001000335c        0xc CMakeFiles/basic_sweep.dir/home/aquila/pico/pico-sdk/src/rp2_common/pico_double/double_aeabi.S.obj
                0x000000001000335c                __wrap___aeabi_dcmplt
 .text.__wrap___aeabi_dcmple
                0x0000000010003368       0x10 CMakeFiles/basic_sweep.dir/home/aquila/pico/pico-sdk/src/rp2_common/pico_double/double_aeabi.S.obj
                0x0000000010003368                __wrap___aeabi_dcmple
 .text.__wrap___aeabi_dcmpge
                0x0000000010003378       0x10 CMakeFiles/basic_sweep.dir/home/aquila/pico/pico-sdk/src/rp2_common/pico_double/double_aeabi.S.obj
                0x0000000010003378                __wrap___aeabi_dcmpge
 .text.__wrap___aeabi_dcmpgt
                0x0000000010003388        0xa CMakeFiles/basic_sweep.dir/home/aquila/pico/pico-sdk/src/rp2_common/pico_double/double_aeabi.S.obj
                0x0000000010003388                __wrap___aeabi_dcmpgt
 .text.__wrap___aeabi_dcmpun
                0x0000000010003392       0x1c CMakeFiles/basic_sweep.dir/home/aquila/pico/pico-sdk/src/rp2_common/pico_double/double_aeabi.S.obj
                0x0000000010003392                __wrap___aeabi_dcmpun
 *fill*         0x00000000100033ae        0x2 
 .text.__wrap___aeabi_i2d
                0x00000000100033b0       0x38 CMakeFiles/basic_sweep.dir/home/aquila/pico/pico-sdk/src/rp2_common/pico_double/double_aeabi.S.obj
                0x00000000100033b0                __wrap___aeabi_ui2d
                0x00000000100033b8                __wrap___aeabi_i2d
 .text.__wrap___aeabi_d2iz
                0x00000000100033e8       0x48 CMakeFiles/basic_sweep.dir/home/aquila/pico/pico-sdk/src/rp2_common/pico_double/double_aeabi.S.obj
                0x00000000100033e8                __wrap___aeabi_d2iz
                0x00000000100033e8                double2int_z
 .text.__wrap___aeabi_d2uiz
                0x0000000010003430       0x18 CMakeFiles/basic_sweep.dir/home/aquila/pico/pico-sdk/src/rp2_common/pico_double/double_aeabi.S.obj
                0x0000000010003430                double2uint
                0x0000000010003430                __wrap___aeabi_d2uiz
 .text.__aeabi_double_init
                0x0000000010003448       0xb4 CMakeFiles/basic_sweep.dir/home/aquila/pico/pico-sdk/src/rp2_common/pico_double/double_init_rom.c.obj
                0x0000000010003448                __aeabi_double_init
 .text.double_table_shim_on_use_helper
                0x00000000100034fc       0x34 CMakeFiles/basic_sweep.dir/home/aquila/pico/pico-sdk/src/rp2_common/pico_double/double_v1_rom_shim.S.obj
                0x00000000100034fc                double_table_shim_on_use_helper
 .text.__wrap___aeabi_dsub
                0x0000000010003530       0x10 CMakeFiles/basic_sweep.dir/home/aquila/pico/pico-sdk/src/rp2_common/pico_double/double_v1_rom_shim.S.obj
                0x0000000010003530                drsub_shim
                0x0000000010003536                dsub_shim
 .text.dadd_shim
                0x0000000010003540      0x15c CMakeFiles/basic_sweep.dir/home/aquila/pico/pico-sdk/src/rp2_common/pico_double/double_v1_rom_shim.S.obj
                0x0000000010003540                dadd_shim
 .text.dmul_shim
                0x000000001000369c      0x15c CMakeFiles/basic_sweep.dir/home/aquila/pico/pico-sdk/src/rp2_common/pico_double/double_v1_rom_shim.S.obj
                0x000000001000369c                dmul_shim
 .text.ddiv_shim
                0x00000000100037f8      0x1b0 CMakeFiles/basic_sweep.dir/home/aquila/pico/pico-sdk/src/rp2_common/pico_double/double_v1_rom_shim.S.obj
                0x00000000100037f8                ddiv_shim
 .text.dcordic_rot_step
                0x00000000100039a8       0x7c CMakeFiles/basic_sweep.dir/home/aquila/pico/pico-sdk/src/rp2_common/pico_double/double_v1_rom_shim.S.obj
                0x00000000100039a8                dcordic_rot_step
 .text.double2uint_shim
                0x0000000010003a24        0xe CMakeFiles/basic_sweep.dir/home/aquila/pico/pico-sdk/src/rp2_common/pico_double/double_v1_rom_shim.S.obj
                0x0000000010003a24                double2uint_shim
                0x0000000010003a26                double2ufix_shim
 *fill*         0x0000000010003a32        0x2 
 .text.double2uint64_shim
                0x0000000010003a34       0x6c CMakeFiles/basic_sweep.dir/home/aquila/pico/pico-sdk/src/rp2_common/pico_double/double_v1_rom_shim.S.obj
                0x0000000010003a34                double2uint64_shim
                0x0000000010003a36                double2ufix64_shim
                0x0000000010003a50                d2fix_a
 .text.dunpacks
                0x0000000010003aa0       0x3c CMakeFiles/basic_sweep.dir/home/aquila/pico/pico-sdk/src/rp2_common/pico_double/double_v1_rom_shim.S.obj
                0x0000000010003aa0                dunpacks
 .text.__aeabi_float_init
                0x0000000010003adc       0xfc CMakeFiles/basic_sweep.dir/home/aquila/pico/pico-sdk/src/rp2_common/pico_float/float_init_rom.c.obj
                0x0000000010003adc                __aeabi_float_init
 .text.float_table_shim_on_use_helper
                0x0000000010003bd8       0x34 CMakeFiles/basic_sweep.dir/home/aquila/pico/pico-sdk/src/rp2_common/pico_float/float_v1_rom_shim.S.obj
                0x0000000010003bd8                float_table_shim_on_use_helper
 .text          0x0000000010003c0c       0x10 CMakeFiles/basic_sweep.dir/home/aquila/pico/pico-sdk/src/rp2_common/pico_mem_ops/mem_ops_aeabi.S.obj
                0x0000000010003c0c                __aeabi_mem_init
 .text.memset   0x0000000010003c1c        0xc CMakeFiles/basic_sweep.dir/home/aquila/pico/pico-sdk/src/rp2_common/pico_mem_ops/mem_ops_aeabi.S.obj
                0x0000000010003c1c                __wrap_memset
 .text.memcpy   0x0000000010003c28        0xc CMakeFiles/basic_sweep.dir/home/aquila/pico/pico-sdk/src/rp2_common/pico_mem_ops/mem_ops_aeabi.S.obj
                0x0000000010003c28                __wrap___aeabi_memcpy
                0x0000000010003c28                __wrap_memcpy
 .text.stdio_out_chars_crlf
                0x0000000010003c34       0x80 CMakeFiles/basic_sweep.dir/home/aquila/pico/pico-sdk/src/rp2_common/pico_stdio/stdio.c.obj
 .text.stdio_stack_buffer_flush
                0x0000000010003cb4       0x44 CMakeFiles/basic_sweep.dir/home/aquila/pico/pico-sdk/src/rp2_common/pico_stdio/stdio.c.obj
 .text.stdio_buffered_printer
                0x0000000010003cf8       0x20 CMakeFiles/basic_sweep.dir/home/aquila/pico/pico-sdk/src/rp2_common/pico_stdio/stdio.c.obj
 .text.stdout_serialize_begin
                0x0000000010003d18       0x30 CMakeFiles/basic_sweep.dir/home/aquila/pico/pico-sdk/src/rp2_common/pico_stdio/stdio.c.obj
                0x0000000010003d18                stdout_serialize_begin
 .text.stdout_serialize_end
                0x0000000010003d48       0x10 CMakeFiles/basic_sweep.dir/home/aquila/pico/pico-sdk/src/rp2_common/pico_stdio/stdio.c.obj
                0x0000000010003d48                stdout_serialize_end
 .text.stdio_put_string
                0x0000000010003d58       0x84 CMakeFiles/basic_sweep.dir/home/aquila/pico/pico-sdk/src/rp2_common/pico_stdio/stdio.c.obj
 .text.stdio_flush
                0x0000000010003ddc       0x20 CMakeFiles/basic_sweep.dir/home/aquila/pico/pico-sdk/src/rp2_common/pico_stdio/stdio.c.obj
                0x0000000010003ddc                stdio_flush
 .text.__wrap_puts
                0x0000000010003dfc       0x1c CMakeFiles/basic_sweep.dir/home/aquila/pico/pico-sdk/src/rp2_common/pico_stdio/stdio.c.obj
                0x0000000010003dfc                __wrap_puts
 .text.__wrap_vprintf
                0x0000000010003e18       0x44 CMakeFiles/basic_sweep.dir/home/aquila/pico/pico-sdk/src/rp2_common/pico_stdio/stdio.c.obj
                0x0000000010003e18                __wrap_vprintf
 .text.__wrap_printf
                0x0000000010003e5c       0x18 CMakeFiles/basic_sweep.dir/home/aquila/pico/pico-sdk/src/rp2_common/pico_stdio/stdio.c.obj
                0x0000000010003e5c                __wrap_printf
 .text          0x0000000010003e74       0x68 /usr/lib/gcc/arm-none-eabi/9.2.1/../../../arm-none-eabi/lib/thumb/v6-m/nofp/libg.a(lib_a-strlen-stub.o)
                0x0000000010003e74                strlen
 *(.fini)
 .fini          0x0000000010003edc        0x4 /usr/lib/gcc/arm-none-eabi/9.2.1/thumb/v6-m/nofp/crti.o
                0x0000000010003edc                _fini
 .fini.__stub   0x0000000010003ee0       0x50 linker stubs
 *crtbegin.o(.ctors)
 *crtbegin?.o(.ctors)
 *(EXCLUDE_FILE(*crtend.o *crtend?.o) .ctors)
 *(SORT_BY_NAME(.ctors.*))
 *(.ctors)
 *crtbegin.o(.dtors)
 *crtbegin?.o(.dtors)
 *(EXCLUDE_FILE(*crtend.o *crtend?.o) .dtors)
 *(SORT_BY_NAME(.dtors.*))
 *(.dtors)
 *(.eh_frame*)
 .eh_frame      0x0000000010003f30        0x0 /usr/lib/gcc/arm-none-eabi/9.2.1/thumb/v6-m/nofp/crtbegin.o
                0x0000000010003f30                . = ALIGN (0x4)

.glue_7         0x0000000010003f30        0x0
 .glue_7        0x0000000010003f30        0x0 linker stubs

.glue_7t        0x0000000010003f30        0x0
 .glue_7t       0x0000000010003f30        0x0 linker stubs

.vfp11_veneer   0x0000000010003f30        0x0
 .vfp11_veneer  0x0000000010003f30        0x0 linker stubs

.v4_bx          0x0000000010003f30        0x0
 .v4_bx         0x0000000010003f30        0x0 linker stubs

.iplt           0x0000000010003f30        0x0
 .iplt          0x0000000010003f30        0x0 /usr/lib/gcc/arm-none-eabi/9.2.1/thumb/v6-m/nofp/crtbegin.o

.rodata         0x0000000010003f30      0xd6c
 *(EXCLUDE_FILE(*libm.a: *libc.a:*lib_a-mem*.o *libgcc.a:) .rodata*)
 .rodata.main.str1.4
                0x0000000010003f30       0x32 CMakeFiles/basic_sweep.dir/basic_sweep.c.obj
 *fill*         0x0000000010003f62        0x2 
 .rodata.repeating_timer_callback.str1.4
                0x0000000010003f64       0x4b CMakeFiles/basic_sweep.dir/home/aquila/pico/pico-sdk/src/common/pico_time/time.c.obj
 *fill*         0x0000000010003faf        0x1 
 .rodata.alarm_pool_dump_key.str1.4
                0x0000000010003fb0       0x33 CMakeFiles/basic_sweep.dir/home/aquila/pico/pico-sdk/src/common/pico_time/time.c.obj
 *fill*         0x0000000010003fe3        0x1 
 .rodata.ph_add_child_node.str1.4
                0x0000000010003fe4       0x96 CMakeFiles/basic_sweep.dir/home/aquila/pico/pico-sdk/src/common/pico_time/time.c.obj
 *fill*         0x000000001000407a        0x2 
 .rodata.add_alarm_under_lock.str1.4
                0x000000001000407c       0x28 CMakeFiles/basic_sweep.dir/home/aquila/pico/pico-sdk/src/common/pico_time/time.c.obj
                                         0x2b (size before relaxing)
 .rodata.alarm_pool_alarm_callback.str1.4
                0x00000000100040a4       0xe6 CMakeFiles/basic_sweep.dir/home/aquila/pico/pico-sdk/src/common/pico_time/time.c.obj
 *fill*         0x000000001000418a        0x2 
 .rodata.__func__.5701
                0x000000001000418c       0x15 CMakeFiles/basic_sweep.dir/home/aquila/pico/pico-sdk/src/common/pico_time/time.c.obj
 *fill*         0x00000000100041a1        0x3 
 .rodata.__func__.6002
                0x00000000100041a4        0xc CMakeFiles/basic_sweep.dir/home/aquila/pico/pico-sdk/src/common/pico_time/time.c.obj
 .rodata.__func__.6009
                0x00000000100041b0       0x12 CMakeFiles/basic_sweep.dir/home/aquila/pico/pico-sdk/src/common/pico_time/time.c.obj
 *fill*         0x00000000100041c2        0x2 
 .rodata.__func__.6025
                0x00000000100041c4        0xf CMakeFiles/basic_sweep.dir/home/aquila/pico/pico-sdk/src/common/pico_time/time.c.obj
 *fill*         0x00000000100041d3        0x1 
 .rodata.__func__.6047
                0x00000000100041d4        0xd CMakeFiles/basic_sweep.dir/home/aquila/pico/pico-sdk/src/common/pico_time/time.c.obj
 *fill*         0x00000000100041e1        0x3 
 .rodata.__func__.6248
                0x00000000100041e4        0xa CMakeFiles/basic_sweep.dir/home/aquila/pico/pico-sdk/src/common/pico_time/time.c.obj
 *fill*         0x00000000100041ee        0x2 
 .rodata.__func__.6253
                0x00000000100041f0       0x12 CMakeFiles/basic_sweep.dir/home/aquila/pico/pico-sdk/src/common/pico_time/time.c.obj
 *fill*         0x0000000010004202        0x2 
 .rodata.__func__.6279
                0x0000000010004204       0x15 CMakeFiles/basic_sweep.dir/home/aquila/pico/pico-sdk/src/common/pico_time/time.c.obj
 *fill*         0x0000000010004219        0x3 
 .rodata.__func__.6296
                0x000000001000421c       0x1a CMakeFiles/basic_sweep.dir/home/aquila/pico/pico-sdk/src/common/pico_time/time.c.obj
 *fill*         0x0000000010004236        0x2 
 .rodata.hardware_alarm_claim.str1.4
                0x0000000010004238       0x22 CMakeFiles/basic_sweep.dir/home/aquila/pico/pico-sdk/src/rp2_common/hardware_timer/timer.c.obj
 *fill*         0x000000001000425a        0x2 
 .rodata.hardware_alarm_set_target.str1.4
                0x000000001000425c       0x65 CMakeFiles/basic_sweep.dir/home/aquila/pico/pico-sdk/src/rp2_common/hardware_timer/timer.c.obj
 *fill*         0x00000000100042c1        0x3 
 .rodata.__func__.4548
                0x00000000100042c4       0x1a CMakeFiles/basic_sweep.dir/home/aquila/pico/pico-sdk/src/rp2_common/hardware_timer/timer.c.obj
 *fill*         0x00000000100042de        0x2 
 .rodata.str1.4
                0x00000000100042e0       0xb1 CMakeFiles/basic_sweep.dir/home/aquila/pico/pico-sdk/src/common/pico_sync/mutex.c.obj
                                        0x115 (size before relaxing)
 *fill*         0x0000000010004391        0x3 
 .rodata.__func__.4610
                0x0000000010004394       0x15 CMakeFiles/basic_sweep.dir/home/aquila/pico/pico-sdk/src/common/pico_sync/mutex.c.obj
 *fill*         0x00000000100043a9        0x3 
 .rodata.__func__.4645
                0x00000000100043ac        0xb CMakeFiles/basic_sweep.dir/home/aquila/pico/pico-sdk/src/common/pico_sync/mutex.c.obj
 .rodata.ph_add_child_node.str1.4
                0x00000000100043b7       0x96 CMakeFiles/basic_sweep.dir/home/aquila/pico/pico-sdk/src/common/pico_util/pheap.c.obj
 *fill*         0x00000000100043b7        0x1 
 .rodata.ph_remove_any_head.str1.4
                0x00000000100043b8       0x8c CMakeFiles/basic_sweep.dir/home/aquila/pico/pico-sdk/src/common/pico_util/pheap.c.obj
 .rodata.ph_remove_and_free_node.str1.4
                0x0000000010004444       0x26 CMakeFiles/basic_sweep.dir/home/aquila/pico/pico-sdk/src/common/pico_util/pheap.c.obj
 *fill*         0x000000001000446a        0x2 
 .rodata.__func__.5708
                0x000000001000446c        0xc CMakeFiles/basic_sweep.dir/home/aquila/pico/pico-sdk/src/common/pico_util/pheap.c.obj
 .rodata.__func__.5715
                0x0000000010004478       0x12 CMakeFiles/basic_sweep.dir/home/aquila/pico/pico-sdk/src/common/pico_util/pheap.c.obj
 *fill*         0x000000001000448a        0x2 
 .rodata.__func__.5801
                0x000000001000448c       0x13 CMakeFiles/basic_sweep.dir/home/aquila/pico/pico-sdk/src/common/pico_util/pheap.c.obj
 *fill*         0x000000001000449f        0x1 
 .rodata.__func__.5819
                0x00000000100044a0       0x18 CMakeFiles/basic_sweep.dir/home/aquila/pico/pico-sdk/src/common/pico_util/pheap.c.obj
 .rodata.__assert_func.str1.4
                0x00000000100044b8       0x3f CMakeFiles/basic_sweep.dir/home/aquila/pico/pico-sdk/src/rp2_common/pico_runtime/runtime.c.obj
                                         0x43 (size before relaxing)
 *fill*         0x00000000100044f7        0x1 
 .rodata.panic.str1.4
                0x00000000100044f8       0x12 CMakeFiles/basic_sweep.dir/home/aquila/pico/pico-sdk/src/rp2_common/pico_runtime/runtime.c.obj
 *fill*         0x000000001000450a        0x2 
 .rodata.clock_configure.str1.4
                0x000000001000450c       0x57 CMakeFiles/basic_sweep.dir/home/aquila/pico/pico-sdk/src/rp2_common/hardware_clocks/clocks.c.obj
 *fill*         0x0000000010004563        0x1 
 .rodata.__func__.4667
                0x0000000010004564       0x10 CMakeFiles/basic_sweep.dir/home/aquila/pico/pico-sdk/src/rp2_common/hardware_clocks/clocks.c.obj
 .rodata.make_branch.str1.4
                0x0000000010004574       0x4d CMakeFiles/basic_sweep.dir/home/aquila/pico/pico-sdk/src/rp2_common/hardware_irq/irq.c.obj
 *fill*         0x00000000100045c1        0x3 
 .rodata.irq_set_exclusive_handler.str1.4
                0x00000000100045c4       0x36 CMakeFiles/basic_sweep.dir/home/aquila/pico/pico-sdk/src/rp2_common/hardware_irq/irq.c.obj
 *fill*         0x00000000100045fa        0x2 
 .rodata.irq_add_shared_handler.str1.4
                0x00000000100045fc       0xd9 CMakeFiles/basic_sweep.dir/home/aquila/pico/pico-sdk/src/rp2_common/hardware_irq/irq.c.obj
 *fill*         0x00000000100046d5        0x3 
 .rodata.irq_remove_handler.str1.4
                0x00000000100046d8       0x2a CMakeFiles/basic_sweep.dir/home/aquila/pico/pico-sdk/src/rp2_common/hardware_irq/irq.c.obj
 *fill*         0x0000000010004702        0x2 
 .rodata.irq_add_tail_to_free_list.str1.4
                0x0000000010004704       0x32 CMakeFiles/basic_sweep.dir/home/aquila/pico/pico-sdk/src/rp2_common/hardware_irq/irq.c.obj
                                         0x3a (size before relaxing)
 *fill*         0x0000000010004736        0x2 
 .rodata.__func__.4703
                0x0000000010004738       0x1a CMakeFiles/basic_sweep.dir/home/aquila/pico/pico-sdk/src/rp2_common/hardware_irq/irq.c.obj
 *fill*         0x0000000010004752        0x2 
 .rodata.__func__.4717
                0x0000000010004754        0xc CMakeFiles/basic_sweep.dir/home/aquila/pico/pico-sdk/src/rp2_common/hardware_irq/irq.c.obj
 .rodata.__func__.4725
                0x0000000010004760       0x17 CMakeFiles/basic_sweep.dir/home/aquila/pico/pico-sdk/src/rp2_common/hardware_irq/irq.c.obj
 *fill*         0x0000000010004777        0x1 
 .rodata.__func__.4729
                0x0000000010004778        0xf CMakeFiles/basic_sweep.dir/home/aquila/pico/pico-sdk/src/rp2_common/hardware_irq/irq.c.obj
 *fill*         0x0000000010004787        0x1 
 .rodata.__func__.4768
                0x0000000010004788       0x13 CMakeFiles/basic_sweep.dir/home/aquila/pico/pico-sdk/src/rp2_common/hardware_irq/irq.c.obj
 *fill*         0x000000001000479b        0x1 
 .rodata.__func__.4787
                0x000000001000479c       0x1a CMakeFiles/basic_sweep.dir/home/aquila/pico/pico-sdk/src/rp2_common/hardware_irq/irq.c.obj
 *fill*         0x00000000100047b6        0x2 
 .rodata.pll_init.str1.4
                0x00000000100047b8       0xdb CMakeFiles/basic_sweep.dir/home/aquila/pico/pico-sdk/src/rp2_common/hardware_pll/pll.c.obj
 *fill*         0x0000000010004893        0x1 
 .rodata.__func__.4402
                0x0000000010004894        0x9 CMakeFiles/basic_sweep.dir/home/aquila/pico/pico-sdk/src/rp2_common/hardware_pll/pll.c.obj
 *fill*         0x000000001000489d        0x3 
 .rodata._ftoa.str1.4
                0x00000000100048a0       0x15 CMakeFiles/basic_sweep.dir/home/aquila/pico/pico-sdk/src/rp2_common/pico_printf/printf.c.obj
 *fill*         0x00000000100048b5        0x3 
 .rodata._vsnprintf
                0x00000000100048b8      0x1e0 CMakeFiles/basic_sweep.dir/home/aquila/pico/pico-sdk/src/rp2_common/pico_printf/printf.c.obj
 .rodata.pow10.5422
                0x0000000010004a98       0x50 CMakeFiles/basic_sweep.dir/home/aquila/pico/pico-sdk/src/rp2_common/pico_printf/printf.c.obj
 .rodata.__aeabi_double_init.str1.4
                0x0000000010004ae8       0xa8 CMakeFiles/basic_sweep.dir/home/aquila/pico/pico-sdk/src/rp2_common/pico_double/double_init_rom.c.obj
 .rodata.__func__.4668
                0x0000000010004b90       0x14 CMakeFiles/basic_sweep.dir/home/aquila/pico/pico-sdk/src/rp2_common/pico_double/double_init_rom.c.obj
 .rodata.__aeabi_float_init.str1.4
                0x0000000010004ba4       0x7a CMakeFiles/basic_sweep.dir/home/aquila/pico/pico-sdk/src/rp2_common/pico_float/float_init_rom.c.obj
                                         0x7e (size before relaxing)
 *fill*         0x0000000010004c1e        0x2 
 .rodata.__func__.4670
                0x0000000010004c20       0x13 CMakeFiles/basic_sweep.dir/home/aquila/pico/pico-sdk/src/rp2_common/pico_float/float_init_rom.c.obj
 *fill*         0x0000000010004c33        0x1 
 .rodata.str1.4
                0x0000000010004c34       0x40 CMakeFiles/basic_sweep.dir/home/aquila/pico/pico-sdk/src/rp2_common/pico_standard_link/binary_info.c.obj
 .rodata.__bi_44
                0x0000000010004c74        0xc CMakeFiles/basic_sweep.dir/home/aquila/pico/pico-sdk/src/rp2_common/pico_standard_link/binary_info.c.obj
 .rodata.__bi_75
                0x0000000010004c80        0xc CMakeFiles/basic_sweep.dir/home/aquila/pico/pico-sdk/src/rp2_common/pico_standard_link/binary_info.c.obj
 .rodata.__bi_81
                0x0000000010004c8c        0xc CMakeFiles/basic_sweep.dir/home/aquila/pico/pico-sdk/src/rp2_common/pico_standard_link/binary_info.c.obj
 .rodata.crlf_str.6010
                0x0000000010004c98        0x2 CMakeFiles/basic_sweep.dir/home/aquila/pico/pico-sdk/src/rp2_common/pico_stdio/stdio.c.obj
                0x0000000010004c9c                . = ALIGN (0x4)
 *fill*         0x0000000010004c9a        0x2 
 *(SORT_BY_ALIGNMENT(SORT_BY_NAME(.flashdata*)))
                0x0000000010004c9c                . = ALIGN (0x4)

.rel.dyn        0x0000000010004c9c        0x0
 .rel.iplt      0x0000000010004c9c        0x0 /usr/lib/gcc/arm-none-eabi/9.2.1/thumb/v6-m/nofp/crtbegin.o

.ARM.extab
 *(.ARM.extab* .gnu.linkonce.armextab.*)
                0x0000000010004c9c                __exidx_start = .

.ARM.exidx
 *(.ARM.exidx* .gnu.linkonce.armexidx.*)
                0x0000000010004c9c                __exidx_end = .
                0x0000000010004c9c                . = ALIGN (0x4)
                0x0000000010004c9c                __binary_info_start = .

.binary_info    0x0000000010004c9c       0x1c
 *(.binary_info.keep.*)
 .binary_info.keep.__bi_ptr22
                0x0000000010004c9c        0x4 CMakeFiles/basic_sweep.dir/home/aquila/pico/pico-sdk/src/rp2_common/pico_standard_link/binary_info.c.obj
 .binary_info.keep.__bi_ptr30
                0x0000000010004ca0        0x4 CMakeFiles/basic_sweep.dir/home/aquila/pico/pico-sdk/src/rp2_common/pico_standard_link/binary_info.c.obj
 .binary_info.keep.__bi_ptr38
                0x0000000010004ca4        0x4 CMakeFiles/basic_sweep.dir/home/aquila/pico/pico-sdk/src/rp2_common/pico_standard_link/binary_info.c.obj
 .binary_info.keep.__bi_ptr44
                0x0000000010004ca8        0x4 CMakeFiles/basic_sweep.dir/home/aquila/pico/pico-sdk/src/rp2_common/pico_standard_link/binary_info.c.obj
 .binary_info.keep.__bi_ptr50
                0x0000000010004cac        0x4 CMakeFiles/basic_sweep.dir/home/aquila/pico/pico-sdk/src/rp2_common/pico_standard_link/binary_info.c.obj
 .binary_info.keep.__bi_ptr75
                0x0000000010004cb0        0x4 CMakeFiles/basic_sweep.dir/home/aquila/pico/pico-sdk/src/rp2_common/pico_standard_link/binary_info.c.obj
 .binary_info.keep.__bi_ptr81
                0x0000000010004cb4        0x4 CMakeFiles/basic_sweep.dir/home/aquila/pico/pico-sdk/src/rp2_common/pico_standard_link/binary_info.c.obj
 *(.binary_info.*)
                0x0000000010004cb8                __binary_info_end = .
                0x0000000010004cb8                . = ALIGN (0x4)
                0x0000000010004cb8                __etext = .

.ram_vector_table
                0x0000000020000000       0xc0
 *(.ram_vector_table)
 .ram_vector_table
                0x0000000020000000       0xc0 CMakeFiles/basic_sweep.dir/home/aquila/pico/pico-sdk/src/rp2_common/pico_runtime/runtime.c.obj
                0x0000000020000000                ram_vector_table

.data           0x00000000200000c0      0x24c load address 0x0000000010004cb8
                0x00000000200000c0                __data_start__ = .
 *(vtable)
 *(.time_critical*)
 .time_critical.mutex_enter_blocking
                0x00000000200000c0       0x94 CMakeFiles/basic_sweep.dir/home/aquila/pico/pico-sdk/src/common/pico_sync/mutex.c.obj
                0x00000000200000c0                mutex_enter_blocking
 .time_critical.mutex_try_enter
                0x0000000020000154       0x5a CMakeFiles/basic_sweep.dir/home/aquila/pico/pico-sdk/src/common/pico_sync/mutex.c.obj
                0x0000000020000154                mutex_try_enter
 *fill*         0x00000000200001ae        0x2 
 .time_critical.mutex_exit
                0x00000000200001b0       0x94 CMakeFiles/basic_sweep.dir/home/aquila/pico/pico-sdk/src/common/pico_sync/mutex.c.obj
                0x00000000200001b0                mutex_exit
 *(.text*)
 .text          0x0000000020000244        0x4 /usr/lib/gcc/arm-none-eabi/9.2.1/thumb/v6-m/nofp/libgcc.a(_dvmd_tls.o)
                0x0000000020000244                __aeabi_ldiv0
                0x0000000020000244                __aeabi_idiv0
 .text.__stub   0x0000000020000248       0x10 linker stubs
                0x0000000020000258                . = ALIGN (0x4)
 *(.rodata*)
                0x0000000020000258                . = ALIGN (0x4)
 *(.data*)
 .data.wrap     0x0000000020000258        0x2 CMakeFiles/basic_sweep.dir/basic_sweep.c.obj
                0x0000000020000258                wrap
 .data.striped_spin_lock_num
                0x000000002000025a        0x1 CMakeFiles/basic_sweep.dir/home/aquila/pico/pico-sdk/src/rp2_common/hardware_sync/sync.c.obj
 *fill*         0x000000002000025b        0x1 
 .data.default_alarm_pool
                0x000000002000025c       0x18 CMakeFiles/basic_sweep.dir/home/aquila/pico/pico-sdk/src/common/pico_time/time.c.obj
 .data.default_alarm_pool_heap
                0x0000000020000274       0x10 CMakeFiles/basic_sweep.dir/home/aquila/pico/pico-sdk/src/common/pico_time/time.c.obj
 .data          0x0000000020000284       0x48 CMakeFiles/basic_sweep.dir/home/aquila/pico/pico-sdk/src/rp2_common/hardware_irq/irq_handler_chain.S.obj
                0x0000000020000284                irq_handler_chain_slots
                0x00000000200002b4                irq_handler_chain_first_slot
                0x00000000200002be                irq_handler_chain_remove_tail
 *fill*         0x00000000200002cc        0x4 
 .data.aeabi_bits_funcs
                0x00000000200002d0       0x10 CMakeFiles/basic_sweep.dir/home/aquila/pico/pico-sdk/src/rp2_common/pico_bit_ops/bit_ops_aeabi.S.obj
                0x00000000200002d0                aeabi_bits_funcs
                0x00000000200002e0                aeabi_bits_funcs_end
 .data.aeabi_mem_funcs
                0x00000000200002e0       0x10 CMakeFiles/basic_sweep.dir/home/aquila/pico/pico-sdk/src/rp2_common/pico_mem_ops/mem_ops_aeabi.S.obj
                0x00000000200002e0                aeabi_mem_funcs
                0x00000000200002f0                aeabi_mem_funcs_end
                0x00000000200002f0                . = ALIGN (0x4)
 *(.after_data.*)
                0x00000000200002f0                . = ALIGN (0x4)
                0x00000000200002f0                PROVIDE (__mutex_array_start = .)
 *(SORT_BY_NAME(.mutex_array.*))
 *(.mutex_array)
 .mutex_array   0x00000000200002f0        0x8 CMakeFiles/basic_sweep.dir/home/aquila/pico/pico-sdk/src/rp2_common/pico_stdio/stdio.c.obj
                0x00000000200002f8                PROVIDE (__mutex_array_end = .)
                0x00000000200002f8                . = ALIGN (0x4)
                0x00000000200002f8                PROVIDE (__preinit_array_start = .)
 *(SORT_BY_NAME(.preinit_array.*))
 .preinit_array.00001
                0x00000000200002f8        0x4 CMakeFiles/basic_sweep.dir/home/aquila/pico/pico-sdk/src/rp2_common/pico_mem_ops/mem_ops_aeabi.S.obj
 .preinit_array.00010
                0x00000000200002fc        0x4 CMakeFiles/basic_sweep.dir/home/aquila/pico/pico-sdk/src/rp2_common/pico_bit_ops/bit_ops_aeabi.S.obj
 .preinit_array.00020
                0x0000000020000300        0x4 CMakeFiles/basic_sweep.dir/home/aquila/pico/pico-sdk/src/rp2_common/pico_double/double_aeabi.S.obj
 .preinit_array.00020
                0x0000000020000304        0x4 CMakeFiles/basic_sweep.dir/home/aquila/pico/pico-sdk/src/rp2_common/pico_float/float_aeabi.S.obj
 *(.preinit_array)
                0x0000000020000308                PROVIDE (__preinit_array_end = .)
                0x0000000020000308                . = ALIGN (0x4)
                0x0000000020000308                PROVIDE (__init_array_start = .)
 *(SORT_BY_NAME(.init_array.*))
 *(.init_array)
 .init_array    0x0000000020000308        0x4 /usr/lib/gcc/arm-none-eabi/9.2.1/thumb/v6-m/nofp/crtbegin.o
                0x000000002000030c                PROVIDE (__init_array_end = .)
                0x000000002000030c                . = ALIGN (0x4)
                0x000000002000030c                PROVIDE (__fini_array_start = .)
 *(SORT_BY_NAME(.fini_array.*))
 *(.fini_array)
                0x000000002000030c                PROVIDE (__fini_array_end = .)
 *(.jcr)
                0x000000002000030c                . = ALIGN (0x4)
                0x000000002000030c                __data_end__ = .

.tm_clone_table
                0x000000002000030c        0x0 load address 0x0000000010004f04
 .tm_clone_table
                0x000000002000030c        0x0 /usr/lib/gcc/arm-none-eabi/9.2.1/thumb/v6-m/nofp/crtbegin.o
 .tm_clone_table
                0x000000002000030c        0x0 /usr/lib/gcc/arm-none-eabi/9.2.1/thumb/v6-m/nofp/crtend.o

.igot.plt       0x000000002000030c        0x0 load address 0x0000000010004f04
 .igot.plt      0x000000002000030c        0x0 /usr/lib/gcc/arm-none-eabi/9.2.1/thumb/v6-m/nofp/crtbegin.o

.uninitialized_data
                0x000000002000030c        0x0 load address 0x0000000010004f04
                0x000000002000030c                . = ALIGN (0x4)
 *(.uninitialized_data*)

.scratch_x      0x0000000020040000        0x0 load address 0x0000000010004f04
                0x0000000020040000                __scratch_x_start__ = .
 *(.scratch_x.*)
                0x0000000020040000                . = ALIGN (0x4)
                0x0000000020040000                __scratch_x_end__ = .
                0x0000000010004f04                __scratch_x_source__ = LOADADDR (.scratch_x)

.scratch_y      0x0000000020041000        0x0 load address 0x0000000010004f04
                0x0000000020041000                __scratch_y_start__ = .
 *(.scratch_y.*)
                0x0000000020041000                . = ALIGN (0x4)
                0x0000000020041000                __scratch_y_end__ = .
                0x0000000010004f04                __scratch_y_source__ = LOADADDR (.scratch_y)

.bss            0x0000000020000310      0x3c8
                0x0000000020000310                . = ALIGN (0x4)
                0x0000000020000310                __bss_start__ = .
 *(SORT_BY_ALIGNMENT(SORT_BY_NAME(.bss*)))
 .bss.default_alarm_pool_entries
                0x0000000020000310      0x100 CMakeFiles/basic_sweep.dir/home/aquila/pico/pico-sdk/src/common/pico_time/time.c.obj
 .bss           0x0000000020000410       0x1c /usr/lib/gcc/arm-none-eabi/9.2.1/thumb/v6-m/nofp/crtbegin.o
 .bss.alarm_callbacks
                0x000000002000042c       0x10 CMakeFiles/basic_sweep.dir/home/aquila/pico/pico-sdk/src/rp2_common/hardware_timer/timer.c.obj
 .bss.configured_freq
                0x000000002000043c       0x28 CMakeFiles/basic_sweep.dir/home/aquila/pico/pico-sdk/src/rp2_common/hardware_clocks/clocks.c.obj
 .bss.default_alarm_pool_entry_ids_high
                0x0000000020000464       0x10 CMakeFiles/basic_sweep.dir/home/aquila/pico/pico-sdk/src/common/pico_time/time.c.obj
 .bss.default_alarm_pool_heap_nodes
                0x0000000020000474       0x30 CMakeFiles/basic_sweep.dir/home/aquila/pico/pico-sdk/src/common/pico_time/time.c.obj
 .bss.drivers   0x00000000200004a4        0x4 CMakeFiles/basic_sweep.dir/home/aquila/pico/pico-sdk/src/rp2_common/pico_stdio/stdio.c.obj
 .bss.filter    0x00000000200004a8        0x4 CMakeFiles/basic_sweep.dir/home/aquila/pico/pico-sdk/src/rp2_common/pico_stdio/stdio.c.obj
 .bss.pools     0x00000000200004ac       0x10 CMakeFiles/basic_sweep.dir/home/aquila/pico/pico-sdk/src/common/pico_time/time.c.obj
 .bss.sleep_notifier
                0x00000000200004bc        0x4 CMakeFiles/basic_sweep.dir/home/aquila/pico/pico-sdk/src/common/pico_time/time.c.obj
 .bss.target_hi
                0x00000000200004c0       0x10 CMakeFiles/basic_sweep.dir/home/aquila/pico/pico-sdk/src/rp2_common/hardware_timer/timer.c.obj
 .bss.claimed   0x00000000200004d0        0x1 CMakeFiles/basic_sweep.dir/home/aquila/pico/pico-sdk/src/rp2_common/hardware_timer/timer.c.obj
 .bss.irq_hander_chain_free_slot_head
                0x00000000200004d1        0x1 CMakeFiles/basic_sweep.dir/home/aquila/pico/pico-sdk/src/rp2_common/hardware_irq/irq.c.obj
 .bss.timer_callbacks_pending
                0x00000000200004d2        0x1 CMakeFiles/basic_sweep.dir/home/aquila/pico/pico-sdk/src/rp2_common/hardware_timer/timer.c.obj
 *(COMMON)
 *fill*         0x00000000200004d3        0x1 
 COMMON         0x00000000200004d4      0x100 CMakeFiles/basic_sweep.dir/home/aquila/pico/pico-sdk/src/rp2_common/pico_double/double_init_rom.c.obj
                0x00000000200004d4                sd_table
 COMMON         0x00000000200005d4      0x104 CMakeFiles/basic_sweep.dir/home/aquila/pico/pico-sdk/src/rp2_common/pico_float/float_init_rom.c.obj
                0x00000000200005d4                sf_table
                0x00000000200006d4                sf_clz_func
                0x00000000200006d8                . = ALIGN (0x4)
                0x00000000200006d8                __bss_end__ = .

.heap           0x00000000200006d8      0x800
                0x00000000200006d8                __end__ = .
                0x00000000200006d8                end = __end__
 *(.heap*)
 .heap          0x00000000200006d8      0x800 CMakeFiles/basic_sweep.dir/home/aquila/pico/pico-sdk/src/rp2_common/pico_standard_link/crt0.S.obj
                0x0000000020000ed8                __HeapLimit = .

.stack1_dummy   0x0000000020040000        0x0
 *(.stack1*)

.stack_dummy    0x0000000020041000      0x800
 *(.stack*)
 .stack         0x0000000020041000      0x800 CMakeFiles/basic_sweep.dir/home/aquila/pico/pico-sdk/src/rp2_common/pico_standard_link/crt0.S.obj

.flash_end      0x0000000010004f04        0x0
                0x0000000010004f04                __flash_binary_end = .
                0x0000000020040000                __StackLimit = (ORIGIN (RAM) + LENGTH (RAM))
                0x0000000020041000                __StackOneTop = (ORIGIN (SCRATCH_X) + LENGTH (SCRATCH_X))
                0x0000000020042000                __StackTop = (ORIGIN (SCRATCH_Y) + LENGTH (SCRATCH_Y))
                0x0000000020041000                __StackOneBottom = (__StackOneTop - SIZEOF (.stack1_dummy))
                0x0000000020041800                __StackBottom = (__StackTop - SIZEOF (.stack_dummy))
                0x0000000020042000                PROVIDE (__stack = __StackTop)
                0x0000000000000001                ASSERT ((__StackLimit >= __HeapLimit), region RAM overflowed)
                0x0000000000000001                ASSERT (((__binary_info_header_end - __logical_binary_start) <= 0x100), Binary info must be in first 256 bytes of the binary)
LOAD CMakeFiles/basic_sweep.dir/basic_sweep.c.obj
LOAD CMakeFiles/basic_sweep.dir/home/aquila/pico/pico-sdk/src/rp2_common/pico_stdlib/stdlib.c.obj
LOAD CMakeFiles/basic_sweep.dir/home/aquila/pico/pico-sdk/src/rp2_common/hardware_gpio/gpio.c.obj
LOAD CMakeFiles/basic_sweep.dir/home/aquila/pico/pico-sdk/src/rp2_common/hardware_claim/claim.c.obj
LOAD CMakeFiles/basic_sweep.dir/home/aquila/pico/pico-sdk/src/rp2_common/pico_platform/platform.c.obj
LOAD CMakeFiles/basic_sweep.dir/home/aquila/pico/pico-sdk/src/rp2_common/hardware_sync/sync.c.obj
LOAD CMakeFiles/basic_sweep.dir/home/aquila/pico/pico-sdk/src/rp2_common/hardware_uart/uart.c.obj
LOAD CMakeFiles/basic_sweep.dir/home/aquila/pico/pico-sdk/src/rp2_common/hardware_divider/divider.S.obj
LOAD CMakeFiles/basic_sweep.dir/home/aquila/pico/pico-sdk/src/common/pico_time/time.c.obj
LOAD CMakeFiles/basic_sweep.dir/home/aquila/pico/pico-sdk/src/common/pico_time/timeout_helper.c.obj
LOAD CMakeFiles/basic_sweep.dir/home/aquila/pico/pico-sdk/src/rp2_common/hardware_timer/timer.c.obj
LOAD CMakeFiles/basic_sweep.dir/home/aquila/pico/pico-sdk/src/common/pico_sync/sem.c.obj
LOAD CMakeFiles/basic_sweep.dir/home/aquila/pico/pico-sdk/src/common/pico_sync/lock_core.c.obj
LOAD CMakeFiles/basic_sweep.dir/home/aquila/pico/pico-sdk/src/common/pico_sync/mutex.c.obj
LOAD CMakeFiles/basic_sweep.dir/home/aquila/pico/pico-sdk/src/common/pico_sync/critical_section.c.obj
LOAD CMakeFiles/basic_sweep.dir/home/aquila/pico/pico-sdk/src/common/pico_util/datetime.c.obj
LOAD CMakeFiles/basic_sweep.dir/home/aquila/pico/pico-sdk/src/common/pico_util/pheap.c.obj
LOAD CMakeFiles/basic_sweep.dir/home/aquila/pico/pico-sdk/src/common/pico_util/queue.c.obj
LOAD CMakeFiles/basic_sweep.dir/home/aquila/pico/pico-sdk/src/rp2_common/pico_runtime/runtime.c.obj
LOAD CMakeFiles/basic_sweep.dir/home/aquila/pico/pico-sdk/src/rp2_common/hardware_clocks/clocks.c.obj
LOAD CMakeFiles/basic_sweep.dir/home/aquila/pico/pico-sdk/src/rp2_common/hardware_irq/irq.c.obj
LOAD CMakeFiles/basic_sweep.dir/home/aquila/pico/pico-sdk/src/rp2_common/hardware_irq/irq_handler_chain.S.obj
LOAD CMakeFiles/basic_sweep.dir/home/aquila/pico/pico-sdk/src/rp2_common/hardware_pll/pll.c.obj
LOAD CMakeFiles/basic_sweep.dir/home/aquila/pico/pico-sdk/src/rp2_common/hardware_vreg/vreg.c.obj
LOAD CMakeFiles/basic_sweep.dir/home/aquila/pico/pico-sdk/src/rp2_common/hardware_watchdog/watchdog.c.obj
LOAD CMakeFiles/basic_sweep.dir/home/aquila/pico/pico-sdk/src/rp2_common/hardware_xosc/xosc.c.obj
LOAD CMakeFiles/basic_sweep.dir/home/aquila/pico/pico-sdk/src/rp2_common/pico_printf/printf.c.obj
LOAD CMakeFiles/basic_sweep.dir/home/aquila/pico/pico-sdk/src/rp2_common/pico_bit_ops/bit_ops_aeabi.S.obj
LOAD CMakeFiles/basic_sweep.dir/home/aquila/pico/pico-sdk/src/rp2_common/pico_bootrom/bootrom.c.obj
LOAD CMakeFiles/basic_sweep.dir/home/aquila/pico/pico-sdk/src/rp2_common/pico_divider/divider.S.obj
LOAD CMakeFiles/basic_sweep.dir/home/aquila/pico/pico-sdk/src/rp2_common/pico_double/double_aeabi.S.obj
LOAD CMakeFiles/basic_sweep.dir/home/aquila/pico/pico-sdk/src/rp2_common/pico_double/double_init_rom.c.obj
LOAD CMakeFiles/basic_sweep.dir/home/aquila/pico/pico-sdk/src/rp2_common/pico_double/double_math.c.obj
LOAD CMakeFiles/basic_sweep.dir/home/aquila/pico/pico-sdk/src/rp2_common/pico_double/double_v1_rom_shim.S.obj
LOAD CMakeFiles/basic_sweep.dir/home/aquila/pico/pico-sdk/src/rp2_common/pico_int64_ops/pico_int64_ops_aeabi.S.obj
LOAD CMakeFiles/basic_sweep.dir/home/aquila/pico/pico-sdk/src/rp2_common/pico_float/float_aeabi.S.obj
LOAD CMakeFiles/basic_sweep.dir/home/aquila/pico/pico-sdk/src/rp2_common/pico_float/float_init_rom.c.obj
LOAD CMakeFiles/basic_sweep.dir/home/aquila/pico/pico-sdk/src/rp2_common/pico_float/float_math.c.obj
LOAD CMakeFiles/basic_sweep.dir/home/aquila/pico/pico-sdk/src/rp2_common/pico_float/float_v1_rom_shim.S.obj
LOAD CMakeFiles/basic_sweep.dir/home/aquila/pico/pico-sdk/src/rp2_common/pico_malloc/pico_malloc.c.obj
LOAD CMakeFiles/basic_sweep.dir/home/aquila/pico/pico-sdk/src/rp2_common/pico_mem_ops/mem_ops_aeabi.S.obj
LOAD CMakeFiles/basic_sweep.dir/home/aquila/pico/pico-sdk/src/rp2_common/pico_standard_link/crt0.S.obj
LOAD CMakeFiles/basic_sweep.dir/home/aquila/pico/pico-sdk/src/rp2_common/pico_standard_link/new_delete.cpp.obj
LOAD CMakeFiles/basic_sweep.dir/home/aquila/pico/pico-sdk/src/rp2_common/pico_standard_link/binary_info.c.obj
LOAD CMakeFiles/basic_sweep.dir/home/aquila/pico/pico-sdk/src/rp2_common/pico_stdio/stdio.c.obj
LOAD CMakeFiles/basic_sweep.dir/home/aquila/pico/pico-sdk/src/rp2_common/pico_stdio_uart/stdio_uart.c.obj
LOAD /tmp/ccSGa6Tk.o
LOAD /usr/lib/gcc/arm-none-eabi/9.2.1/../../../arm-none-eabi/lib/thumb/v6-m/nofp/libstdc++.a
LOAD /usr/lib/gcc/arm-none-eabi/9.2.1/../../../arm-none-eabi/lib/thumb/v6-m/nofp/libm.a
START GROUP
LOAD /usr/lib/gcc/arm-none-eabi/9.2.1/thumb/v6-m/nofp/libgcc.a
LOAD /usr/lib/gcc/arm-none-eabi/9.2.1/../../../arm-none-eabi/lib/thumb/v6-m/nofp/libg.a
LOAD /usr/lib/gcc/arm-none-eabi/9.2.1/../../../arm-none-eabi/lib/thumb/v6-m/nofp/libc.a
END GROUP
START GROUP
LOAD /usr/lib/gcc/arm-none-eabi/9.2.1/thumb/v6-m/nofp/libgcc.a
LOAD /usr/lib/gcc/arm-none-eabi/9.2.1/../../../arm-none-eabi/lib/thumb/v6-m/nofp/libc.a
LOAD /usr/lib/gcc/arm-none-eabi/9.2.1/../../../arm-none-eabi/lib/thumb/v6-m/nofp/libnosys.a
END GROUP
LOAD /usr/lib/gcc/arm-none-eabi/9.2.1/thumb/v6-m/nofp/crtend.o
LOAD /usr/lib/gcc/arm-none-eabi/9.2.1/thumb/v6-m/nofp/crtn.o
OUTPUT(basic_sweep.elf elf32-littlearm)
LOAD linker stubs

.ARM.attributes
                0x0000000000000000       0x28
 .ARM.attributes
                0x0000000000000000       0x1e /usr/lib/gcc/arm-none-eabi/9.2.1/thumb/v6-m/nofp/crti.o
 .ARM.attributes
                0x000000000000001e       0x2c /usr/lib/gcc/arm-none-eabi/9.2.1/thumb/v6-m/nofp/crtbegin.o
 .ARM.attributes
                0x000000000000004a       0x2c CMakeFiles/basic_sweep.dir/basic_sweep.c.obj
 .ARM.attributes
                0x0000000000000076       0x2c CMakeFiles/basic_sweep.dir/home/aquila/pico/pico-sdk/src/rp2_common/pico_stdlib/stdlib.c.obj
 .ARM.attributes
                0x00000000000000a2       0x2c CMakeFiles/basic_sweep.dir/home/aquila/pico/pico-sdk/src/rp2_common/hardware_gpio/gpio.c.obj
 .ARM.attributes
                0x00000000000000ce       0x2c CMakeFiles/basic_sweep.dir/home/aquila/pico/pico-sdk/src/rp2_common/hardware_claim/claim.c.obj
 .ARM.attributes
                0x00000000000000fa       0x2c CMakeFiles/basic_sweep.dir/home/aquila/pico/pico-sdk/src/rp2_common/pico_platform/platform.c.obj
 .ARM.attributes
                0x0000000000000126       0x2c CMakeFiles/basic_sweep.dir/home/aquila/pico/pico-sdk/src/rp2_common/hardware_sync/sync.c.obj
 .ARM.attributes
                0x0000000000000152       0x2c CMakeFiles/basic_sweep.dir/home/aquila/pico/pico-sdk/src/common/pico_time/time.c.obj
 .ARM.attributes
                0x000000000000017e       0x2c CMakeFiles/basic_sweep.dir/home/aquila/pico/pico-sdk/src/rp2_common/hardware_timer/timer.c.obj
 .ARM.attributes
                0x00000000000001aa       0x2c CMakeFiles/basic_sweep.dir/home/aquila/pico/pico-sdk/src/common/pico_sync/lock_core.c.obj
 .ARM.attributes
                0x00000000000001d6       0x2c CMakeFiles/basic_sweep.dir/home/aquila/pico/pico-sdk/src/common/pico_sync/mutex.c.obj
 .ARM.attributes
                0x0000000000000202       0x2c CMakeFiles/basic_sweep.dir/home/aquila/pico/pico-sdk/src/common/pico_util/pheap.c.obj
 .ARM.attributes
                0x000000000000022e       0x2c CMakeFiles/basic_sweep.dir/home/aquila/pico/pico-sdk/src/rp2_common/pico_runtime/runtime.c.obj
 .ARM.attributes
                0x000000000000025a       0x2c CMakeFiles/basic_sweep.dir/home/aquila/pico/pico-sdk/src/rp2_common/hardware_clocks/clocks.c.obj
 .ARM.attributes
                0x0000000000000286       0x2c CMakeFiles/basic_sweep.dir/home/aquila/pico/pico-sdk/src/rp2_common/hardware_irq/irq.c.obj
 .ARM.attributes
                0x00000000000002b2       0x22 CMakeFiles/basic_sweep.dir/home/aquila/pico/pico-sdk/src/rp2_common/hardware_irq/irq_handler_chain.S.obj
 .ARM.attributes
                0x00000000000002d4       0x2c CMakeFiles/basic_sweep.dir/home/aquila/pico/pico-sdk/src/rp2_common/hardware_pll/pll.c.obj
 .ARM.attributes
                0x0000000000000300       0x2c CMakeFiles/basic_sweep.dir/home/aquila/pico/pico-sdk/src/rp2_common/hardware_watchdog/watchdog.c.obj
 .ARM.attributes
                0x000000000000032c       0x2c CMakeFiles/basic_sweep.dir/home/aquila/pico/pico-sdk/src/rp2_common/hardware_xosc/xosc.c.obj
 .ARM.attributes
                0x0000000000000358       0x2c CMakeFiles/basic_sweep.dir/home/aquila/pico/pico-sdk/src/rp2_common/pico_printf/printf.c.obj
 .ARM.attributes
                0x0000000000000384       0x22 CMakeFiles/basic_sweep.dir/home/aquila/pico/pico-sdk/src/rp2_common/pico_bit_ops/bit_ops_aeabi.S.obj
 .ARM.attributes
                0x00000000000003a6       0x2c CMakeFiles/basic_sweep.dir/home/aquila/pico/pico-sdk/src/rp2_common/pico_bootrom/bootrom.c.obj
 .ARM.attributes
                0x00000000000003d2       0x22 CMakeFiles/basic_sweep.dir/home/aquila/pico/pico-sdk/src/rp2_common/pico_divider/divider.S.obj
 .ARM.attributes
                0x00000000000003f4       0x22 CMakeFiles/basic_sweep.dir/home/aquila/pico/pico-sdk/src/rp2_common/pico_double/double_aeabi.S.obj
 .ARM.attributes
                0x0000000000000416       0x2c CMakeFiles/basic_sweep.dir/home/aquila/pico/pico-sdk/src/rp2_common/pico_double/double_init_rom.c.obj
 .ARM.attributes
                0x0000000000000442       0x22 CMakeFiles/basic_sweep.dir/home/aquila/pico/pico-sdk/src/rp2_common/pico_double/double_v1_rom_shim.S.obj
 .ARM.attributes
                0x0000000000000464       0x22 CMakeFiles/basic_sweep.dir/home/aquila/pico/pico-sdk/src/rp2_common/pico_float/float_aeabi.S.obj
 .ARM.attributes
                0x0000000000000486       0x2c CMakeFiles/basic_sweep.dir/home/aquila/pico/pico-sdk/src/rp2_common/pico_float/float_init_rom.c.obj
 .ARM.attributes
                0x00000000000004b2       0x22 CMakeFiles/basic_sweep.dir/home/aquila/pico/pico-sdk/src/rp2_common/pico_float/float_v1_rom_shim.S.obj
 .ARM.attributes
                0x00000000000004d4       0x22 CMakeFiles/basic_sweep.dir/home/aquila/pico/pico-sdk/src/rp2_common/pico_mem_ops/mem_ops_aeabi.S.obj
 .ARM.attributes
                0x00000000000004f6       0x22 CMakeFiles/basic_sweep.dir/home/aquila/pico/pico-sdk/src/rp2_common/pico_standard_link/crt0.S.obj
 .ARM.attributes
                0x0000000000000518       0x32 CMakeFiles/basic_sweep.dir/home/aquila/pico/pico-sdk/src/rp2_common/pico_standard_link/binary_info.c.obj
 .ARM.attributes
                0x000000000000054a       0x2c CMakeFiles/basic_sweep.dir/home/aquila/pico/pico-sdk/src/rp2_common/pico_stdio/stdio.c.obj
 .ARM.attributes
                0x0000000000000576       0x22 /tmp/ccSGa6Tk.o
 .ARM.attributes
                0x0000000000000598       0x1e /usr/lib/gcc/arm-none-eabi/9.2.1/thumb/v6-m/nofp/libgcc.a(_dvmd_tls.o)
 .ARM.attributes
                0x00000000000005b6       0x2c /usr/lib/gcc/arm-none-eabi/9.2.1/../../../arm-none-eabi/lib/thumb/v6-m/nofp/libg.a(lib_a-strlen-stub.o)
 .ARM.attributes
                0x00000000000005e2       0x2c /usr/lib/gcc/arm-none-eabi/9.2.1/thumb/v6-m/nofp/crtend.o

.comment        0x0000000000000000       0xa7
 .comment       0x0000000000000000       0x59 /usr/lib/gcc/arm-none-eabi/9.2.1/thumb/v6-m/nofp/crtbegin.o
                                         0x5a (size before relaxing)
 .comment       0x0000000000000059       0x5a CMakeFiles/basic_sweep.dir/basic_sweep.c.obj
 .comment       0x0000000000000059       0x5a CMakeFiles/basic_sweep.dir/home/aquila/pico/pico-sdk/src/rp2_common/pico_stdlib/stdlib.c.obj
 .comment       0x0000000000000059       0x5a CMakeFiles/basic_sweep.dir/home/aquila/pico/pico-sdk/src/rp2_common/hardware_gpio/gpio.c.obj
 .comment       0x0000000000000059       0x5a CMakeFiles/basic_sweep.dir/home/aquila/pico/pico-sdk/src/rp2_common/hardware_claim/claim.c.obj
 .comment       0x0000000000000059       0x5a CMakeFiles/basic_sweep.dir/home/aquila/pico/pico-sdk/src/rp2_common/pico_platform/platform.c.obj
 .comment       0x0000000000000059       0x5a CMakeFiles/basic_sweep.dir/home/aquila/pico/pico-sdk/src/rp2_common/hardware_sync/sync.c.obj
 .comment       0x0000000000000059       0x5a CMakeFiles/basic_sweep.dir/home/aquila/pico/pico-sdk/src/common/pico_time/time.c.obj
 .comment       0x0000000000000059       0x5a CMakeFiles/basic_sweep.dir/home/aquila/pico/pico-sdk/src/rp2_common/hardware_timer/timer.c.obj
 .comment       0x0000000000000059       0x5a CMakeFiles/basic_sweep.dir/home/aquila/pico/pico-sdk/src/common/pico_sync/lock_core.c.obj
 .comment       0x0000000000000059       0x5a CMakeFiles/basic_sweep.dir/home/aquila/pico/pico-sdk/src/common/pico_sync/mutex.c.obj
 .comment       0x0000000000000059       0x5a CMakeFiles/basic_sweep.dir/home/aquila/pico/pico-sdk/src/common/pico_util/pheap.c.obj
 .comment       0x0000000000000059       0x5a CMakeFiles/basic_sweep.dir/home/aquila/pico/pico-sdk/src/rp2_common/pico_runtime/runtime.c.obj
 .comment       0x0000000000000059       0x5a CMakeFiles/basic_sweep.dir/home/aquila/pico/pico-sdk/src/rp2_common/hardware_clocks/clocks.c.obj
 .comment       0x0000000000000059       0x5a CMakeFiles/basic_sweep.dir/home/aquila/pico/pico-sdk/src/rp2_common/hardware_irq/irq.c.obj
 .comment       0x0000000000000059       0x5a CMakeFiles/basic_sweep.dir/home/aquila/pico/pico-sdk/src/rp2_common/hardware_pll/pll.c.obj
 .comment       0x0000000000000059       0x5a CMakeFiles/basic_sweep.dir/home/aquila/pico/pico-sdk/src/rp2_common/hardware_watchdog/watchdog.c.obj
 .comment       0x0000000000000059       0x5a CMakeFiles/basic_sweep.dir/home/aquila/pico/pico-sdk/src/rp2_common/hardware_xosc/xosc.c.obj
 .comment       0x0000000000000059       0x5a CMakeFiles/basic_sweep.dir/home/aquila/pico/pico-sdk/src/rp2_common/pico_printf/printf.c.obj
 .comment       0x0000000000000059       0x5a CMakeFiles/basic_sweep.dir/home/aquila/pico/pico-sdk/src/rp2_common/pico_bootrom/bootrom.c.obj
 .comment       0x0000000000000059       0x5a CMakeFiles/basic_sweep.dir/home/aquila/pico/pico-sdk/src/rp2_common/pico_double/double_init_rom.c.obj
 .comment       0x0000000000000059       0x5a CMakeFiles/basic_sweep.dir/home/aquila/pico/pico-sdk/src/rp2_common/pico_float/float_init_rom.c.obj
 .comment       0x0000000000000059       0x5a CMakeFiles/basic_sweep.dir/home/aquila/pico/pico-sdk/src/rp2_common/pico_standard_link/binary_info.c.obj
 .comment       0x0000000000000059       0x5a CMakeFiles/basic_sweep.dir/home/aquila/pico/pico-sdk/src/rp2_common/pico_stdio/stdio.c.obj
 .comment       0x0000000000000059       0x4e /usr/lib/gcc/arm-none-eabi/9.2.1/../../../arm-none-eabi/lib/thumb/v6-m/nofp/libg.a(lib_a-strlen-stub.o)
                                         0x4f (size before relaxing)
 .comment       0x00000000000000a7       0x5a /usr/lib/gcc/arm-none-eabi/9.2.1/thumb/v6-m/nofp/crtend.o

.debug_info     0x0000000000000000    0x169e7
 .debug_info    0x0000000000000000     0x1094 CMakeFiles/basic_sweep.dir/basic_sweep.c.obj
 .debug_info    0x0000000000001094      0x504 CMakeFiles/basic_sweep.dir/home/aquila/pico/pico-sdk/src/rp2_common/pico_stdlib/stdlib.c.obj
 .debug_info    0x0000000000001598     0x144d CMakeFiles/basic_sweep.dir/home/aquila/pico/pico-sdk/src/rp2_common/hardware_gpio/gpio.c.obj
 .debug_info    0x00000000000029e5      0x6a2 CMakeFiles/basic_sweep.dir/home/aquila/pico/pico-sdk/src/rp2_common/hardware_claim/claim.c.obj
 .debug_info    0x0000000000003087      0x1cb CMakeFiles/basic_sweep.dir/home/aquila/pico/pico-sdk/src/rp2_common/pico_platform/platform.c.obj
 .debug_info    0x0000000000003252      0x576 CMakeFiles/basic_sweep.dir/home/aquila/pico/pico-sdk/src/rp2_common/hardware_sync/sync.c.obj
 .debug_info    0x00000000000037c8     0x4352 CMakeFiles/basic_sweep.dir/home/aquila/pico/pico-sdk/src/common/pico_time/time.c.obj
 .debug_info    0x0000000000007b1a     0x10e2 CMakeFiles/basic_sweep.dir/home/aquila/pico/pico-sdk/src/rp2_common/hardware_timer/timer.c.obj
 .debug_info    0x0000000000008bfc      0x1e4 CMakeFiles/basic_sweep.dir/home/aquila/pico/pico-sdk/src/common/pico_sync/lock_core.c.obj
 .debug_info    0x0000000000008de0     0x1384 CMakeFiles/basic_sweep.dir/home/aquila/pico/pico-sdk/src/common/pico_sync/mutex.c.obj
 .debug_info    0x000000000000a164     0x1aa5 CMakeFiles/basic_sweep.dir/home/aquila/pico/pico-sdk/src/common/pico_util/pheap.c.obj
 .debug_info    0x000000000000bc09     0x128a CMakeFiles/basic_sweep.dir/home/aquila/pico/pico-sdk/src/rp2_common/pico_runtime/runtime.c.obj
 .debug_info    0x000000000000ce93      0xeec CMakeFiles/basic_sweep.dir/home/aquila/pico/pico-sdk/src/rp2_common/hardware_clocks/clocks.c.obj
 .debug_info    0x000000000000dd7f     0x190c CMakeFiles/basic_sweep.dir/home/aquila/pico/pico-sdk/src/rp2_common/hardware_irq/irq.c.obj
 .debug_info    0x000000000000f68b       0x26 CMakeFiles/basic_sweep.dir/home/aquila/pico/pico-sdk/src/rp2_common/hardware_irq/irq_handler_chain.S.obj
 .debug_info    0x000000000000f6b1      0x4d6 CMakeFiles/basic_sweep.dir/home/aquila/pico/pico-sdk/src/rp2_common/hardware_pll/pll.c.obj
 .debug_info    0x000000000000fb87      0xd2c CMakeFiles/basic_sweep.dir/home/aquila/pico/pico-sdk/src/rp2_common/hardware_watchdog/watchdog.c.obj
 .debug_info    0x00000000000108b3      0x1c5 CMakeFiles/basic_sweep.dir/home/aquila/pico/pico-sdk/src/rp2_common/hardware_xosc/xosc.c.obj
 .debug_info    0x0000000000010a78     0x1fbf CMakeFiles/basic_sweep.dir/home/aquila/pico/pico-sdk/src/rp2_common/pico_printf/printf.c.obj
 .debug_info    0x0000000000012a37       0x22 CMakeFiles/basic_sweep.dir/home/aquila/pico/pico-sdk/src/rp2_common/pico_bit_ops/bit_ops_aeabi.S.obj
 .debug_info    0x0000000000012a59      0x20d CMakeFiles/basic_sweep.dir/home/aquila/pico/pico-sdk/src/rp2_common/pico_bootrom/bootrom.c.obj
 .debug_info    0x0000000000012c66       0x22 CMakeFiles/basic_sweep.dir/home/aquila/pico/pico-sdk/src/rp2_common/pico_divider/divider.S.obj
 .debug_info    0x0000000000012c88       0x22 CMakeFiles/basic_sweep.dir/home/aquila/pico/pico-sdk/src/rp2_common/pico_double/double_aeabi.S.obj
 .debug_info    0x0000000000012caa      0xaf9 CMakeFiles/basic_sweep.dir/home/aquila/pico/pico-sdk/src/rp2_common/pico_double/double_init_rom.c.obj
 .debug_info    0x00000000000137a3       0x22 CMakeFiles/basic_sweep.dir/home/aquila/pico/pico-sdk/src/rp2_common/pico_double/double_v1_rom_shim.S.obj
 .debug_info    0x00000000000137c5       0x22 CMakeFiles/basic_sweep.dir/home/aquila/pico/pico-sdk/src/rp2_common/pico_float/float_aeabi.S.obj
 .debug_info    0x00000000000137e7      0xb42 CMakeFiles/basic_sweep.dir/home/aquila/pico/pico-sdk/src/rp2_common/pico_float/float_init_rom.c.obj
 .debug_info    0x0000000000014329       0x22 CMakeFiles/basic_sweep.dir/home/aquila/pico/pico-sdk/src/rp2_common/pico_float/float_v1_rom_shim.S.obj
 .debug_info    0x000000000001434b       0x22 CMakeFiles/basic_sweep.dir/home/aquila/pico/pico-sdk/src/rp2_common/pico_mem_ops/mem_ops_aeabi.S.obj
 .debug_info    0x000000000001436d       0x22 CMakeFiles/basic_sweep.dir/home/aquila/pico/pico-sdk/src/rp2_common/pico_standard_link/crt0.S.obj
 .debug_info    0x000000000001438f      0x2c6 CMakeFiles/basic_sweep.dir/home/aquila/pico/pico-sdk/src/rp2_common/pico_standard_link/binary_info.c.obj
 .debug_info    0x0000000000014655     0x19f9 CMakeFiles/basic_sweep.dir/home/aquila/pico/pico-sdk/src/rp2_common/pico_stdio/stdio.c.obj
 .debug_info    0x000000000001604e       0x26 /usr/lib/gcc/arm-none-eabi/9.2.1/thumb/v6-m/nofp/libgcc.a(_dvmd_tls.o)
 .debug_info    0x0000000000016074      0x973 /usr/lib/gcc/arm-none-eabi/9.2.1/../../../arm-none-eabi/lib/thumb/v6-m/nofp/libg.a(lib_a-strlen-stub.o)

.debug_abbrev   0x0000000000000000     0x4654
 .debug_abbrev  0x0000000000000000      0x3a6 CMakeFiles/basic_sweep.dir/basic_sweep.c.obj
 .debug_abbrev  0x00000000000003a6      0x1b3 CMakeFiles/basic_sweep.dir/home/aquila/pico/pico-sdk/src/rp2_common/pico_stdlib/stdlib.c.obj
 .debug_abbrev  0x0000000000000559      0x2c4 CMakeFiles/basic_sweep.dir/home/aquila/pico/pico-sdk/src/rp2_common/hardware_gpio/gpio.c.obj
 .debug_abbrev  0x000000000000081d      0x2d6 CMakeFiles/basic_sweep.dir/home/aquila/pico/pico-sdk/src/rp2_common/hardware_claim/claim.c.obj
 .debug_abbrev  0x0000000000000af3       0xeb CMakeFiles/basic_sweep.dir/home/aquila/pico/pico-sdk/src/rp2_common/pico_platform/platform.c.obj
 .debug_abbrev  0x0000000000000bde      0x21b CMakeFiles/basic_sweep.dir/home/aquila/pico/pico-sdk/src/rp2_common/hardware_sync/sync.c.obj
 .debug_abbrev  0x0000000000000df9      0x617 CMakeFiles/basic_sweep.dir/home/aquila/pico/pico-sdk/src/common/pico_time/time.c.obj
 .debug_abbrev  0x0000000000001410      0x38d CMakeFiles/basic_sweep.dir/home/aquila/pico/pico-sdk/src/rp2_common/hardware_timer/timer.c.obj
 .debug_abbrev  0x000000000000179d      0x138 CMakeFiles/basic_sweep.dir/home/aquila/pico/pico-sdk/src/common/pico_sync/lock_core.c.obj
 .debug_abbrev  0x00000000000018d5      0x3a1 CMakeFiles/basic_sweep.dir/home/aquila/pico/pico-sdk/src/common/pico_sync/mutex.c.obj
 .debug_abbrev  0x0000000000001c76      0x3ad CMakeFiles/basic_sweep.dir/home/aquila/pico/pico-sdk/src/common/pico_util/pheap.c.obj
 .debug_abbrev  0x0000000000002023      0x451 CMakeFiles/basic_sweep.dir/home/aquila/pico/pico-sdk/src/rp2_common/pico_runtime/runtime.c.obj
 .debug_abbrev  0x0000000000002474      0x383 CMakeFiles/basic_sweep.dir/home/aquila/pico/pico-sdk/src/rp2_common/hardware_clocks/clocks.c.obj
 .debug_abbrev  0x00000000000027f7      0x4b4 CMakeFiles/basic_sweep.dir/home/aquila/pico/pico-sdk/src/rp2_common/hardware_irq/irq.c.obj
 .debug_abbrev  0x0000000000002cab       0x14 CMakeFiles/basic_sweep.dir/home/aquila/pico/pico-sdk/src/rp2_common/hardware_irq/irq_handler_chain.S.obj
 .debug_abbrev  0x0000000000002cbf      0x1ee CMakeFiles/basic_sweep.dir/home/aquila/pico/pico-sdk/src/rp2_common/hardware_pll/pll.c.obj
 .debug_abbrev  0x0000000000002ead      0x2d8 CMakeFiles/basic_sweep.dir/home/aquila/pico/pico-sdk/src/rp2_common/hardware_watchdog/watchdog.c.obj
 .debug_abbrev  0x0000000000003185      0x109 CMakeFiles/basic_sweep.dir/home/aquila/pico/pico-sdk/src/rp2_common/hardware_xosc/xosc.c.obj
 .debug_abbrev  0x000000000000328e      0x4a1 CMakeFiles/basic_sweep.dir/home/aquila/pico/pico-sdk/src/rp2_common/pico_printf/printf.c.obj
 .debug_abbrev  0x000000000000372f       0x12 CMakeFiles/basic_sweep.dir/home/aquila/pico/pico-sdk/src/rp2_common/pico_bit_ops/bit_ops_aeabi.S.obj
 .debug_abbrev  0x0000000000003741       0xf8 CMakeFiles/basic_sweep.dir/home/aquila/pico/pico-sdk/src/rp2_common/pico_bootrom/bootrom.c.obj
 .debug_abbrev  0x0000000000003839       0x12 CMakeFiles/basic_sweep.dir/home/aquila/pico/pico-sdk/src/rp2_common/pico_divider/divider.S.obj
 .debug_abbrev  0x000000000000384b       0x12 CMakeFiles/basic_sweep.dir/home/aquila/pico/pico-sdk/src/rp2_common/pico_double/double_aeabi.S.obj
 .debug_abbrev  0x000000000000385d      0x2af CMakeFiles/basic_sweep.dir/home/aquila/pico/pico-sdk/src/rp2_common/pico_double/double_init_rom.c.obj
 .debug_abbrev  0x0000000000003b0c       0x12 CMakeFiles/basic_sweep.dir/home/aquila/pico/pico-sdk/src/rp2_common/pico_double/double_v1_rom_shim.S.obj
 .debug_abbrev  0x0000000000003b1e       0x12 CMakeFiles/basic_sweep.dir/home/aquila/pico/pico-sdk/src/rp2_common/pico_float/float_aeabi.S.obj
 .debug_abbrev  0x0000000000003b30      0x2c2 CMakeFiles/basic_sweep.dir/home/aquila/pico/pico-sdk/src/rp2_common/pico_float/float_init_rom.c.obj
 .debug_abbrev  0x0000000000003df2       0x12 CMakeFiles/basic_sweep.dir/home/aquila/pico/pico-sdk/src/rp2_common/pico_float/float_v1_rom_shim.S.obj
 .debug_abbrev  0x0000000000003e04       0x12 CMakeFiles/basic_sweep.dir/home/aquila/pico/pico-sdk/src/rp2_common/pico_mem_ops/mem_ops_aeabi.S.obj
 .debug_abbrev  0x0000000000003e16       0x12 CMakeFiles/basic_sweep.dir/home/aquila/pico/pico-sdk/src/rp2_common/pico_standard_link/crt0.S.obj
 .debug_abbrev  0x0000000000003e28       0xad CMakeFiles/basic_sweep.dir/home/aquila/pico/pico-sdk/src/rp2_common/pico_standard_link/binary_info.c.obj
 .debug_abbrev  0x0000000000003ed5      0x583 CMakeFiles/basic_sweep.dir/home/aquila/pico/pico-sdk/src/rp2_common/pico_stdio/stdio.c.obj
 .debug_abbrev  0x0000000000004458       0x14 /usr/lib/gcc/arm-none-eabi/9.2.1/thumb/v6-m/nofp/libgcc.a(_dvmd_tls.o)
 .debug_abbrev  0x000000000000446c      0x1e8 /usr/lib/gcc/arm-none-eabi/9.2.1/../../../arm-none-eabi/lib/thumb/v6-m/nofp/libg.a(lib_a-strlen-stub.o)

.debug_loc      0x0000000000000000     0xc438
 .debug_loc     0x0000000000000000      0x1bb CMakeFiles/basic_sweep.dir/basic_sweep.c.obj
 .debug_loc     0x00000000000001bb      0x2d7 CMakeFiles/basic_sweep.dir/home/aquila/pico/pico-sdk/src/rp2_common/pico_stdlib/stdlib.c.obj
 .debug_loc     0x0000000000000492      0xede CMakeFiles/basic_sweep.dir/home/aquila/pico/pico-sdk/src/rp2_common/hardware_gpio/gpio.c.obj
 .debug_loc     0x0000000000001370      0x45f CMakeFiles/basic_sweep.dir/home/aquila/pico/pico-sdk/src/rp2_common/hardware_claim/claim.c.obj
 .debug_loc     0x00000000000017cf       0xe9 CMakeFiles/basic_sweep.dir/home/aquila/pico/pico-sdk/src/rp2_common/pico_platform/platform.c.obj
 .debug_loc     0x00000000000018b8      0x233 CMakeFiles/basic_sweep.dir/home/aquila/pico/pico-sdk/src/rp2_common/hardware_sync/sync.c.obj
 .debug_loc     0x0000000000001aeb     0x2e2a CMakeFiles/basic_sweep.dir/home/aquila/pico/pico-sdk/src/common/pico_time/time.c.obj
 .debug_loc     0x0000000000004915      0x952 CMakeFiles/basic_sweep.dir/home/aquila/pico/pico-sdk/src/rp2_common/hardware_timer/timer.c.obj
 .debug_loc     0x0000000000005267       0x60 CMakeFiles/basic_sweep.dir/home/aquila/pico/pico-sdk/src/common/pico_sync/lock_core.c.obj
 .debug_loc     0x00000000000052c7      0xbf7 CMakeFiles/basic_sweep.dir/home/aquila/pico/pico-sdk/src/common/pico_sync/mutex.c.obj
 .debug_loc     0x0000000000005ebe     0x1412 CMakeFiles/basic_sweep.dir/home/aquila/pico/pico-sdk/src/common/pico_util/pheap.c.obj
 .debug_loc     0x00000000000072d0      0x3c6 CMakeFiles/basic_sweep.dir/home/aquila/pico/pico-sdk/src/rp2_common/pico_runtime/runtime.c.obj
 .debug_loc     0x0000000000007696      0x805 CMakeFiles/basic_sweep.dir/home/aquila/pico/pico-sdk/src/rp2_common/hardware_clocks/clocks.c.obj
 .debug_loc     0x0000000000007e9b     0x11a8 CMakeFiles/basic_sweep.dir/home/aquila/pico/pico-sdk/src/rp2_common/hardware_irq/irq.c.obj
 .debug_loc     0x0000000000009043      0x300 CMakeFiles/basic_sweep.dir/home/aquila/pico/pico-sdk/src/rp2_common/hardware_pll/pll.c.obj
 .debug_loc     0x0000000000009343      0x267 CMakeFiles/basic_sweep.dir/home/aquila/pico/pico-sdk/src/rp2_common/hardware_watchdog/watchdog.c.obj
 .debug_loc     0x00000000000095aa       0x71 CMakeFiles/basic_sweep.dir/home/aquila/pico/pico-sdk/src/rp2_common/hardware_xosc/xosc.c.obj
 .debug_loc     0x000000000000961b     0x210c CMakeFiles/basic_sweep.dir/home/aquila/pico/pico-sdk/src/rp2_common/pico_printf/printf.c.obj
 .debug_loc     0x000000000000b727      0x16f CMakeFiles/basic_sweep.dir/home/aquila/pico/pico-sdk/src/rp2_common/pico_bootrom/bootrom.c.obj
 .debug_loc     0x000000000000b896       0x59 CMakeFiles/basic_sweep.dir/home/aquila/pico/pico-sdk/src/rp2_common/pico_double/double_init_rom.c.obj
 .debug_loc     0x000000000000b8ef       0x73 CMakeFiles/basic_sweep.dir/home/aquila/pico/pico-sdk/src/rp2_common/pico_float/float_init_rom.c.obj
 .debug_loc     0x000000000000b962      0xa33 CMakeFiles/basic_sweep.dir/home/aquila/pico/pico-sdk/src/rp2_common/pico_stdio/stdio.c.obj
 .debug_loc     0x000000000000c395       0xa3 /usr/lib/gcc/arm-none-eabi/9.2.1/../../../arm-none-eabi/lib/thumb/v6-m/nofp/libg.a(lib_a-strlen-stub.o)

.debug_aranges  0x0000000000000000      0xd08
 .debug_aranges
                0x0000000000000000       0x28 CMakeFiles/basic_sweep.dir/basic_sweep.c.obj
 .debug_aranges
                0x0000000000000028       0x38 CMakeFiles/basic_sweep.dir/home/aquila/pico/pico-sdk/src/rp2_common/pico_stdlib/stdlib.c.obj
 .debug_aranges
                0x0000000000000060       0xd8 CMakeFiles/basic_sweep.dir/home/aquila/pico/pico-sdk/src/rp2_common/hardware_gpio/gpio.c.obj
 .debug_aranges
                0x0000000000000138       0x48 CMakeFiles/basic_sweep.dir/home/aquila/pico/pico-sdk/src/rp2_common/hardware_claim/claim.c.obj
 .debug_aranges
                0x0000000000000180       0x28 CMakeFiles/basic_sweep.dir/home/aquila/pico/pico-sdk/src/rp2_common/pico_platform/platform.c.obj
 .debug_aranges
                0x00000000000001a8       0x58 CMakeFiles/basic_sweep.dir/home/aquila/pico/pico-sdk/src/rp2_common/hardware_sync/sync.c.obj
 .debug_aranges
                0x0000000000000200       0xd0 CMakeFiles/basic_sweep.dir/home/aquila/pico/pico-sdk/src/common/pico_time/time.c.obj
 .debug_aranges
                0x00000000000002d0       0x78 CMakeFiles/basic_sweep.dir/home/aquila/pico/pico-sdk/src/rp2_common/hardware_timer/timer.c.obj
 .debug_aranges
                0x0000000000000348       0x20 CMakeFiles/basic_sweep.dir/home/aquila/pico/pico-sdk/src/common/pico_sync/lock_core.c.obj
 .debug_aranges
                0x0000000000000368       0x60 CMakeFiles/basic_sweep.dir/home/aquila/pico/pico-sdk/src/common/pico_sync/mutex.c.obj
 .debug_aranges
                0x00000000000003c8       0x78 CMakeFiles/basic_sweep.dir/home/aquila/pico/pico-sdk/src/common/pico_util/pheap.c.obj
 .debug_aranges
                0x0000000000000440       0x60 CMakeFiles/basic_sweep.dir/home/aquila/pico/pico-sdk/src/rp2_common/pico_runtime/runtime.c.obj
 .debug_aranges
                0x00000000000004a0       0x70 CMakeFiles/basic_sweep.dir/home/aquila/pico/pico-sdk/src/rp2_common/hardware_clocks/clocks.c.obj
 .debug_aranges
                0x0000000000000510       0x90 CMakeFiles/basic_sweep.dir/home/aquila/pico/pico-sdk/src/rp2_common/hardware_irq/irq.c.obj
 .debug_aranges
                0x00000000000005a0       0x20 CMakeFiles/basic_sweep.dir/home/aquila/pico/pico-sdk/src/rp2_common/hardware_irq/irq_handler_chain.S.obj
 .debug_aranges
                0x00000000000005c0       0x28 CMakeFiles/basic_sweep.dir/home/aquila/pico/pico-sdk/src/rp2_common/hardware_pll/pll.c.obj
 .debug_aranges
                0x00000000000005e8       0x50 CMakeFiles/basic_sweep.dir/home/aquila/pico/pico-sdk/src/rp2_common/hardware_watchdog/watchdog.c.obj
 .debug_aranges
                0x0000000000000638       0x30 CMakeFiles/basic_sweep.dir/home/aquila/pico/pico-sdk/src/rp2_common/hardware_xosc/xosc.c.obj
 .debug_aranges
                0x0000000000000668       0x90 CMakeFiles/basic_sweep.dir/home/aquila/pico/pico-sdk/src/rp2_common/pico_printf/printf.c.obj
 .debug_aranges
                0x00000000000006f8       0x68 CMakeFiles/basic_sweep.dir/home/aquila/pico/pico-sdk/src/rp2_common/pico_bit_ops/bit_ops_aeabi.S.obj
 .debug_aranges
                0x0000000000000760       0x30 CMakeFiles/basic_sweep.dir/home/aquila/pico/pico-sdk/src/rp2_common/pico_bootrom/bootrom.c.obj
 .debug_aranges
                0x0000000000000790       0x40 CMakeFiles/basic_sweep.dir/home/aquila/pico/pico-sdk/src/rp2_common/pico_divider/divider.S.obj
 .debug_aranges
                0x00000000000007d0      0x140 CMakeFiles/basic_sweep.dir/home/aquila/pico/pico-sdk/src/rp2_common/pico_double/double_aeabi.S.obj
 .debug_aranges
                0x0000000000000910       0x20 CMakeFiles/basic_sweep.dir/home/aquila/pico/pico-sdk/src/rp2_common/pico_double/double_init_rom.c.obj
 .debug_aranges
                0x0000000000000930       0xc8 CMakeFiles/basic_sweep.dir/home/aquila/pico/pico-sdk/src/rp2_common/pico_double/double_v1_rom_shim.S.obj
 .debug_aranges
                0x00000000000009f8      0x130 CMakeFiles/basic_sweep.dir/home/aquila/pico/pico-sdk/src/rp2_common/pico_float/float_aeabi.S.obj
 .debug_aranges
                0x0000000000000b28       0x20 CMakeFiles/basic_sweep.dir/home/aquila/pico/pico-sdk/src/rp2_common/pico_float/float_init_rom.c.obj
 .debug_aranges
                0x0000000000000b48       0x50 CMakeFiles/basic_sweep.dir/home/aquila/pico/pico-sdk/src/rp2_common/pico_float/float_v1_rom_shim.S.obj
 .debug_aranges
                0x0000000000000b98       0x38 CMakeFiles/basic_sweep.dir/home/aquila/pico/pico-sdk/src/rp2_common/pico_mem_ops/mem_ops_aeabi.S.obj
 .debug_aranges
                0x0000000000000bd0       0x28 CMakeFiles/basic_sweep.dir/home/aquila/pico/pico-sdk/src/rp2_common/pico_standard_link/crt0.S.obj
 .debug_aranges
                0x0000000000000bf8       0x18 CMakeFiles/basic_sweep.dir/home/aquila/pico/pico-sdk/src/rp2_common/pico_standard_link/binary_info.c.obj
 .debug_aranges
                0x0000000000000c10       0xb8 CMakeFiles/basic_sweep.dir/home/aquila/pico/pico-sdk/src/rp2_common/pico_stdio/stdio.c.obj
 .debug_aranges
                0x0000000000000cc8       0x20 /usr/lib/gcc/arm-none-eabi/9.2.1/thumb/v6-m/nofp/libgcc.a(_dvmd_tls.o)
 .debug_aranges
                0x0000000000000ce8       0x20 /usr/lib/gcc/arm-none-eabi/9.2.1/../../../arm-none-eabi/lib/thumb/v6-m/nofp/libg.a(lib_a-strlen-stub.o)

.debug_ranges   0x0000000000000000     0x2748
 .debug_ranges  0x0000000000000000       0x68 CMakeFiles/basic_sweep.dir/basic_sweep.c.obj
 .debug_ranges  0x0000000000000068       0x98 CMakeFiles/basic_sweep.dir/home/aquila/pico/pico-sdk/src/rp2_common/pico_stdlib/stdlib.c.obj
 .debug_ranges  0x0000000000000100       0xe0 CMakeFiles/basic_sweep.dir/home/aquila/pico/pico-sdk/src/rp2_common/hardware_gpio/gpio.c.obj
 .debug_ranges  0x00000000000001e0       0xd8 CMakeFiles/basic_sweep.dir/home/aquila/pico/pico-sdk/src/rp2_common/hardware_claim/claim.c.obj
 .debug_ranges  0x00000000000002b8       0x18 CMakeFiles/basic_sweep.dir/home/aquila/pico/pico-sdk/src/rp2_common/pico_platform/platform.c.obj
 .debug_ranges  0x00000000000002d0       0xf0 CMakeFiles/basic_sweep.dir/home/aquila/pico/pico-sdk/src/rp2_common/hardware_sync/sync.c.obj
 .debug_ranges  0x00000000000003c0      0xbc0 CMakeFiles/basic_sweep.dir/home/aquila/pico/pico-sdk/src/common/pico_time/time.c.obj
 .debug_ranges  0x0000000000000f80      0x320 CMakeFiles/basic_sweep.dir/home/aquila/pico/pico-sdk/src/rp2_common/hardware_timer/timer.c.obj
 .debug_ranges  0x00000000000012a0       0x10 CMakeFiles/basic_sweep.dir/home/aquila/pico/pico-sdk/src/common/pico_sync/lock_core.c.obj
 .debug_ranges  0x00000000000012b0      0x5c8 CMakeFiles/basic_sweep.dir/home/aquila/pico/pico-sdk/src/common/pico_sync/mutex.c.obj
 .debug_ranges  0x0000000000001878      0x230 CMakeFiles/basic_sweep.dir/home/aquila/pico/pico-sdk/src/common/pico_util/pheap.c.obj
 .debug_ranges  0x0000000000001aa8       0x68 CMakeFiles/basic_sweep.dir/home/aquila/pico/pico-sdk/src/rp2_common/pico_runtime/runtime.c.obj
 .debug_ranges  0x0000000000001b10       0x60 CMakeFiles/basic_sweep.dir/home/aquila/pico/pico-sdk/src/rp2_common/hardware_clocks/clocks.c.obj
 .debug_ranges  0x0000000000001b70      0x3b0 CMakeFiles/basic_sweep.dir/home/aquila/pico/pico-sdk/src/rp2_common/hardware_irq/irq.c.obj
 .debug_ranges  0x0000000000001f20       0x30 CMakeFiles/basic_sweep.dir/home/aquila/pico/pico-sdk/src/rp2_common/hardware_pll/pll.c.obj
 .debug_ranges  0x0000000000001f50       0x40 CMakeFiles/basic_sweep.dir/home/aquila/pico/pico-sdk/src/rp2_common/hardware_watchdog/watchdog.c.obj
 .debug_ranges  0x0000000000001f90       0x20 CMakeFiles/basic_sweep.dir/home/aquila/pico/pico-sdk/src/rp2_common/hardware_xosc/xosc.c.obj
 .debug_ranges  0x0000000000001fb0      0x120 CMakeFiles/basic_sweep.dir/home/aquila/pico/pico-sdk/src/rp2_common/pico_printf/printf.c.obj
 .debug_ranges  0x00000000000020d0       0x60 CMakeFiles/basic_sweep.dir/home/aquila/pico/pico-sdk/src/rp2_common/pico_bit_ops/bit_ops_aeabi.S.obj
 .debug_ranges  0x0000000000002130       0x38 CMakeFiles/basic_sweep.dir/home/aquila/pico/pico-sdk/src/rp2_common/pico_bootrom/bootrom.c.obj
 .debug_ranges  0x0000000000002168       0x38 CMakeFiles/basic_sweep.dir/home/aquila/pico/pico-sdk/src/rp2_common/pico_divider/divider.S.obj